Archive member included to satisfy reference by file (symbol)

/opt/arm-gnu-toolchain-14.2/bin/../lib/gcc/arm-none-eabi/14.2.1/../../../../arm-none-eabi/lib/thumb/v6-m/nofp/libstdc++_nano.a(guard.o)
                              build/debug/Task_Vofa.o (__cxa_guard_acquire)
/opt/arm-gnu-toolchain-14.2/bin/../lib/gcc/arm-none-eabi/14.2.1/../../../../arm-none-eabi/lib/thumb/v6-m/nofp/libm.a(libm_a-wf_fmod.o)
                              build/debug/StepperMotor_Loop.o (fmodf)
/opt/arm-gnu-toolchain-14.2/bin/../lib/gcc/arm-none-eabi/14.2.1/../../../../arm-none-eabi/lib/thumb/v6-m/nofp/libm.a(libm_a-ef_fmod.o)
                              /opt/arm-gnu-toolchain-14.2/bin/../lib/gcc/arm-none-eabi/14.2.1/../../../../arm-none-eabi/lib/thumb/v6-m/nofp/libm.a(libm_a-wf_fmod.o) (__ieee754_fmodf)
/opt/arm-gnu-toolchain-14.2/bin/../lib/gcc/arm-none-eabi/14.2.1/../../../../arm-none-eabi/lib/thumb/v6-m/nofp/libc_nano.a(libc_a-atof.o)
                              build/debug/Task_Vofa.o (atof)
/opt/arm-gnu-toolchain-14.2/bin/../lib/gcc/arm-none-eabi/14.2.1/../../../../arm-none-eabi/lib/thumb/v6-m/nofp/libc_nano.a(libc_a-exit.o)
                              /opt/arm-gnu-toolchain-14.2/bin/../lib/gcc/arm-none-eabi/14.2.1/../../../../arm-none-eabi/lib/thumb/v6-m/nofp/crt0.o (exit)
/opt/arm-gnu-toolchain-14.2/bin/../lib/gcc/arm-none-eabi/14.2.1/../../../../arm-none-eabi/lib/thumb/v6-m/nofp/libc_nano.a(libc_a-strtod.o)
                              /opt/arm-gnu-toolchain-14.2/bin/../lib/gcc/arm-none-eabi/14.2.1/../../../../arm-none-eabi/lib/thumb/v6-m/nofp/libc_nano.a(libc_a-atof.o) (strtod)
/opt/arm-gnu-toolchain-14.2/bin/../lib/gcc/arm-none-eabi/14.2.1/../../../../arm-none-eabi/lib/thumb/v6-m/nofp/libc_nano.a(libc_a-findfp.o)
                              /opt/arm-gnu-toolchain-14.2/bin/../lib/gcc/arm-none-eabi/14.2.1/../../../../arm-none-eabi/lib/thumb/v6-m/nofp/libc_nano.a(libc_a-exit.o) (__stdio_exit_handler)
/opt/arm-gnu-toolchain-14.2/bin/../lib/gcc/arm-none-eabi/14.2.1/../../../../arm-none-eabi/lib/thumb/v6-m/nofp/libc_nano.a(libc_a-fwalk.o)
                              /opt/arm-gnu-toolchain-14.2/bin/../lib/gcc/arm-none-eabi/14.2.1/../../../../arm-none-eabi/lib/thumb/v6-m/nofp/libc_nano.a(libc_a-findfp.o) (_fwalk_sglue)
/opt/arm-gnu-toolchain-14.2/bin/../lib/gcc/arm-none-eabi/14.2.1/../../../../arm-none-eabi/lib/thumb/v6-m/nofp/libc_nano.a(libc_a-sprintf.o)
                              build/debug/embedded_cli.o (sprintf)
/opt/arm-gnu-toolchain-14.2/bin/../lib/gcc/arm-none-eabi/14.2.1/../../../../arm-none-eabi/lib/thumb/v6-m/nofp/libc_nano.a(libc_a-stdio.o)
                              /opt/arm-gnu-toolchain-14.2/bin/../lib/gcc/arm-none-eabi/14.2.1/../../../../arm-none-eabi/lib/thumb/v6-m/nofp/libc_nano.a(libc_a-findfp.o) (__sread)
/opt/arm-gnu-toolchain-14.2/bin/../lib/gcc/arm-none-eabi/14.2.1/../../../../arm-none-eabi/lib/thumb/v6-m/nofp/libc_nano.a(libc_a-memmove.o)
                              build/debug/embedded_cli.o (memmove)
/opt/arm-gnu-toolchain-14.2/bin/../lib/gcc/arm-none-eabi/14.2.1/../../../../arm-none-eabi/lib/thumb/v6-m/nofp/libc_nano.a(libc_a-memset.o)
                              /opt/arm-gnu-toolchain-14.2/bin/../lib/gcc/arm-none-eabi/14.2.1/../../../../arm-none-eabi/lib/thumb/v6-m/nofp/crt0.o (memset)
/opt/arm-gnu-toolchain-14.2/bin/../lib/gcc/arm-none-eabi/14.2.1/../../../../arm-none-eabi/lib/thumb/v6-m/nofp/libc_nano.a(libc_a-strchr.o)
                              build/debug/embedded_cli.o (strchr)
/opt/arm-gnu-toolchain-14.2/bin/../lib/gcc/arm-none-eabi/14.2.1/../../../../arm-none-eabi/lib/thumb/v6-m/nofp/libc_nano.a(libc_a-strncmp.o)
                              build/debug/Task_Vofa.o (strncmp)
/opt/arm-gnu-toolchain-14.2/bin/../lib/gcc/arm-none-eabi/14.2.1/../../../../arm-none-eabi/lib/thumb/v6-m/nofp/libc_nano.a(libc_a-strncpy.o)
                              build/debug/CLI_Module.o (strncpy)
/opt/arm-gnu-toolchain-14.2/bin/../lib/gcc/arm-none-eabi/14.2.1/../../../../arm-none-eabi/lib/thumb/v6-m/nofp/libc_nano.a(libc_a-strnlen.o)
                              build/debug/CLI_Module.o (strnlen)
/opt/arm-gnu-toolchain-14.2/bin/../lib/gcc/arm-none-eabi/14.2.1/../../../../arm-none-eabi/lib/thumb/v6-m/nofp/libc_nano.a(libc_a-locale.o)
                              /opt/arm-gnu-toolchain-14.2/bin/../lib/gcc/arm-none-eabi/14.2.1/../../../../arm-none-eabi/lib/thumb/v6-m/nofp/libc_nano.a(libc_a-strtod.o) (__global_locale)
/opt/arm-gnu-toolchain-14.2/bin/../lib/gcc/arm-none-eabi/14.2.1/../../../../arm-none-eabi/lib/thumb/v6-m/nofp/libc_nano.a(libc_a-closer.o)
                              /opt/arm-gnu-toolchain-14.2/bin/../lib/gcc/arm-none-eabi/14.2.1/../../../../arm-none-eabi/lib/thumb/v6-m/nofp/libc_nano.a(libc_a-stdio.o) (_close_r)
/opt/arm-gnu-toolchain-14.2/bin/../lib/gcc/arm-none-eabi/14.2.1/../../../../arm-none-eabi/lib/thumb/v6-m/nofp/libc_nano.a(libc_a-reent.o)
[...]
Memory Configuration

Name             Origin             Length             Attributes
RAM              0x20000000         0x00009000         xrw
FLASH            0x08000000         0x00020000         xr
*default*        0x00000000         0xffffffff

Linker script and memory map

LOAD /opt/arm-gnu-toolchain-14.2/bin/../lib/gcc/arm-none-eabi/14.2.1/thumb/v6-m/nofp/crti.o
LOAD /opt/arm-gnu-toolchain-14.2/bin/../lib/gcc/arm-none-eabi/14.2.1/thumb/v6-m/nofp/crtbegin.o
LOAD /opt/arm-gnu-toolchain-14.2/bin/../lib/gcc/arm-none-eabi/14.2.1/../../../../arm-none-eabi/lib/thumb/v6-m/nofp/crt0.o
LOAD build/debug/adc.o
LOAD build/debug/app_freertos.o
LOAD build/debug/cmsis_os2.o
LOAD build/debug/croutine.o
LOAD build/debug/dma.o
LOAD build/debug/embedded_cli.o
LOAD build/debug/event_groups.o
LOAD build/debug/gpio.o
LOAD build/debug/heap_4.o
LOAD build/debug/i2c.o
LOAD build/debug/list.o
LOAD build/debug/port.o
LOAD build/debug/printf.o
LOAD build/debug/queue.o
LOAD build/debug/spi.o
LOAD build/debug/stm32g0xx_hal.o
LOAD build/debug/stm32g0xx_hal_adc.o
LOAD build/debug/stm32g0xx_hal_adc_ex.o
LOAD build/debug/stm32g0xx_hal_cortex.o
LOAD build/debug/stm32g0xx_hal_dma.o
LOAD build/debug/stm32g0xx_hal_dma_ex.o
LOAD build/debug/stm32g0xx_hal_exti.o
LOAD build/debug/stm32g0xx_hal_flash.o
LOAD build/debug/stm32g0xx_hal_flash_ex.o
LOAD build/debug/stm32g0xx_hal_gpio.o
LOAD build/debug/stm32g0xx_hal_i2c.o
LOAD build/debug/stm32g0xx_hal_i2c_ex.o
LOAD build/debug/stm32g0xx_hal_msp.o
LOAD build/debug/stm32g0xx_hal_pwr.o
LOAD build/debug/stm32g0xx_hal_pwr_ex.o
LOAD build/debug/stm32g0xx_hal_rcc.o
LOAD build/debug/stm32g0xx_hal_rcc_ex.o
LOAD build/debug/stm32g0xx_hal_spi.o
LOAD build/debug/stm32g0xx_hal_spi_ex.o
LOAD build/debug/stm32g0xx_hal_tim.o
LOAD build/debug/stm32g0xx_hal_tim_ex.o
LOAD build/debug/stm32g0xx_hal_timebase_tim.o
LOAD build/debug/stm32g0xx_hal_uart.o
LOAD build/debug/stm32g0xx_hal_uart_ex.o
LOAD build/debug/stm32g0xx_it.o
LOAD build/debug/stm32g0xx_ll_adc.o
LOAD build/debug/stm32g0xx_ll_rcc.o
LOAD build/debug/stream_buffer.o
LOAD build/debug/syscalls.o
LOAD build/debug/sysmem.o
LOAD build/debug/system_stm32g0xx.o
LOAD build/debug/tasks.o
LOAD build/debug/tim.o
LOAD build/debug/timers.o
LOAD build/debug/usart.o
LOAD build/debug/xlink_common.o
LOAD build/debug/BL24C16F.o
LOAD build/debug/CLI_Module.o
LOAD build/debug/HAL_System.o
LOAD build/debug/MC_Serial.o
LOAD build/debug/My_CLI.o
LOAD build/debug/My_Vofa.o
LOAD build/debug/Step.o
LOAD build/debug/StepperMotor_Loop.o
LOAD build/debug/Task_CLI.o
LOAD build/debug/Task_Launch.o
LOAD build/debug/Task_SystemInit.o
LOAD build/debug/Task_Test.o
LOAD build/debug/Task_Vofa.o
LOAD build/debug/avg_filter.o
LOAD build/debug/dynamic_pid.o
LOAD build/debug/ex_math.o
LOAD build/debug/kth_read.o
LOAD build/debug/lowpass_filter.o
LOAD build/debug/main.o
LOAD build/debug/my_tim.o
LOAD build/debug/parameter.o
LOAD build/debug/pid.o
LOAD build/debug/pid_Increment.o
LOAD build/debug/pll.o
LOAD build/debug/serial.o
LOAD build/debug/wave_generator.o
LOAD build/debug/win_filter.o
LOAD build/debug/startup_stm32g071xx.o
LOAD /opt/arm-gnu-toolchain-14.2/bin/../lib/gcc/arm-none-eabi/14.2.1/../../../../arm-none-eabi/lib/thumb/v6-m/nofp/libnosys.a
LOAD /opt/arm-gnu-toolchain-14.2/bin/../lib/gcc/arm-none-eabi/14.2.1/../../../../arm-none-eabi/lib/thumb/v6-m/nofp/libstdc++_nano.a
LOAD /opt/arm-gnu-toolchain-14.2/bin/../lib/gcc/arm-none-eabi/14.2.1/../../../../arm-none-eabi/lib/thumb/v6-m/nofp/libm.a
LOAD /opt/arm-gnu-toolchain-14.2/bin/../lib/gcc/arm-none-eabi/14.2.1/../../../../arm-none-eabi/lib/thumb/v6-m/nofp/libc_nano.a
START GROUP
LOAD /opt/arm-gnu-toolchain-14.2/bin/../lib/gcc/arm-none-eabi/14.2.1/thumb/v6-m/nofp/libgcc.a
LOAD /opt/arm-gnu-toolchain-14.2/bin/../lib/gcc/arm-none-eabi/14.2.1/../../../../arm-none-eabi/lib/thumb/v6-m/nofp/libc_nano.a
END GROUP
START GROUP
LOAD /opt/arm-gnu-toolchain-14.2/bin/../lib/gcc/arm-none-eabi/14.2.1/thumb/v6-m/nofp/libgcc.a
LOAD /opt/arm-gnu-toolchain-14.2/bin/../lib/gcc/arm-none-eabi/14.2.1/../../../../arm-none-eabi/lib/thumb/v6-m/nofp/libc_nano.a
END GROUP
LOAD /opt/arm-gnu-toolchain-14.2/bin/../lib/gcc/arm-none-eabi/14.2.1/thumb/v6-m/nofp/crtend.o
LOAD /opt/arm-gnu-toolchain-14.2/bin/../lib/gcc/arm-none-eabi/14.2.1/thumb/v6-m/nofp/crtn.o
                0x20009000                        _estack = (ORIGIN (RAM) + LENGTH (RAM))
                0x00000400                        _Min_Heap_Size = 0x400
                0x00000400                        _Min_Stack_Size = 0x400

.isr_vector     0x08000000       0xbc
                0x08000000                        . = ALIGN (0x4)
 *(.isr_vector)
 .isr_vector    0x08000000       0xbc build/debug/startup_stm32g071xx.o
                0x08000000                g_pfnVectors
                0x080000bc                        . = ALIGN (0x4)

.text           0x080000c0    0x134fc
                0x080000c0                        . = ALIGN (0x4)
 *(.text)
 .text          0x080000c0      0x400 build/debug/CLI_Module.o
                0x080000fc                CLI_Module::_process_task(void*)
                0x08000120                CLI_Module::init(char const*, unsigned short)
                0x08000208                CLI_Module::start()
                0x0800021c                CLI_Module::bind_write_data(void (*)(unsigned char*, unsigned short, void*), void*)
                0x0800022c                CLI_Module::bind_write_data(Serial*)
                0x08000244                CLI_Module::_low_level_receive_char(EmbeddedCli*, char)
                0x08000250                CLI_Module::receive_data(unsigned char*, unsigned short)
                0x08000294                CLI_Module::get_cli_module(int)
                0x080002b8                CLI_Module::get_cli_module(EmbeddedCli*)
                0x080002e4                CLI_Module::_low_level_write_char(EmbeddedCli*, char)
                0x08000304                CLI_Module::_low_level_write_string(EmbeddedCli*, char const*)
                0x08000324                CLI_Module::get_cli_module(Serial*)
                0x08000350                CLI_Module::start_all()
                0x0800037c                CLI_Module::execute_subcmd(CLI_Module*, char const*, void*)
                0x0800037e                CLI_Module::init_arg_list(char const**, char const*)
                0x080003c0                CLI_Module::print(char const*, ...)
                0x0800040e                CLI_Module::add_command(CliCommandBinding)
                0x08000452                CLI_Module::add_command_to_all(CliCommandBinding)
                0x080004a0                CLI_Module::add_command_to_all(char const*, char const*, bool, void*, void (*)(EmbeddedCli*, char*, void*))
 .text          0x080004c0       0x8c build/debug/HAL_System.o
                0x080004c0                HAL_System::period_elapsed_callback(__TIM_HandleTypeDef*)
                0x080004dc                HAL_System::init()
                0x080004fc                HAL_System::get_tick_us()
                0x08000514                HAL_System::get_tick_ms()
                0x08000530                HAL_System::delay_ms(unsigned long)
 .text          0x0800054c      0x190 build/debug/MC_Serial.o
                0x0800059c                MC_Serial::init()
                0x080005ec                printf_
                0x08000654                println
 .text          0x080006dc      0x1ac build/debug/My_CLI.o
                0x080006dc                start(EmbeddedCli*, char*, void*)
                0x08000700                stop(EmbeddedCli*, char*, void*)
                0x08000730                reset(EmbeddedCli*, char*, void*)
                0x08000758                set_dir(EmbeddedCli*, char*, void*)
                0x080007c8                set_fre(EmbeddedCli*, char*, void*)
                0x08000830                set_duty(EmbeddedCli*, char*, void*)
 .text          0x08000888      0x13c build/debug/My_Vofa.o
                0x08000888                My_Vofa_Callback(__UART_HandleTypeDef*, unsigned short)
                0x080008c8                Vofa_SendFireWater(__UART_HandleTypeDef*, float*, unsigned short, unsigned long)
                0x08000940                Vofa_SendFireWater_VA(__UART_HandleTypeDef*, unsigned short, ...)
                0x08000994                Vofa_Init(__UART_HandleTypeDef*)
 .text          0x080009c4      0x324 build/debug/Step.o
                0x08000a50                Step_Motor::Set_Motor_DTR(bool)
                0x08000a76                Step_Motor::Set_Motor_EN(bool)
                0x08000ab4                Step_Motor::Set_Motor_DutyCycle(float)
                0x08000b1c                Step_Motor::Set_Motor_Frequency(float)
                0x08000c24                Step_Motor::Motor_Init()
 .text          0x08000ce8      0x3e4 build/debug/StepperMotor_Loop.o
                0x08000dd0                StepperMotor::My_Stepper_Init()
                0x08000e34                StepperMotor::Update_Speed_Angle_LPFAndPLL()
                0x08000f80                StepperMotor::setFre()
                0x08000fc6                StepperMotor::Speed_Loop()
                0x08001018                StepperMotor::Position_Loop()
                0x08001068                StepperMotor::Step_Handler()
 .text          0x080010cc       0xe8 build/debug/Task_CLI.o
                0x080010e0                Task_CLI(void*)
 .text          0x080011b4       0x6c build/debug/Task_Launch.o
                0x080011b4                MC_TaskStart()
                0x08001218                MC_ScheduleStart
 .text          0x08001220       0x40 build/debug/Task_SystemInit.o
                0x08001220                Task_SystemInit(void*)
 .text          0x08001260       0x74 build/debug/Task_Test.o
                0x08001270                lajio()
                0x080012c0                Task_Test(void*)
 .text          0x080012d4      0x440 build/debug/Task_Vofa.o
                0x080012d4                vofa_sync_last(Vafa_data*)
                0x080012fc                vofa_data_init()
                0x08001400                vofa_update_mode(Work_Mode*, Work_Mode)
                0x08001450                vofa_update_if_changed(Vafa_data*, unsigned char, float*, bool)
                0x08001478                vofa_detect_changes(Vafa_data*)
                0x080014b2                Task_VofaRx(void*)
 .text          0x08001714       0xf6 build/debug/avg_filter.o
                0x08001714                AvgFilter::init(unsigned char)
                0x08001740                AvgFilter::filter(float)
                0x080017fa                AvgFilter::clear()
 *fill*         0x0800180a        0x2 
 .text          0x0800180c      0x510 build/debug/kth_read.o
                0x0800180c                KTH7111::KTH_CS_Enble(bool)
                0x08001826                KTH7111::SPI_Set_MOSI_Output()
                0x0800184e                KTH7111::SPI_Set_MOSI_Input()
                0x08001878                KTH7111::CRC8_ITU(unsigned char const*, unsigned char)
                0x080018b6                KTH7111::KTH7111_Send_JIAO_CMD()
                0x08001968                KTH7111::Get_KTH7111_Radian()
                0x0800196c                KTH7111::Get_KTH7111_Degree()
                0x08001970                KTH7111::KTH7111_ReadReg(unsigned char)
                0x08001a20                KTH7111::KTH7111_WriteReg(unsigned char, unsigned char)
                0x08001aec                KTH7111::KTH7111_RotationDirection(bool)
                0x08001b48                KTH7111::KTH7111_BurnMTP()
                0x08001b90                KTH7111::KTH7111_Init(bool)
                0x08001bb0                KTH7111::KTH7111_Read_MoreRegs(unsigned char*, unsigned char*, unsigned char)
                0x08001be2                KTH7111::KTH7111_Write_MoreRegs(unsigned char*, unsigned char*, unsigned char, bool)
                0x08001c26                KTH7111::KTH7111_Get_ANLC_Status()
                0x08001c36                KTH7111::KTH7111_ANLC_Calibration(unsigned long)
                0x08001ce8                KTH7111::SetZeroAngle_RuanJian(float)
                0x08001cea                KTH7111::KTH7111_SetNowZero()
 .text          0x08001d1c       0x7c build/debug/lowpass_filter.o
                0x08001d1c                LowpassFilter::init(float)
                0x08001d4c                LowpassFilter::filter(float)
                0x08001d70                LowpassFilter::filter_with_alpha(float, float)
                0x08001d92                LowpassFilter::clear()
 .text          0x08001d98       0xf4 build/debug/my_tim.o
                0x08001d98                My_Tim_Callback(__TIM_HandleTypeDef*)
                0x08001dd4                My_Tim_OC_Callback(__TIM_HandleTypeDef*)
                0x08001e20                My_Tim_Init(__TIM_HandleTypeDef*, ADC_HandleTypeDef*)
                0x08001e5c                M1_Tim_Callback(__TIM_HandleTypeDef*)
                0x08001e74                M2_Tim_Callback(__TIM_HandleTypeDef*)
 .text          0x08001e8c      0x1d4 build/debug/pll.o
                0x08001e8c                foc_pll_run(float, float, float*, float*, PLL_Parameter*)
 .text          0x08002060      0xa44 build/debug/serial.o
                0x08002060                Serial::get_serial(__UART_HandleTypeDef*)
                0x0800208c                Serial::generate_default_config(Serial_Config*)
                0x080020b4                Serial::_init_buf()
                0x080020fc                Serial::_init_queue()
                0x08002132                Serial::_init_semaphore()
                0x0800217c                Serial::_init_task()
                0x080021fc                Serial::_init_callback()
                0x08002240                Serial::_is_tx_busy(bool)
                0x080022a4                Serial::_update_info(short, short)
                0x080022d0                Serial::_rx_irq_start()
                0x08002344                Serial::init(char const*, Serial_Config*, __UART_HandleTypeDef*)
                0x08002468                Serial::init_with_default(char const*, __UART_HandleTypeDef*)
                0x08002488                Serial::_tx_irq_start(__DataPack_t*)
                0x080024f6                Serial::register_rx_msg_handler(void (*)(__DataPack_t*, Serial*, void*), void*)
                0x0800250a                Serial::_rx_callback(unsigned short)
                0x080025c0                Serial::_tx_callback()
                0x08002616                Serial::_error_callback()
                0x08002660                Serial::send_data(__DataPack_t*, bool)
                0x080027d0                Serial::send_data(unsigned char*, unsigned short, unsigned long)
                0x080027ec                Serial::send_data_from_isr(unsigned char*, unsigned short, unsigned long)
                0x0800295c                Serial::send_data_fast(unsigned char*, unsigned short)
                0x08002992                Serial::print(char const*, ...)
                0x080029fc                Serial::print_from_isr(char const*, ...)
                0x08002a48                Serial::_rx_task()
                0x08002a74                Serial::_tx_task()
                0x08002aa2                Serial::_error_handler(Serial_Error)
 .text          0x08002aa4       0x14 /opt/arm-gnu-toolchain-14.2/bin/../lib/gcc/arm-none-eabi/14.2.1/../../../../arm-none-eabi/lib/thumb/v6-m/nofp/libc_nano.a(libc_a-strcmp.o)
                0x08002aa4                strcmp
 .text          0x08002ab8        0xe /opt/arm-gnu-toolchain-14.2/bin/../lib/gcc/arm-none-eabi/14.2.1/../../../../arm-none-eabi/lib/thumb/v6-m/nofp/libc_nano.a(libc_a-strlen.o)
                0x08002ab8                strlen
 *fill*         0x08002ac6        0x2 
 .text          0x08002ac8       0x14 /opt/arm-gnu-toolchain-14.2/bin/../lib/gcc/arm-none-eabi/14.2.1/thumb/v6-m/nofp/libgcc.a(_thumb1_case_uqi.o)
                0x08002ac8                __gnu_thumb1_case_uqi
 .text          0x08002adc       0x14 /opt/arm-gnu-toolchain-14.2/bin/../lib/gcc/arm-none-eabi/14.2.1/thumb/v6-m/nofp/libgcc.a(_thumb1_case_shi.o)
                0x08002adc                __gnu_thumb1_case_shi
 .text          0x08002af0      0x114 /opt/arm-gnu-toolchain-14.2/bin/../lib/gcc/arm-none-eabi/14.2.1/thumb/v6-m/nofp/libgcc.a(_udivsi3.o)
                0x08002af0                __udivsi3
                0x08002af0                __aeabi_uidiv
                0x08002bfc                __aeabi_uidivmod
 .text          0x08002c04      0x1d4 /opt/arm-gnu-toolchain-14.2/bin/../lib/gcc/arm-none-eabi/14.2.1/thumb/v6-m/nofp/libgcc.a(_divsi3.o)
                0x08002c04                __aeabi_idiv
                0x08002c04                __divsi3
                0x08002dd0                __aeabi_idivmod
 .text          0x08002dd8        0x4 /opt/arm-gnu-toolchain-14.2/bin/../lib/gcc/arm-none-eabi/14.2.1/thumb/v6-m/nofp/libgcc.a(_dvmd_tls.o)
                0x08002dd8                __aeabi_ldiv0
                0x08002dd8                __aeabi_idiv0
 .text          0x08002ddc       0x7c /opt/arm-gnu-toolchain-14.2/bin/../lib/gcc/arm-none-eabi/14.2.1/thumb/v6-m/nofp/libgcc.a(_arm_cmpdf2.o)
                0x08002ddc                __aeabi_cdrcmple
                0x08002dec                __aeabi_cdcmple
                0x08002dec                __aeabi_cdcmpeq
                0x08002dfc                __aeabi_dcmpeq
                0x08002e08                __aeabi_dcmplt
                0x08002e1c                __aeabi_dcmple
                0x08002e30                __aeabi_dcmpgt
                0x08002e44                __aeabi_dcmpge
 .text          0x08002e58       0x74 /opt/arm-gnu-toolchain-14.2/bin/../lib/gcc/arm-none-eabi/14.2.1/thumb/v6-m/nofp/libgcc.a(_arm_cmpsf2.o)
                0x08002e58                __aeabi_cfrcmple
                0x08002e60                __aeabi_cfcmple
                0x08002e60                __aeabi_cfcmpeq
                0x08002e70                __aeabi_fcmpeq
                0x08002e7c                __aeabi_fcmplt
                0x08002e90                __aeabi_fcmple
                0x08002ea4                __aeabi_fcmpgt
                0x08002eb8                __aeabi_fcmpge
 .text          0x08002ecc       0x40 /opt/arm-gnu-toolchain-14.2/bin/../lib/gcc/arm-none-eabi/14.2.1/thumb/v6-m/nofp/libgcc.a(_aeabi_uldivmod.o)
                0x08002ecc                __aeabi_uldivmod
 .text          0x08002f0c       0x3c /opt/arm-gnu-toolchain-14.2/bin/../lib/gcc/arm-none-eabi/14.2.1/thumb/v6-m/nofp/libgcc.a(_clzsi2.o)
                0x08002f0c                __clzsi2
 .text          0x08002f48       0x18 /opt/arm-gnu-toolchain-14.2/bin/../lib/gcc/arm-none-eabi/14.2.1/thumb/v6-m/nofp/libgcc.a(_clzdi2.o)
                0x08002f48                __clzdi2
 *(.text*)
 .text.deregister_tm_clones
                0x08002f60       0x20 /opt/arm-gnu-toolchain-14.2/bin/../lib/gcc/arm-none-eabi/14.2.1/thumb/v6-m/nofp/crtbegin.o
 .text.register_tm_clones
                0x08002f80       0x28 /opt/arm-gnu-toolchain-14.2/bin/../lib/gcc/arm-none-eabi/14.2.1/thumb/v6-m/nofp/crtbegin.o
 .text.__do_global_dtors_aux
                0x08002fa8       0x2c /opt/arm-gnu-toolchain-14.2/bin/../lib/gcc/arm-none-eabi/14.2.1/thumb/v6-m/nofp/crtbegin.o
 .text.frame_dummy
                0x08002fd4       0x24 /opt/arm-gnu-toolchain-14.2/bin/../lib/gcc/arm-none-eabi/14.2.1/thumb/v6-m/nofp/crtbegin.o
 .text.MX_ADC1_Init
                0x08002ff8       0x7c build/debug/adc.o
                0x08002ff8                MX_ADC1_Init
 .text.HAL_ADC_MspInit
                0x08003074       0x98 build/debug/adc.o
                0x08003074                HAL_ADC_MspInit
 .text.MX_FREERTOS_Init
                0x0800310c        0x8 build/debug/app_freertos.o
                0x0800310c                MX_FREERTOS_Init
 .text.SysTick_Handler
                0x08003114       0x1c build/debug/cmsis_os2.o
                0x08003114                SysTick_Handler
 .text.osKernelInitialize
                0x08003130       0x28 build/debug/cmsis_os2.o
                0x08003130                osKernelInitialize
 .text.osKernelStart
                0x08003158       0x40 build/debug/cmsis_os2.o
                0x08003158                osKernelStart
 .text.vApplicationGetIdleTaskMemory
                0x08003198       0x18 build/debug/cmsis_os2.o
                0x08003198                vApplicationGetIdleTaskMemory
 .text.vApplicationGetTimerTaskMemory
                0x080031b0       0x18 build/debug/cmsis_os2.o
                0x080031b0                vApplicationGetTimerTaskMemory
 .text.MX_DMA_Init
                0x080031c8       0x50 build/debug/dma.o
                0x080031c8                MX_DMA_Init
 .text.writeToOutput
                0x08003218        0x8 build/debug/embedded_cli.o
 .text.printBindingHelp
                0x08003220       0x28 build/debug/embedded_cli.o
 .text.onUnknownCommand
                0x08003248       0x34 build/debug/embedded_cli.o
 .text.isControlChar
                0x0800327c       0x32 build/debug/embedded_cli.o
 .text.isDisplayableChar
                0x080032ae       0x10 build/debug/embedded_cli.o
 .text.fifoBufAvailable
                0x080032be       0x1a build/debug/embedded_cli.o
 .text.fifoBufPop
                0x080032d8       0x24 build/debug/embedded_cli.o
 .text.fifoBufPush
                0x080032fc       0x28 build/debug/embedded_cli.o
 .text.getTokenPosition
                0x08003324       0x44 build/debug/embedded_cli.o
 .text.clearCurrentLine
                0x08003368       0x3a build/debug/embedded_cli.o
 .text.getAutocompletedCommand
                0x080033a2       0xd4 build/debug/embedded_cli.o
 *fill*         0x08003476        0x2 
 .text.onAutocompleteRequest
                0x08003478       0xbc build/debug/embedded_cli.o
 .text.onCharInput
                0x08003534       0x68 build/debug/embedded_cli.o
 .text.moveCursor
                0x0800359c       0x40 build/debug/embedded_cli.o
 .text.printLiveAutocompletion
                0x080035dc       0x94 build/debug/embedded_cli.o
 .text.embeddedCliRequiredSize
                0x08003670       0x30 build/debug/embedded_cli.o
                0x08003670                embeddedCliRequiredSize
 .text.embeddedCliReceiveChar
                0x080036a0       0x1c build/debug/embedded_cli.o
                0x080036a0                embeddedCliReceiveChar
 .text.embeddedCliAddBinding
                0x080036bc       0x40 build/debug/embedded_cli.o
                0x080036bc                embeddedCliAddBinding
 .text.initInternalBindings
                0x080036fc       0x2c build/debug/embedded_cli.o
 .text.embeddedCliNew
                0x08003728       0xd0 build/debug/embedded_cli.o
                0x08003728                embeddedCliNew
 .text.embeddedCliTokenizeArgs
                0x080037f8       0x88 build/debug/embedded_cli.o
                0x080037f8                embeddedCliTokenizeArgs
 .text.embeddedCliGetToken
                0x08003880       0x1c build/debug/embedded_cli.o
                0x08003880                embeddedCliGetToken
 .text.historyGet
                0x0800389c       0x1c build/debug/embedded_cli.o
 .text.navigateHistory
                0x080038b8       0x98 build/debug/embedded_cli.o
 .text.onEscapedInput
                0x08003950       0x78 build/debug/embedded_cli.o
 .text.embeddedCliGetTokenVariable
                0x080039c8       0x1c build/debug/embedded_cli.o
                0x080039c8                embeddedCliGetTokenVariable
 .text.historyRemove
                0x080039e4       0x66 build/debug/embedded_cli.o
 .text.historyPut
                0x08003a4a       0x76 build/debug/embedded_cli.o
 .text.parseCommand
                0x08003ac0      0x15c build/debug/embedded_cli.o
 .text.onControlInput
                0x08003c1c       0xb8 build/debug/embedded_cli.o
 .text.embeddedCliProcess
                0x08003cd4       0xb0 build/debug/embedded_cli.o
                0x08003cd4                embeddedCliProcess
 .text.embeddedCliGetTokenCount
                0x08003d84       0x2e build/debug/embedded_cli.o
                0x08003d84                embeddedCliGetTokenCount
 *fill*         0x08003db2        0x2 
 .text.onHelp   0x08003db4      0x118 build/debug/embedded_cli.o
 .text.MX_GPIO_Init
                0x08003ecc       0xf4 build/debug/gpio.o
                0x08003ecc                MX_GPIO_Init
 .text.prvHeapInit
                0x08003fc0       0x64 build/debug/heap_4.o
 .text.prvInsertBlockIntoFreeList
                0x08004024       0x54 build/debug/heap_4.o
 .text.pvPortMalloc
                0x08004078       0xe4 build/debug/heap_4.o
                0x08004078                pvPortMalloc
 .text.vPortFree
                0x0800415c       0x5c build/debug/heap_4.o
                0x0800415c                vPortFree
 .text.MX_I2C2_Init
                0x080041b8       0x60 build/debug/i2c.o
                0x080041b8                MX_I2C2_Init
 .text.HAL_I2C_MspInit
                0x08004218       0x64 build/debug/i2c.o
                0x08004218                HAL_I2C_MspInit
 .text.vListInitialise
                0x0800427c       0x16 build/debug/list.o
                0x0800427c                vListInitialise
 .text.vListInitialiseItem
                0x08004292        0x6 build/debug/list.o
                0x08004292                vListInitialiseItem
 .text.vListInsertEnd
                0x08004298       0x16 build/debug/list.o
                0x08004298                vListInsertEnd
 .text.vListInsert
                0x080042ae       0x2e build/debug/list.o
                0x080042ae                vListInsert
 .text.uxListRemove
                0x080042dc       0x26 build/debug/list.o
                0x080042dc                uxListRemove
 *fill*         0x08004302        0x2 
 .text.prvTaskExitError
                0x08004304       0x24 build/debug/port.o
 *fill*         0x08004328        0x8 
 .text.vPortStartFirstTask
                0x08004330       0x34 build/debug/port.o
 .text.pxPortInitialiseStack
                0x08004364       0x24 build/debug/port.o
                0x08004364                pxPortInitialiseStack
 .text.SVC_Handler
                0x08004388        0x2 build/debug/port.o
                0x08004388                SVC_Handler
 *fill*         0x0800438a        0x2 
 .text.vPortYield
                0x0800438c       0x18 build/debug/port.o
                0x0800438c                vPortYield
 .text.vPortEnterCritical
                0x080043a4       0x18 build/debug/port.o
                0x080043a4                vPortEnterCritical
 .text.vPortExitCritical
                0x080043bc       0x20 build/debug/port.o
                0x080043bc                vPortExitCritical
 .text.ulSetInterruptMaskFromISR
                0x080043dc        0x8 build/debug/port.o
                0x080043dc                ulSetInterruptMaskFromISR
 .text.vClearInterruptMaskFromISR
                0x080043e4        0x6 build/debug/port.o
                0x080043e4                vClearInterruptMaskFromISR
 *fill*         0x080043ea        0x6 
 .text.PendSV_Handler
                0x080043f0       0x44 build/debug/port.o
                0x080043f0                PendSV_Handler
 .text.xPortSysTickHandler
                0x08004434       0x24 build/debug/port.o
                0x08004434                xPortSysTickHandler
 .text.vPortSetupTimerInterrupt
                0x08004458       0x34 build/debug/port.o
                0x08004458                vPortSetupTimerInterrupt
 .text.xPortStartScheduler
                0x0800448c       0x3c build/debug/port.o
                0x0800448c                xPortStartScheduler
 .text._out_buffer
                0x080044c8        0x8 build/debug/printf.o
 .text._out_null
                0x080044d0        0x2 build/debug/printf.o
 .text._atoi    0x080044d2       0x24 build/debug/printf.o
 .text._out_rev
                0x080044f6       0xb0 build/debug/printf.o
 .text._ntoa_format
                0x080045a6      0x10e build/debug/printf.o
 .text._ntoa_long
                0x080046b4       0xbc build/debug/printf.o
 .text._ntoa_long_long
                0x08004770      0x10e build/debug/printf.o
 *fill*         0x0800487e        0x2 
 .text._etoa    0x08004880      0x408 build/debug/printf.o
 .text._ftoa    0x08004c88      0x328 build/debug/printf.o
 .text._vsnprintf
                0x08004fb0      0x6a4 build/debug/printf.o
 .text.snprintf_
                0x08005654       0x28 build/debug/printf.o
                0x08005654                snprintf_
 .text.vsnprintf_
                0x0800567c       0x1c build/debug/printf.o
                0x0800567c                vsnprintf_
 .text.prvGetDisinheritPriorityAfterTimeout
                0x08005698       0x12 build/debug/queue.o
 .text.prvIsQueueFull
                0x080056aa       0x1e build/debug/queue.o
 .text.prvIsQueueEmpty
                0x080056c8       0x1c build/debug/queue.o
 .text.prvCopyDataToQueue
                0x080056e4       0x7e build/debug/queue.o
 .text.prvCopyDataFromQueue
                0x08005762       0x24 build/debug/queue.o
 .text.prvUnlockQueue
                0x08005786       0x72 build/debug/queue.o
 .text.xQueueGenericReset
                0x080057f8       0x6e build/debug/queue.o
                0x080057f8                xQueueGenericReset
 .text.prvInitialiseNewQueue
                0x08005866       0x22 build/debug/queue.o
 .text.xQueueGenericCreateStatic
                0x08005888       0x54 build/debug/queue.o
                0x08005888                xQueueGenericCreateStatic
 .text.xQueueGenericCreate
                0x080058dc       0x3c build/debug/queue.o
                0x080058dc                xQueueGenericCreate
 .text.xQueueGenericSend
                0x08005918      0x124 build/debug/queue.o
                0x08005918                xQueueGenericSend
 .text.xQueueGenericSendFromISR
                0x08005a3c       0xac build/debug/queue.o
                0x08005a3c                xQueueGenericSendFromISR
 .text.xQueueGiveFromISR
                0x08005ae8       0x86 build/debug/queue.o
                0x08005ae8                xQueueGiveFromISR
 .text.xQueueReceive
                0x08005b6e      0x116 build/debug/queue.o
                0x08005b6e                xQueueReceive
 .text.xQueueSemaphoreTake
                0x08005c84      0x156 build/debug/queue.o
                0x08005c84                xQueueSemaphoreTake
 .text.xQueueReceiveFromISR
                0x08005dda       0x96 build/debug/queue.o
                0x08005dda                xQueueReceiveFromISR
 .text.uxQueueMessagesWaiting
                0x08005e70       0x18 build/debug/queue.o
                0x08005e70                uxQueueMessagesWaiting
 .text.uxQueueMessagesWaitingFromISR
                0x08005e88        0xc build/debug/queue.o
                0x08005e88                uxQueueMessagesWaitingFromISR
 .text.vQueueAddToRegistry
                0x08005e94       0x24 build/debug/queue.o
                0x08005e94                vQueueAddToRegistry
 .text.vQueueWaitForMessageRestricted
                0x08005eb8       0x50 build/debug/queue.o
                0x08005eb8                vQueueWaitForMessageRestricted
 .text.MX_SPI1_Init
                0x08005f08       0x58 build/debug/spi.o
                0x08005f08                MX_SPI1_Init
 .text.MX_SPI2_Init
                0x08005f60       0x58 build/debug/spi.o
                0x08005f60                MX_SPI2_Init
 .text.HAL_SPI_MspInit
                0x08005fb8       0xa8 build/debug/spi.o
                0x08005fb8                HAL_SPI_MspInit
 .text.HAL_Init
                0x08006060       0x28 build/debug/stm32g0xx_hal.o
                0x08006060                HAL_Init
 .text.HAL_IncTick
                0x08006088       0x18 build/debug/stm32g0xx_hal.o
                0x08006088                HAL_IncTick
 .text.HAL_GetTick
                0x080060a0        0xc build/debug/stm32g0xx_hal.o
                0x080060a0                HAL_GetTick
 .text.HAL_ADC_Init
                0x080060ac      0x244 build/debug/stm32g0xx_hal_adc.o
                0x080060ac                HAL_ADC_Init
 .text.HAL_ADC_ConvCpltCallback
                0x080062f0        0x2 build/debug/stm32g0xx_hal_adc.o
                0x080062f0                HAL_ADC_ConvCpltCallback
 .text.HAL_ADC_ConvHalfCpltCallback
                0x080062f2        0x2 build/debug/stm32g0xx_hal_adc.o
                0x080062f2                HAL_ADC_ConvHalfCpltCallback
 .text.ADC_DMAHalfConvCplt
                0x080062f4        0xa build/debug/stm32g0xx_hal_adc.o
 .text.HAL_ADC_ErrorCallback
                0x080062fe        0x2 build/debug/stm32g0xx_hal_adc.o
                0x080062fe                HAL_ADC_ErrorCallback
 .text.ADC_DMAError
                0x08006300       0x1a build/debug/stm32g0xx_hal_adc.o
 *fill*         0x0800631a        0x2 
 .text.ADC_DMAConvCplt
                0x0800631c       0x80 build/debug/stm32g0xx_hal_adc.o
 .text.HAL_ADC_ConfigChannel
                0x0800639c      0x2a0 build/debug/stm32g0xx_hal_adc.o
                0x0800639c                HAL_ADC_ConfigChannel
 .text.ADC_Enable
                0x0800663c       0xcc build/debug/stm32g0xx_hal_adc.o
                0x0800663c                ADC_Enable
 .text.HAL_ADC_Start_DMA
                0x08006708       0xbc build/debug/stm32g0xx_hal_adc.o
                0x08006708                HAL_ADC_Start_DMA
 .text.__NVIC_SetPriority
                0x080067c4       0x60 build/debug/stm32g0xx_hal_cortex.o
 .text.__NVIC_SystemReset
                0x08006824       0x1c build/debug/stm32g0xx_hal_cortex.o
 .text.HAL_NVIC_SetPriority
                0x08006840        0x8 build/debug/stm32g0xx_hal_cortex.o
                0x08006840                HAL_NVIC_SetPriority
 .text.HAL_NVIC_EnableIRQ
                0x08006848       0x18 build/debug/stm32g0xx_hal_cortex.o
                0x08006848                HAL_NVIC_EnableIRQ
 .text.HAL_NVIC_SystemReset
                0x08006860        0x6 build/debug/stm32g0xx_hal_cortex.o
                0x08006860                HAL_NVIC_SystemReset
 *fill*         0x08006866        0x2 
 .text.DMA_SetConfig
                0x08006868       0x48 build/debug/stm32g0xx_hal_dma.o
 .text.DMA_CalcDMAMUXChannelBaseAndMask
                0x080068b0       0x38 build/debug/stm32g0xx_hal_dma.o
 .text.DMA_CalcDMAMUXRequestGenBaseAndMask
                0x080068e8       0x28 build/debug/stm32g0xx_hal_dma.o
 .text.HAL_DMA_Init
                0x08006910       0xb0 build/debug/stm32g0xx_hal_dma.o
                0x08006910                HAL_DMA_Init
 .text.HAL_DMA_Start_IT
                0x080069c0       0x9c build/debug/stm32g0xx_hal_dma.o
                0x080069c0                HAL_DMA_Start_IT
 .text.HAL_DMA_Abort
                0x08006a5c       0x80 build/debug/stm32g0xx_hal_dma.o
                0x08006a5c                HAL_DMA_Abort
 .text.HAL_DMA_Abort_IT
                0x08006adc       0x80 build/debug/stm32g0xx_hal_dma.o
                0x08006adc                HAL_DMA_Abort_IT
 .text.HAL_DMA_IRQHandler
                0x08006b5c       0xcc build/debug/stm32g0xx_hal_dma.o
                0x08006b5c                HAL_DMA_IRQHandler
 .text.HAL_DMA_GetError
                0x08006c28        0x4 build/debug/stm32g0xx_hal_dma.o
                0x08006c28                HAL_DMA_GetError
 .text.HAL_GPIO_Init
                0x08006c2c      0x174 build/debug/stm32g0xx_hal_gpio.o
                0x08006c2c                HAL_GPIO_Init
 .text.HAL_GPIO_WritePin
                0x08006da0        0xc build/debug/stm32g0xx_hal_gpio.o
                0x08006da0                HAL_GPIO_WritePin
 .text.HAL_I2C_Init
                0x08006dac       0xdc build/debug/stm32g0xx_hal_i2c.o
                0x08006dac                HAL_I2C_Init
 .text.HAL_I2CEx_ConfigAnalogFilter
                0x08006e88       0x58 build/debug/stm32g0xx_hal_i2c_ex.o
                0x08006e88                HAL_I2CEx_ConfigAnalogFilter
 .text.HAL_I2CEx_ConfigDigitalFilter
                0x08006ee0       0x54 build/debug/stm32g0xx_hal_i2c_ex.o
                0x08006ee0                HAL_I2CEx_ConfigDigitalFilter
 .text.HAL_MspInit
                0x08006f34       0x3c build/debug/stm32g0xx_hal_msp.o
                0x08006f34                HAL_MspInit
 .text.HAL_PWREx_ControlVoltageScaling
                0x08006f70       0x54 build/debug/stm32g0xx_hal_pwr_ex.o
                0x08006f70                HAL_PWREx_ControlVoltageScaling
 .text.HAL_RCC_OscConfig
                0x08006fc4      0x4b8 build/debug/stm32g0xx_hal_rcc.o
                0x08006fc4                HAL_RCC_OscConfig
 .text.HAL_RCC_GetSysClockFreq
                0x0800747c       0xb8 build/debug/stm32g0xx_hal_rcc.o
                0x0800747c                HAL_RCC_GetSysClockFreq
 .text.HAL_RCC_ClockConfig
                0x08007534      0x18c build/debug/stm32g0xx_hal_rcc.o
                0x08007534                HAL_RCC_ClockConfig
 .text.HAL_RCC_GetHCLKFreq
                0x080076c0        0xc build/debug/stm32g0xx_hal_rcc.o
                0x080076c0                HAL_RCC_GetHCLKFreq
 .text.HAL_RCC_GetPCLK1Freq
                0x080076cc       0x28 build/debug/stm32g0xx_hal_rcc.o
                0x080076cc                HAL_RCC_GetPCLK1Freq
 .text.HAL_RCC_GetClockConfig
                0x080076f4       0x34 build/debug/stm32g0xx_hal_rcc.o
                0x080076f4                HAL_RCC_GetClockConfig
 .text.HAL_RCCEx_PeriphCLKConfig
                0x08007728      0x248 build/debug/stm32g0xx_hal_rcc_ex.o
                0x08007728                HAL_RCCEx_PeriphCLKConfig
 .text.SPI_WaitFlagStateUntilTimeout
                0x08007970       0xe0 build/debug/stm32g0xx_hal_spi.o
 .text.SPI_WaitFifoStateUntilTimeout
                0x08007a50      0x10c build/debug/stm32g0xx_hal_spi.o
 .text.SPI_EndRxTxTransaction
                0x08007b5c       0x68 build/debug/stm32g0xx_hal_spi.o
 .text.SPI_EndRxTransaction
                0x08007bc4       0x90 build/debug/stm32g0xx_hal_spi.o
 .text.HAL_SPI_Init
                0x08007c54      0x104 build/debug/stm32g0xx_hal_spi.o
                0x08007c54                HAL_SPI_Init
 .text.HAL_SPI_Transmit
                0x08007d58      0x1c4 build/debug/stm32g0xx_hal_spi.o
                0x08007d58                HAL_SPI_Transmit
 .text.HAL_SPI_TransmitReceive
                0x08007f1c      0x268 build/debug/stm32g0xx_hal_spi.o
                0x08007f1c                HAL_SPI_TransmitReceive
 .text.HAL_SPI_Receive
                0x08008184      0x1bc build/debug/stm32g0xx_hal_spi.o
                0x08008184                HAL_SPI_Receive
 .text.HAL_TIM_PWM_MspInit
                0x08008340        0x2 build/debug/stm32g0xx_hal_tim.o
                0x08008340                HAL_TIM_PWM_MspInit
 .text.HAL_TIM_PeriodElapsedHalfCpltCallback
                0x08008342        0x2 build/debug/stm32g0xx_hal_tim.o
                0x08008342                HAL_TIM_PeriodElapsedHalfCpltCallback
 .text.HAL_TIM_OC_DelayElapsedCallback
                0x08008344        0x2 build/debug/stm32g0xx_hal_tim.o
                0x08008344                HAL_TIM_OC_DelayElapsedCallback
 .text.HAL_TIM_IC_CaptureCallback
                0x08008346        0x2 build/debug/stm32g0xx_hal_tim.o
                0x08008346                HAL_TIM_IC_CaptureCallback
 .text.HAL_TIM_IC_CaptureHalfCpltCallback
                0x08008348        0x2 build/debug/stm32g0xx_hal_tim.o
                0x08008348                HAL_TIM_IC_CaptureHalfCpltCallback
 .text.HAL_TIM_PWM_PulseFinishedCallback
                0x0800834a        0x2 build/debug/stm32g0xx_hal_tim.o
                0x0800834a                HAL_TIM_PWM_PulseFinishedCallback
 .text.HAL_TIM_PWM_PulseFinishedHalfCpltCallback
                0x0800834c        0x2 build/debug/stm32g0xx_hal_tim.o
                0x0800834c                HAL_TIM_PWM_PulseFinishedHalfCpltCallback
 .text.HAL_TIM_TriggerCallback
                0x0800834e        0x2 build/debug/stm32g0xx_hal_tim.o
                0x0800834e                HAL_TIM_TriggerCallback
 .text.HAL_TIM_TriggerHalfCpltCallback
                0x08008350        0x2 build/debug/stm32g0xx_hal_tim.o
                0x08008350                HAL_TIM_TriggerHalfCpltCallback
 .text.HAL_TIM_ErrorCallback
                0x08008352        0x2 build/debug/stm32g0xx_hal_tim.o
                0x08008352                HAL_TIM_ErrorCallback
 .text.TIM_OC1_SetConfig
                0x08008354       0x90 build/debug/stm32g0xx_hal_tim.o
 .text.TIM_OC3_SetConfig
                0x080083e4       0x94 build/debug/stm32g0xx_hal_tim.o
 .text.TIM_OC4_SetConfig
                0x08008478       0x74 build/debug/stm32g0xx_hal_tim.o
 .text.TIM_OC5_SetConfig
                0x080084ec       0x6c build/debug/stm32g0xx_hal_tim.o
 .text.TIM_OC6_SetConfig
                0x08008558       0x74 build/debug/stm32g0xx_hal_tim.o
 .text.TIM_TI1_ConfigInputStage
                0x080085cc       0x54 build/debug/stm32g0xx_hal_tim.o
 .text.TIM_TI2_ConfigInputStage
                0x08008620       0x3c build/debug/stm32g0xx_hal_tim.o
 .text.TIM_ITRx_SetConfig
                0x0800865c       0x14 build/debug/stm32g0xx_hal_tim.o
 .text.HAL_TIM_Base_Start_IT
                0x08008670       0x78 build/debug/stm32g0xx_hal_tim.o
                0x08008670                HAL_TIM_Base_Start_IT
 .text.HAL_TIM_IRQHandler
                0x080086e8      0x17c build/debug/stm32g0xx_hal_tim.o
                0x080086e8                HAL_TIM_IRQHandler
 .text.HAL_TIM_RegisterCallback
                0x08008864      0x154 build/debug/stm32g0xx_hal_tim.o
                0x08008864                HAL_TIM_RegisterCallback
 .text.TIM_Base_SetConfig
                0x080089b8       0xb0 build/debug/stm32g0xx_hal_tim.o
                0x080089b8                TIM_Base_SetConfig
 .text.TIM_OC2_SetConfig
                0x08008a68       0x84 build/debug/stm32g0xx_hal_tim.o
                0x08008a68                TIM_OC2_SetConfig
 .text.HAL_TIM_PWM_ConfigChannel
                0x08008aec      0x144 build/debug/stm32g0xx_hal_tim.o
                0x08008aec                HAL_TIM_PWM_ConfigChannel
 .text.TIM_ETR_SetConfig
                0x08008c30       0x18 build/debug/stm32g0xx_hal_tim.o
                0x08008c30                TIM_ETR_SetConfig
 .text.HAL_TIM_ConfigClockSource
                0x08008c48      0x108 build/debug/stm32g0xx_hal_tim.o
                0x08008c48                HAL_TIM_ConfigClockSource
 .text.TIM_CCxChannelCmd
                0x08008d50       0x1a build/debug/stm32g0xx_hal_tim.o
                0x08008d50                TIM_CCxChannelCmd
 *fill*         0x08008d6a        0x2 
 .text.HAL_TIM_OC_Start_IT
                0x08008d6c      0x184 build/debug/stm32g0xx_hal_tim.o
                0x08008d6c                HAL_TIM_OC_Start_IT
 .text.HAL_TIM_PWM_Start
                0x08008ef0      0x13c build/debug/stm32g0xx_hal_tim.o
                0x08008ef0                HAL_TIM_PWM_Start
 .text.TIM_ResetCallback
                0x0800902c       0x90 build/debug/stm32g0xx_hal_tim.o
                0x0800902c                TIM_ResetCallback
 .text.HAL_TIM_Base_Init
                0x080090bc       0x78 build/debug/stm32g0xx_hal_tim.o
                0x080090bc                HAL_TIM_Base_Init
 .text.HAL_TIM_PWM_Init
                0x08009134       0x78 build/debug/stm32g0xx_hal_tim.o
                0x08009134                HAL_TIM_PWM_Init
 .text.HAL_TIMEx_MasterConfigSynchronization
                0x080091ac       0x80 build/debug/stm32g0xx_hal_tim_ex.o
                0x080091ac                HAL_TIMEx_MasterConfigSynchronization
 .text.HAL_TIMEx_ConfigBreakDeadTime
                0x0800922c       0xc4 build/debug/stm32g0xx_hal_tim_ex.o
                0x0800922c                HAL_TIMEx_ConfigBreakDeadTime
 .text.HAL_TIMEx_CommutCallback
                0x080092f0        0x2 build/debug/stm32g0xx_hal_tim_ex.o
                0x080092f0                HAL_TIMEx_CommutCallback
 .text.HAL_TIMEx_CommutHalfCpltCallback
                0x080092f2        0x2 build/debug/stm32g0xx_hal_tim_ex.o
                0x080092f2                HAL_TIMEx_CommutHalfCpltCallback
 .text.HAL_TIMEx_BreakCallback
                0x080092f4        0x2 build/debug/stm32g0xx_hal_tim_ex.o
                0x080092f4                HAL_TIMEx_BreakCallback
 .text.HAL_TIMEx_Break2Callback
                0x080092f6        0x2 build/debug/stm32g0xx_hal_tim_ex.o
                0x080092f6                HAL_TIMEx_Break2Callback
 .text.HAL_InitTick
                0x080092f8       0xa4 build/debug/stm32g0xx_hal_timebase_tim.o
                0x080092f8                HAL_InitTick
 .text.HAL_UART_TxCpltCallback
                0x0800939c        0x2 build/debug/stm32g0xx_hal_uart.o
                0x0800939c                HAL_UART_TxCpltCallback
 .text.HAL_UART_TxHalfCpltCallback
                0x0800939e        0x2 build/debug/stm32g0xx_hal_uart.o
                0x0800939e                HAL_UART_TxHalfCpltCallback
 .text.HAL_UART_RxCpltCallback
                0x080093a0        0x2 build/debug/stm32g0xx_hal_uart.o
                0x080093a0                HAL_UART_RxCpltCallback
 .text.HAL_UART_RxHalfCpltCallback
                0x080093a2        0x2 build/debug/stm32g0xx_hal_uart.o
                0x080093a2                HAL_UART_RxHalfCpltCallback
 .text.HAL_UART_ErrorCallback
                0x080093a4        0x2 build/debug/stm32g0xx_hal_uart.o
                0x080093a4                HAL_UART_ErrorCallback
 .text.HAL_UART_AbortCpltCallback
                0x080093a6        0x2 build/debug/stm32g0xx_hal_uart.o
                0x080093a6                HAL_UART_AbortCpltCallback
 .text.HAL_UART_AbortTransmitCpltCallback
                0x080093a8        0x2 build/debug/stm32g0xx_hal_uart.o
                0x080093a8                HAL_UART_AbortTransmitCpltCallback
 .text.HAL_UART_AbortReceiveCpltCallback
                0x080093aa        0x2 build/debug/stm32g0xx_hal_uart.o
                0x080093aa                HAL_UART_AbortReceiveCpltCallback
 .text.HAL_UARTEx_RxEventCallback
                0x080093ac        0x2 build/debug/stm32g0xx_hal_uart.o
                0x080093ac                HAL_UARTEx_RxEventCallback
 *fill*         0x080093ae        0x2 
 .text.UART_EndTxTransfer
                0x080093b0       0x3c build/debug/stm32g0xx_hal_uart.o
 .text.UART_EndRxTransfer
                0x080093ec       0x64 build/debug/stm32g0xx_hal_uart.o
 .text.UART_DMATransmitCplt
                0x08009450       0x46 build/debug/stm32g0xx_hal_uart.o
 .text.UART_DMATxHalfCplt
                0x08009496        0xc build/debug/stm32g0xx_hal_uart.o
 *fill*         0x080094a2        0x2 
 .text.UART_DMAReceiveCplt
                0x080094a4       0xac build/debug/stm32g0xx_hal_uart.o
 .text.UART_DMARxHalfCplt
                0x08009550       0x3e build/debug/stm32g0xx_hal_uart.o
 .text.UART_DMAError
                0x0800958e       0x48 build/debug/stm32g0xx_hal_uart.o
 .text.UART_DMAAbortOnError
                0x080095d6        0xc build/debug/stm32g0xx_hal_uart.o
 .text.UART_TxISR_8BIT
                0x080095e2       0x5e build/debug/stm32g0xx_hal_uart.o
 .text.UART_TxISR_16BIT
                0x08009640       0x62 build/debug/stm32g0xx_hal_uart.o
 *fill*         0x080096a2        0x2 
 .text.UART_TxISR_8BIT_FIFOEN
                0x080096a4       0x78 build/debug/stm32g0xx_hal_uart.o
 .text.UART_TxISR_16BIT_FIFOEN
                0x0800971c       0x7c build/debug/stm32g0xx_hal_uart.o
 .text.UART_EndTransmit_IT
                0x08009798       0x2c build/debug/stm32g0xx_hal_uart.o
 .text.UART_RxISR_8BIT
                0x080097c4       0xe8 build/debug/stm32g0xx_hal_uart.o
 .text.UART_RxISR_16BIT
                0x080098ac       0xe4 build/debug/stm32g0xx_hal_uart.o
 .text.UART_RxISR_8BIT_FIFOEN
                0x08009990      0x1d0 build/debug/stm32g0xx_hal_uart.o
 .text.UART_RxISR_16BIT_FIFOEN
                0x08009b60      0x1d0 build/debug/stm32g0xx_hal_uart.o
 .text.HAL_UART_RegisterCallback
                0x08009d30       0xe0 build/debug/stm32g0xx_hal_uart.o
                0x08009d30                HAL_UART_RegisterCallback
 .text.HAL_UART_RegisterRxEventCallback
                0x08009e10       0x30 build/debug/stm32g0xx_hal_uart.o
                0x08009e10                HAL_UART_RegisterRxEventCallback
 .text.HAL_UART_Transmit_IT
                0x08009e40       0xd0 build/debug/stm32g0xx_hal_uart.o
                0x08009e40                HAL_UART_Transmit_IT
 .text.HAL_UART_Transmit_DMA
                0x08009f10       0xbc build/debug/stm32g0xx_hal_uart.o
                0x08009f10                HAL_UART_Transmit_DMA
 .text.HAL_UART_AbortReceive
                0x08009fcc       0xc4 build/debug/stm32g0xx_hal_uart.o
                0x08009fcc                HAL_UART_AbortReceive
 .text.HAL_UART_IRQHandler
                0x0800a090      0x340 build/debug/stm32g0xx_hal_uart.o
                0x0800a090                HAL_UART_IRQHandler
 .text.UART_InitCallbacksToDefault
                0x0800a3d0       0x7c build/debug/stm32g0xx_hal_uart.o
                0x0800a3d0                UART_InitCallbacksToDefault
 .text.UART_SetConfig
                0x0800a44c      0x2f0 build/debug/stm32g0xx_hal_uart.o
                0x0800a44c                UART_SetConfig
 .text.UART_AdvFeatureConfig
                0x0800a73c       0xe0 build/debug/stm32g0xx_hal_uart.o
                0x0800a73c                UART_AdvFeatureConfig
 .text.UART_WaitOnFlagUntilTimeout
                0x0800a81c       0x9e build/debug/stm32g0xx_hal_uart.o
                0x0800a81c                UART_WaitOnFlagUntilTimeout
 .text.HAL_UART_Transmit
                0x0800a8ba      0x10e build/debug/stm32g0xx_hal_uart.o
                0x0800a8ba                HAL_UART_Transmit
 .text.UART_CheckIdleState
                0x0800a9c8       0xd4 build/debug/stm32g0xx_hal_uart.o
                0x0800a9c8                UART_CheckIdleState
 .text.HAL_UART_Init
                0x0800aa9c       0x8c build/debug/stm32g0xx_hal_uart.o
                0x0800aa9c                HAL_UART_Init
 .text.UART_Start_Receive_IT
                0x0800ab28      0x164 build/debug/stm32g0xx_hal_uart.o
                0x0800ab28                UART_Start_Receive_IT
 .text.UART_Start_Receive_DMA
                0x0800ac8c       0xb4 build/debug/stm32g0xx_hal_uart.o
                0x0800ac8c                UART_Start_Receive_DMA
 .text.UARTEx_SetNbDataToProcess
                0x0800ad40       0x50 build/debug/stm32g0xx_hal_uart_ex.o
 .text.HAL_UARTEx_WakeupCallback
                0x0800ad90        0x2 build/debug/stm32g0xx_hal_uart_ex.o
                0x0800ad90                HAL_UARTEx_WakeupCallback
 .text.HAL_UARTEx_RxFifoFullCallback
                0x0800ad92        0x2 build/debug/stm32g0xx_hal_uart_ex.o
                0x0800ad92                HAL_UARTEx_RxFifoFullCallback
 .text.HAL_UARTEx_TxFifoEmptyCallback
                0x0800ad94        0x2 build/debug/stm32g0xx_hal_uart_ex.o
                0x0800ad94                HAL_UARTEx_TxFifoEmptyCallback
 *fill*         0x0800ad96        0x2 
 .text.HAL_UARTEx_DisableFifoMode
                0x0800ad98       0x40 build/debug/stm32g0xx_hal_uart_ex.o
                0x0800ad98                HAL_UARTEx_DisableFifoMode
 .text.HAL_UARTEx_SetTxFifoThreshold
                0x0800add8       0x4a build/debug/stm32g0xx_hal_uart_ex.o
                0x0800add8                HAL_UARTEx_SetTxFifoThreshold
 *fill*         0x0800ae22        0x2 
 .text.HAL_UARTEx_SetRxFifoThreshold
                0x0800ae24       0x50 build/debug/stm32g0xx_hal_uart_ex.o
                0x0800ae24                HAL_UARTEx_SetRxFifoThreshold
 .text.HAL_UARTEx_ReceiveToIdle_IT
                0x0800ae74       0x70 build/debug/stm32g0xx_hal_uart_ex.o
                0x0800ae74                HAL_UARTEx_ReceiveToIdle_IT
 .text.HAL_UARTEx_ReceiveToIdle_DMA
                0x0800aee4       0x72 build/debug/stm32g0xx_hal_uart_ex.o
                0x0800aee4                HAL_UARTEx_ReceiveToIdle_DMA
 .text.NMI_Handler
                0x0800af56        0x2 build/debug/stm32g0xx_it.o
                0x0800af56                NMI_Handler
 .text.HardFault_Handler
                0x0800af58        0x2 build/debug/stm32g0xx_it.o
                0x0800af58                HardFault_Handler
 *fill*         0x0800af5a        0x2 
 .text.DMA1_Channel1_IRQHandler
                0x0800af5c       0x10 build/debug/stm32g0xx_it.o
                0x0800af5c                DMA1_Channel1_IRQHandler
 .text.DMA1_Channel2_3_IRQHandler
                0x0800af6c       0x18 build/debug/stm32g0xx_it.o
                0x0800af6c                DMA1_Channel2_3_IRQHandler
 .text.DMA1_Ch4_7_DMAMUX1_OVR_IRQHandler
                0x0800af84       0x18 build/debug/stm32g0xx_it.o
                0x0800af84                DMA1_Ch4_7_DMAMUX1_OVR_IRQHandler
 .text.TIM1_BRK_UP_TRG_COM_IRQHandler
                0x0800af9c       0x10 build/debug/stm32g0xx_it.o
                0x0800af9c                TIM1_BRK_UP_TRG_COM_IRQHandler
 .text.TIM1_CC_IRQHandler
                0x0800afac       0x10 build/debug/stm32g0xx_it.o
                0x0800afac                TIM1_CC_IRQHandler
 .text.TIM2_IRQHandler
                0x0800afbc       0x10 build/debug/stm32g0xx_it.o
                0x0800afbc                TIM2_IRQHandler
 .text.TIM3_IRQHandler
                0x0800afcc       0x10 build/debug/stm32g0xx_it.o
                0x0800afcc                TIM3_IRQHandler
 .text.TIM15_IRQHandler
                0x0800afdc       0x10 build/debug/stm32g0xx_it.o
                0x0800afdc                TIM15_IRQHandler
 .text.TIM17_IRQHandler
                0x0800afec       0x10 build/debug/stm32g0xx_it.o
                0x0800afec                TIM17_IRQHandler
 .text.USART2_IRQHandler
                0x0800affc       0x10 build/debug/stm32g0xx_it.o
                0x0800affc                USART2_IRQHandler
 .text.USART3_4_LPUART1_IRQHandler
                0x0800b00c       0x10 build/debug/stm32g0xx_it.o
                0x0800b00c                USART3_4_LPUART1_IRQHandler
 .text._getpid  0x0800b01c        0x4 build/debug/syscalls.o
                0x0800b01c                _getpid
 .text._kill    0x0800b020       0x10 build/debug/syscalls.o
                0x0800b020                _kill
 .text._exit    0x0800b030        0xc build/debug/syscalls.o
                0x0800b030                _exit
 .text._read    0x0800b03c       0x1c build/debug/syscalls.o
                0x0800b03c                _read
 .text._write   0x0800b058       0x1c build/debug/syscalls.o
                0x0800b058                _write
 .text._close   0x0800b074        0x6 build/debug/syscalls.o
                0x0800b074                _close
 .text._fstat   0x0800b07a        0xa build/debug/syscalls.o
                0x0800b07a                _fstat
 .text._isatty  0x0800b084        0x4 build/debug/syscalls.o
                0x0800b084                _isatty
 .text._lseek   0x0800b088        0x4 build/debug/syscalls.o
                0x0800b088                _lseek
 .text._sbrk    0x0800b08c       0x48 build/debug/sysmem.o
                0x0800b08c                _sbrk
 .text.SystemInit
                0x0800b0d4        0x2 build/debug/system_stm32g0xx.o
                0x0800b0d4                SystemInit
 *fill*         0x0800b0d6        0x2 
 .text.prvTaskIsTaskSuspended
                0x0800b0d8       0x34 build/debug/tasks.o
 .text.prvResetNextTaskUnblockTime
                0x0800b10c       0x2c build/debug/tasks.o
 .text.prvInitialiseNewTask
                0x0800b138       0xa8 build/debug/tasks.o
 .text.prvInitialiseTaskLists
                0x0800b1e0       0x68 build/debug/tasks.o
 .text.prvAddNewTaskToReadyList
                0x0800b248       0xa4 build/debug/tasks.o
 .text.prvDeleteTCB
                0x0800b2ec       0x2c build/debug/tasks.o
 .text.prvCheckTasksWaitingTermination
                0x0800b318       0x44 build/debug/tasks.o
 .text.prvIdleTask
                0x0800b35c       0x18 build/debug/tasks.o
 .text.prvAddCurrentTaskToDelayedList
                0x0800b374       0x7c build/debug/tasks.o
 .text.xTaskCreateStatic
                0x0800b3f0       0x54 build/debug/tasks.o
                0x0800b3f0                xTaskCreateStatic
 .text.xTaskCreate
                0x0800b444       0x5e build/debug/tasks.o
                0x0800b444                xTaskCreate
 *fill*         0x0800b4a2        0x2 
 .text.vTaskDelete
                0x0800b4a4       0xa0 build/debug/tasks.o
                0x0800b4a4                vTaskDelete
 .text.vTaskResume
                0x0800b544       0x6c build/debug/tasks.o
                0x0800b544                vTaskResume
 .text.vTaskStartScheduler
                0x0800b5b0       0x7c build/debug/tasks.o
                0x0800b5b0                vTaskStartScheduler
 .text.vTaskSuspendAll
                0x0800b62c       0x10 build/debug/tasks.o
                0x0800b62c                vTaskSuspendAll
 .text.xTaskGetTickCount
                0x0800b63c        0xc build/debug/tasks.o
                0x0800b63c                xTaskGetTickCount
 .text.xTaskIncrementTick
                0x0800b648      0x114 build/debug/tasks.o
                0x0800b648                xTaskIncrementTick
 .text.xTaskResumeAll
                0x0800b75c       0xe8 build/debug/tasks.o
                0x0800b75c                xTaskResumeAll
 .text.vTaskDelay
                0x0800b844       0x30 build/debug/tasks.o
                0x0800b844                vTaskDelay
 .text.vTaskSwitchContext
                0x0800b874       0x90 build/debug/tasks.o
                0x0800b874                vTaskSwitchContext
 .text.vTaskSuspend
                0x0800b904       0xac build/debug/tasks.o
                0x0800b904                vTaskSuspend
 .text.vTaskPlaceOnEventList
                0x0800b9b0       0x24 build/debug/tasks.o
                0x0800b9b0                vTaskPlaceOnEventList
 .text.vTaskPlaceOnEventListRestricted
                0x0800b9d4       0x30 build/debug/tasks.o
                0x0800b9d4                vTaskPlaceOnEventListRestricted
 .text.xTaskRemoveFromEventList
                0x0800ba04       0x84 build/debug/tasks.o
                0x0800ba04                xTaskRemoveFromEventList
 .text.vTaskInternalSetTimeOutState
                0x0800ba88       0x18 build/debug/tasks.o
                0x0800ba88                vTaskInternalSetTimeOutState
 .text.xTaskCheckForTimeOut
                0x0800baa0       0x68 build/debug/tasks.o
                0x0800baa0                xTaskCheckForTimeOut
 .text.vTaskMissedYield
                0x0800bb08        0xc build/debug/tasks.o
                0x0800bb08                vTaskMissedYield
 .text.xTaskGetSchedulerState
                0x0800bb14       0x24 build/debug/tasks.o
                0x0800bb14                xTaskGetSchedulerState
 .text.xTaskPriorityInherit
                0x0800bb38       0x94 build/debug/tasks.o
                0x0800bb38                xTaskPriorityInherit
 .text.xTaskPriorityDisinherit
                0x0800bbcc       0x78 build/debug/tasks.o
                0x0800bbcc                xTaskPriorityDisinherit
 .text.vTaskPriorityDisinheritAfterTimeout
                0x0800bc44       0x84 build/debug/tasks.o
                0x0800bc44                vTaskPriorityDisinheritAfterTimeout
 .text.pvTaskIncrementMutexHeldCount
                0x0800bcc8       0x1c build/debug/tasks.o
                0x0800bcc8                pvTaskIncrementMutexHeldCount
 .text.MX_TIM3_Init
                0x0800bce4       0xb4 build/debug/tim.o
                0x0800bce4                MX_TIM3_Init
 .text.MX_TIM15_Init
                0x0800bd98       0x80 build/debug/tim.o
                0x0800bd98                MX_TIM15_Init
 .text.HAL_TIM_Base_MspInit
                0x0800be18      0x110 build/debug/tim.o
                0x0800be18                HAL_TIM_Base_MspInit
 .text.HAL_TIM_MspPostInit
                0x0800bf28       0x80 build/debug/tim.o
                0x0800bf28                HAL_TIM_MspPostInit
 .text.MX_TIM1_Init
                0x0800bfa8      0x10c build/debug/tim.o
                0x0800bfa8                MX_TIM1_Init
 .text.MX_TIM2_Init
                0x0800c0b4       0xc0 build/debug/tim.o
                0x0800c0b4                MX_TIM2_Init
 .text.prvGetNextExpireTime
                0x0800c174       0x24 build/debug/timers.o
 .text.prvInsertTimerInActiveList
                0x0800c198       0x48 build/debug/timers.o
 .text.prvCheckForValidListAndQueue
                0x0800c1e0       0x70 build/debug/timers.o
 .text.xTimerCreateTimerTask
                0x0800c250       0x5c build/debug/timers.o
                0x0800c250                xTimerCreateTimerTask
 .text.xTimerGenericCommand
                0x0800c2ac       0x60 build/debug/timers.o
                0x0800c2ac                xTimerGenericCommand
 .text.prvSwitchTimerLists
                0x0800c30c       0x70 build/debug/timers.o
 .text.prvSampleTimeNow
                0x0800c37c       0x2c build/debug/timers.o
 .text.prvProcessExpiredTimer
                0x0800c3a8       0x5c build/debug/timers.o
 .text.prvProcessTimerOrBlockTask
                0x0800c404       0x70 build/debug/timers.o
 .text.prvProcessReceivedCommands
                0x0800c474       0xe8 build/debug/timers.o
 .text.prvTimerTask
                0x0800c55c       0x16 build/debug/timers.o
 *fill*         0x0800c572        0x2 
 .text.MX_USART2_UART_Init
                0x0800c574       0x70 build/debug/usart.o
                0x0800c574                MX_USART2_UART_Init
 .text.MX_USART3_UART_Init
                0x0800c5e4       0x3c build/debug/usart.o
                0x0800c5e4                MX_USART3_UART_Init
 .text.HAL_UART_MspInit
                0x0800c620      0x1fc build/debug/usart.o
                0x0800c620                HAL_UART_MspInit
 .text._ZN6SerialC2Ev
                0x0800c81c       0x38 build/debug/MC_Serial.o
                0x0800c81c                Serial::Serial()
                0x0800c81c                Serial::Serial()
 .text._ZN13PID_Increment6updateEf
                0x0800c854       0xa6 build/debug/StepperMotor_Loop.o
                0x0800c854                PID_Increment::update(float)
 *fill*         0x0800c8fa        0x2 
 .text._ZN12StepperMotorC2EP10Step_MotorP7KTH7111ffffffbP12GPIO_TypeDeft
                0x0800c8fc       0xcc build/debug/StepperMotor_Loop.o
                0x0800c8fc                StepperMotor::StepperMotor(Step_Motor*, KTH7111*, float, float, float, float, float, float, bool, GPIO_TypeDef*, unsigned short)
                0x0800c8fc                StepperMotor::StepperMotor(Step_Motor*, KTH7111*, float, float, float, float, float, float, bool, GPIO_TypeDef*, unsigned short)
 .text._ZN7VoFA_Rx3getEPKcf
                0x0800c9c8       0x54 build/debug/Task_Vofa.o
                0x0800c9c8                VoFA_Rx::get(char const*, float)
 .text._ZN7VoFA_Rx14vofa_get_batchEPS_PPKcPfh
                0x0800ca1c       0x90 build/debug/Task_Vofa.o
                0x0800ca1c                VoFA_Rx::vofa_get_batch(VoFA_Rx*, char const**, float*, unsigned char)
 .text._ZN7VoFA_Rx5_findEPKc
                0x0800caac       0x80 build/debug/Task_Vofa.o
                0x0800caac                VoFA_Rx::_find(char const*)
 .text._ZN7VoFA_Rx5parseEv
                0x0800cb2c       0xb4 build/debug/Task_Vofa.o
                0x0800cb2c                VoFA_Rx::parse()
 .text.HAL_TIM_PeriodElapsedCallback
                0x0800cbe0       0x18 build/debug/main.o
                0x0800cbe0                HAL_TIM_PeriodElapsedCallback
 .text.Error_Handler
                0x0800cbf8        0x4 build/debug/main.o
                0x0800cbf8                Error_Handler
 .text.SystemClock_Config
                0x0800cbfc       0x80 build/debug/main.o
                0x0800cbfc                SystemClock_Config
 .text.main     0x0800cc7c       0x48 build/debug/main.o
                0x0800cc7c                main
 .text.Reset_Handler
                0x0800ccc4       0x50 build/debug/startup_stm32g071xx.o
                0x0800ccc4                Reset_Handler
 .text.Default_Handler
                0x0800cd14        0x2 build/debug/startup_stm32g071xx.o
                0x0800cd14                ADC1_COMP_IRQHandler
                0x0800cd14                PVD_IRQHandler
                0x0800cd14                I2C1_IRQHandler
                0x0800cd14                TIM7_LPTIM2_IRQHandler
                0x0800cd14                RTC_TAMP_IRQHandler
                0x0800cd14                SPI1_IRQHandler
                0x0800cd14                EXTI2_3_IRQHandler
                0x0800cd14                I2C2_IRQHandler
                0x0800cd14                TIM16_IRQHandler
                0x0800cd14                EXTI4_15_IRQHandler
                0x0800cd14                RCC_IRQHandler
                0x0800cd14                Default_Handler
                0x0800cd14                CEC_IRQHandler
                0x0800cd14                TIM14_IRQHandler
                0x0800cd14                EXTI0_1_IRQHandler
                0x0800cd14                SPI2_IRQHandler
                0x0800cd14                TIM6_DAC_LPTIM1_IRQHandler
                0x0800cd14                WWDG_IRQHandler
                0x0800cd14                UCPD1_2_IRQHandler
                0x0800cd14                FLASH_IRQHandler
                0x0800cd14                USART1_IRQHandler
 .text.__cxa_guard_acquire
                0x0800cd16       0x1a /opt/arm-gnu-toolchain-14.2/bin/../lib/gcc/arm-none-eabi/14.2.1/../../../../arm-none-eabi/lib/thumb/v6-m/nofp/libstdc++_nano.a(guard.o)
                0x0800cd16                __cxa_guard_acquire
 .text.__cxa_guard_release
                0x0800cd30        0x6 /opt/arm-gnu-toolchain-14.2/bin/../lib/gcc/arm-none-eabi/14.2.1/../../../../arm-none-eabi/lib/thumb/v6-m/nofp/libstdc++_nano.a(guard.o)
                0x0800cd30                __cxa_guard_release
 *fill*         0x0800cd36        0x2 
 .text.fmodf    0x0800cd38       0x3c /opt/arm-gnu-toolchain-14.2/bin/../lib/gcc/arm-none-eabi/14.2.1/../../../../arm-none-eabi/lib/thumb/v6-m/nofp/libm.a(libm_a-wf_fmod.o)
                0x0800cd38                fmodf
 .text.__ieee754_fmodf
                0x0800cd74      0x158 /opt/arm-gnu-toolchain-14.2/bin/../lib/gcc/arm-none-eabi/14.2.1/../../../../arm-none-eabi/lib/thumb/v6-m/nofp/libm.a(libm_a-ef_fmod.o)
                0x0800cd74                __ieee754_fmodf
 .text.atof     0x0800cecc        0xa /opt/arm-gnu-toolchain-14.2/bin/../lib/gcc/arm-none-eabi/14.2.1/../../../../arm-none-eabi/lib/thumb/v6-m/nofp/libc_nano.a(libc_a-atof.o)
                0x0800cecc                atof
 *fill*         0x0800ced6        0x2 
 .text.sulp     0x0800ced8       0x30 /opt/arm-gnu-toolchain-14.2/bin/../lib/gcc/arm-none-eabi/14.2.1/../../../../arm-none-eabi/lib/thumb/v6-m/nofp/libc_nano.a(libc_a-strtod.o)
 .text._strtod_l
                0x0800cf08      0xc04 /opt/arm-gnu-toolchain-14.2/bin/../lib/gcc/arm-none-eabi/14.2.1/../../../../arm-none-eabi/lib/thumb/v6-m/nofp/libc_nano.a(libc_a-strtod.o)
                0x0800cf08                _strtod_l
 .text.strtod   0x0800db0c       0x1c /opt/arm-gnu-toolchain-14.2/bin/../lib/gcc/arm-none-eabi/14.2.1/../../../../arm-none-eabi/lib/thumb/v6-m/nofp/libc_nano.a(libc_a-strtod.o)
                0x0800db0c                strtod
 .text.strtof   0x0800db28       0xc0 /opt/arm-gnu-toolchain-14.2/bin/../lib/gcc/arm-none-eabi/14.2.1/../../../../arm-none-eabi/lib/thumb/v6-m/nofp/libc_nano.a(libc_a-strtod.o)
                0x0800db28                strtof
 .text.std      0x0800dbe8       0x6c /opt/arm-gnu-toolchain-14.2/bin/../lib/gcc/arm-none-eabi/14.2.1/../../../../arm-none-eabi/lib/thumb/v6-m/nofp/libc_nano.a(libc_a-findfp.o)
 .text.stdio_exit_handler
                0x0800dc54       0x1c /opt/arm-gnu-toolchain-14.2/bin/../lib/gcc/arm-none-eabi/14.2.1/../../../../arm-none-eabi/lib/thumb/v6-m/nofp/libc_nano.a(libc_a-findfp.o)
 .text.cleanup_stdio
                0x0800dc70       0x3c /opt/arm-gnu-toolchain-14.2/bin/../lib/gcc/arm-none-eabi/14.2.1/../../../../arm-none-eabi/lib/thumb/v6-m/nofp/libc_nano.a(libc_a-findfp.o)
 .text.global_stdio_init.part.0
                0x0800dcac       0x3c /opt/arm-gnu-toolchain-14.2/bin/../lib/gcc/arm-none-eabi/14.2.1/../../../../arm-none-eabi/lib/thumb/v6-m/nofp/libc_nano.a(libc_a-findfp.o)
 .text.__sfp_lock_acquire
                0x0800dce8       0x10 /opt/arm-gnu-toolchain-14.2/bin/../lib/gcc/arm-none-eabi/14.2.1/../../../../arm-none-eabi/lib/thumb/v6-m/nofp/libc_nano.a(libc_a-findfp.o)
                0x0800dce8                __sfp_lock_acquire
 .text.__sfp_lock_release
                0x0800dcf8       0x10 /opt/arm-gnu-toolchain-14.2/bin/../lib/gcc/arm-none-eabi/14.2.1/../../../../arm-none-eabi/lib/thumb/v6-m/nofp/libc_nano.a(libc_a-findfp.o)
                0x0800dcf8                __sfp_lock_release
 .text.__sinit  0x0800dd08       0x30 /opt/arm-gnu-toolchain-14.2/bin/../lib/gcc/arm-none-eabi/14.2.1/../../../../arm-none-eabi/lib/thumb/v6-m/nofp/libc_nano.a(libc_a-findfp.o)
                0x0800dd08                __sinit
 .text._fwalk_sglue
                0x0800dd38       0x38 /opt/arm-gnu-toolchain-14.2/bin/../lib/gcc/arm-none-eabi/14.2.1/../../../../arm-none-eabi/lib/thumb/v6-m/nofp/libc_nano.a(libc_a-fwalk.o)
                0x0800dd38                _fwalk_sglue
 .text.sprintf  0x0800dd70       0x44 /opt/arm-gnu-toolchain-14.2/bin/../lib/gcc/arm-none-eabi/14.2.1/../../../../arm-none-eabi/lib/thumb/v6-m/nofp/libc_nano.a(libc_a-sprintf.o)
                0x0800dd70                sprintf
                0x0800dd70                siprintf
 .text.__sread  0x0800ddb4       0x28 /opt/arm-gnu-toolchain-14.2/bin/../lib/gcc/arm-none-eabi/14.2.1/../../../../arm-none-eabi/lib/thumb/v6-m/nofp/libc_nano.a(libc_a-stdio.o)
                0x0800ddb4                __sread
 .text.__swrite
                0x0800dddc       0x38 /opt/arm-gnu-toolchain-14.2/bin/../lib/gcc/arm-none-eabi/14.2.1/../../../../arm-none-eabi/lib/thumb/v6-m/nofp/libc_nano.a(libc_a-stdio.o)
                0x0800dddc                __swrite
 .text.__sseek  0x0800de14       0x2c /opt/arm-gnu-toolchain-14.2/bin/../lib/gcc/arm-none-eabi/14.2.1/../../../../arm-none-eabi/lib/thumb/v6-m/nofp/libc_nano.a(libc_a-stdio.o)
                0x0800de14                __sseek
 .text.__sclose
                0x0800de40        0xc /opt/arm-gnu-toolchain-14.2/bin/../lib/gcc/arm-none-eabi/14.2.1/../../../../arm-none-eabi/lib/thumb/v6-m/nofp/libc_nano.a(libc_a-stdio.o)
                0x0800de40                __sclose
 .text.memmove  0x0800de4c       0x24 /opt/arm-gnu-toolchain-14.2/bin/../lib/gcc/arm-none-eabi/14.2.1/../../../../arm-none-eabi/lib/thumb/v6-m/nofp/libc_nano.a(libc_a-memmove.o)
                0x0800de4c                memmove
 .text.memset   0x0800de70       0x10 /opt/arm-gnu-toolchain-14.2/bin/../lib/gcc/arm-none-eabi/14.2.1/../../../../arm-none-eabi/lib/thumb/v6-m/nofp/libc_nano.a(libc_a-memset.o)
                0x0800de70                memset
 .text.strchr   0x0800de80       0x1c /opt/arm-gnu-toolchain-14.2/bin/../lib/gcc/arm-none-eabi/14.2.1/../../../../arm-none-eabi/lib/thumb/v6-m/nofp/libc_nano.a(libc_a-strchr.o)
                0x0800de80                strchr
 .text.strncmp  0x0800de9c       0x22 /opt/arm-gnu-toolchain-14.2/bin/../lib/gcc/arm-none-eabi/14.2.1/../../../../arm-none-eabi/lib/thumb/v6-m/nofp/libc_nano.a(libc_a-strncmp.o)
                0x0800de9c                strncmp
 .text.strncpy  0x0800debe       0x28 /opt/arm-gnu-toolchain-14.2/bin/../lib/gcc/arm-none-eabi/14.2.1/../../../../arm-none-eabi/lib/thumb/v6-m/nofp/libc_nano.a(libc_a-strncpy.o)
                0x0800debe                strncpy
 .text.strnlen  0x0800dee6       0x16 /opt/arm-gnu-toolchain-14.2/bin/../lib/gcc/arm-none-eabi/14.2.1/../../../../arm-none-eabi/lib/thumb/v6-m/nofp/libc_nano.a(libc_a-strnlen.o)
                0x0800dee6                strnlen
 .text._close_r
                0x0800defc       0x24 /opt/arm-gnu-toolchain-14.2/bin/../lib/gcc/arm-none-eabi/14.2.1/../../../../arm-none-eabi/lib/thumb/v6-m/nofp/libc_nano.a(libc_a-closer.o)
                0x0800defc                _close_r
 .text._lseek_r
                0x0800df20       0x28 /opt/arm-gnu-toolchain-14.2/bin/../lib/gcc/arm-none-eabi/14.2.1/../../../../arm-none-eabi/lib/thumb/v6-m/nofp/libc_nano.a(libc_a-lseekr.o)
                0x0800df20                _lseek_r
 .text._read_r  0x0800df48       0x28 /opt/arm-gnu-toolchain-14.2/bin/../lib/gcc/arm-none-eabi/14.2.1/../../../../arm-none-eabi/lib/thumb/v6-m/nofp/libc_nano.a(libc_a-readr.o)
                0x0800df48                _read_r
 .text._write_r
                0x0800df70       0x28 /opt/arm-gnu-toolchain-14.2/bin/../lib/gcc/arm-none-eabi/14.2.1/../../../../arm-none-eabi/lib/thumb/v6-m/nofp/libc_nano.a(libc_a-writer.o)
                0x0800df70                _write_r
 .text.__errno  0x0800df98        0xc /opt/arm-gnu-toolchain-14.2/bin/../lib/gcc/arm-none-eabi/14.2.1/../../../../arm-none-eabi/lib/thumb/v6-m/nofp/libc_nano.a(libc_a-errno.o)
                0x0800df98                __errno
 .text.__libc_init_array
                0x0800dfa4       0x48 /opt/arm-gnu-toolchain-14.2/bin/../lib/gcc/arm-none-eabi/14.2.1/../../../../arm-none-eabi/lib/thumb/v6-m/nofp/libc_nano.a(libc_a-init.o)
                0x0800dfa4                __libc_init_array
 .text.__retarget_lock_init_recursive
                0x0800dfec        0x2 /opt/arm-gnu-toolchain-14.2/bin/../lib/gcc/arm-none-eabi/14.2.1/../../../../arm-none-eabi/lib/thumb/v6-m/nofp/libc_nano.a(libc_a-lock.o)
                0x0800dfec                __retarget_lock_init_recursive
 .text.__retarget_lock_acquire_recursive
                0x0800dfee        0x2 /opt/arm-gnu-toolchain-14.2/bin/../lib/gcc/arm-none-eabi/14.2.1/../../../../arm-none-eabi/lib/thumb/v6-m/nofp/libc_nano.a(libc_a-lock.o)
                0x0800dfee                __retarget_lock_acquire_recursive
 .text.__retarget_lock_release_recursive
                0x0800dff0        0x2 /opt/arm-gnu-toolchain-14.2/bin/../lib/gcc/arm-none-eabi/14.2.1/../../../../arm-none-eabi/lib/thumb/v6-m/nofp/libc_nano.a(libc_a-lock.o)
                0x0800dff0                __retarget_lock_release_recursive
 .text.memcpy   0x0800dff2       0x12 /opt/arm-gnu-toolchain-14.2/bin/../lib/gcc/arm-none-eabi/14.2.1/../../../../arm-none-eabi/lib/thumb/v6-m/nofp/libc_nano.a(libc_a-memcpy-stub.o)
                0x0800dff2                memcpy
 .text.nan      0x0800e004        0xc /opt/arm-gnu-toolchain-14.2/bin/../lib/gcc/arm-none-eabi/14.2.1/../../../../arm-none-eabi/lib/thumb/v6-m/nofp/libc_nano.a(libm_a-s_nan.o)
                0x0800e004                nan
 .text.nanf     0x0800e010        0x8 /opt/arm-gnu-toolchain-14.2/bin/../lib/gcc/arm-none-eabi/14.2.1/../../../../arm-none-eabi/lib/thumb/v6-m/nofp/libc_nano.a(libm_a-sf_nan.o)
                0x0800e010                nanf
 .text._free_r  0x0800e018       0x94 /opt/arm-gnu-toolchain-14.2/bin/../lib/gcc/arm-none-eabi/14.2.1/../../../../arm-none-eabi/lib/thumb/v6-m/nofp/libc_nano.a(libc_a-freer.o)
                0x0800e018                _free_r
 .text.rshift   0x0800e0ac       0xa6 /opt/arm-gnu-toolchain-14.2/bin/../lib/gcc/arm-none-eabi/14.2.1/../../../../arm-none-eabi/lib/thumb/v6-m/nofp/libc_nano.a(libc_a-gdtoa-gethex.o)
 .text.__hexdig_fun
                0x0800e152       0x2a /opt/arm-gnu-toolchain-14.2/bin/../lib/gcc/arm-none-eabi/14.2.1/../../../../arm-none-eabi/lib/thumb/v6-m/nofp/libc_nano.a(libc_a-gdtoa-gethex.o)
                0x0800e152                __hexdig_fun
 .text.__gethex
                0x0800e17c      0x448 /opt/arm-gnu-toolchain-14.2/bin/../lib/gcc/arm-none-eabi/14.2.1/../../../../arm-none-eabi/lib/thumb/v6-m/nofp/libc_nano.a(libc_a-gdtoa-gethex.o)
                0x0800e17c                __gethex
 .text.L_shift  0x0800e5c4       0x24 /opt/arm-gnu-toolchain-14.2/bin/../lib/gcc/arm-none-eabi/14.2.1/../../../../arm-none-eabi/lib/thumb/v6-m/nofp/libc_nano.a(libc_a-gdtoa-hexnan.o)
 .text.__match  0x0800e5e8       0x28 /opt/arm-gnu-toolchain-14.2/bin/../lib/gcc/arm-none-eabi/14.2.1/../../../../arm-none-eabi/lib/thumb/v6-m/nofp/libc_nano.a(libc_a-gdtoa-hexnan.o)
                0x0800e5e8                __match
 .text.__hexnan
                0x0800e610      0x154 /opt/arm-gnu-toolchain-14.2/bin/../lib/gcc/arm-none-eabi/14.2.1/../../../../arm-none-eabi/lib/thumb/v6-m/nofp/libc_nano.a(libc_a-gdtoa-hexnan.o)
                0x0800e610                __hexnan
 .text.sbrk_aligned
                0x0800e764       0x44 /opt/arm-gnu-toolchain-14.2/bin/../lib/gcc/arm-none-eabi/14.2.1/../../../../arm-none-eabi/lib/thumb/v6-m/nofp/libc_nano.a(libc_a-mallocr.o)
 .text._malloc_r
                0x0800e7a8      0x100 /opt/arm-gnu-toolchain-14.2/bin/../lib/gcc/arm-none-eabi/14.2.1/../../../../arm-none-eabi/lib/thumb/v6-m/nofp/libc_nano.a(libc_a-mallocr.o)
                0x0800e7a8                _malloc_r
 .text.__ascii_mbtowc
                0x0800e8a8       0x24 /opt/arm-gnu-toolchain-14.2/bin/../lib/gcc/arm-none-eabi/14.2.1/../../../../arm-none-eabi/lib/thumb/v6-m/nofp/libc_nano.a(libc_a-mbtowc_r.o)
                0x0800e8a8                __ascii_mbtowc
 .text.__malloc_lock
                0x0800e8cc       0x10 /opt/arm-gnu-toolchain-14.2/bin/../lib/gcc/arm-none-eabi/14.2.1/../../../../arm-none-eabi/lib/thumb/v6-m/nofp/libc_nano.a(libc_a-mlock.o)
                0x0800e8cc                __malloc_lock
 .text.__malloc_unlock
                0x0800e8dc       0x10 /opt/arm-gnu-toolchain-14.2/bin/../lib/gcc/arm-none-eabi/14.2.1/../../../../arm-none-eabi/lib/thumb/v6-m/nofp/libc_nano.a(libc_a-mlock.o)
                0x0800e8dc                __malloc_unlock
 .text._Balloc  0x0800e8ec       0x84 /opt/arm-gnu-toolchain-14.2/bin/../lib/gcc/arm-none-eabi/14.2.1/../../../../arm-none-eabi/lib/thumb/v6-m/nofp/libc_nano.a(libc_a-mprec.o)
                0x0800e8ec                _Balloc
 .text._Bfree   0x0800e970       0x48 /opt/arm-gnu-toolchain-14.2/bin/../lib/gcc/arm-none-eabi/14.2.1/../../../../arm-none-eabi/lib/thumb/v6-m/nofp/libc_nano.a(libc_a-mprec.o)
                0x0800e970                _Bfree
 .text.__multadd
                0x0800e9b8       0x88 /opt/arm-gnu-toolchain-14.2/bin/../lib/gcc/arm-none-eabi/14.2.1/../../../../arm-none-eabi/lib/thumb/v6-m/nofp/libc_nano.a(libc_a-mprec.o)
                0x0800e9b8                __multadd
 .text.__s2b    0x0800ea40       0x98 /opt/arm-gnu-toolchain-14.2/bin/../lib/gcc/arm-none-eabi/14.2.1/../../../../arm-none-eabi/lib/thumb/v6-m/nofp/libc_nano.a(libc_a-mprec.o)
                0x0800ea40                __s2b
 .text.__hi0bits
                0x0800ead8       0x42 /opt/arm-gnu-toolchain-14.2/bin/../lib/gcc/arm-none-eabi/14.2.1/../../../../arm-none-eabi/lib/thumb/v6-m/nofp/libc_nano.a(libc_a-mprec.o)
                0x0800ead8                __hi0bits
 .text.__lo0bits
                0x0800eb1a       0x5c /opt/arm-gnu-toolchain-14.2/bin/../lib/gcc/arm-none-eabi/14.2.1/../../../../arm-none-eabi/lib/thumb/v6-m/nofp/libc_nano.a(libc_a-mprec.o)
                0x0800eb1a                __lo0bits
 *fill*         0x0800eb76        0x2 
 .text.__i2b    0x0800eb78       0x30 /opt/arm-gnu-toolchain-14.2/bin/../lib/gcc/arm-none-eabi/14.2.1/../../../../arm-none-eabi/lib/thumb/v6-m/nofp/libc_nano.a(libc_a-mprec.o)
                0x0800eb78                __i2b
 .text.__multiply
                0x0800eba8      0x158 /opt/arm-gnu-toolchain-14.2/bin/../lib/gcc/arm-none-eabi/14.2.1/../../../../arm-none-eabi/lib/thumb/v6-m/nofp/libc_nano.a(libc_a-mprec.o)
                0x0800eba8                __multiply
 .text.__pow5mult
                0x0800ed00       0xc4 /opt/arm-gnu-toolchain-14.2/bin/../lib/gcc/arm-none-eabi/14.2.1/../../../../arm-none-eabi/lib/thumb/v6-m/nofp/libc_nano.a(libc_a-mprec.o)
                0x0800ed00                __pow5mult
 .text.__lshift
                0x0800edc4       0xd8 /opt/arm-gnu-toolchain-14.2/bin/../lib/gcc/arm-none-eabi/14.2.1/../../../../arm-none-eabi/lib/thumb/v6-m/nofp/libc_nano.a(libc_a-mprec.o)
                0x0800edc4                __lshift
 .text.__mcmp   0x0800ee9c       0x36 /opt/arm-gnu-toolchain-14.2/bin/../lib/gcc/arm-none-eabi/14.2.1/../../../../arm-none-eabi/lib/thumb/v6-m/nofp/libc_nano.a(libc_a-mprec.o)
                0x0800ee9c                __mcmp
 *fill*         0x0800eed2        0x2 
 .text.__mdiff  0x0800eed4      0x148 /opt/arm-gnu-toolchain-14.2/bin/../lib/gcc/arm-none-eabi/14.2.1/../../../../arm-none-eabi/lib/thumb/v6-m/nofp/libc_nano.a(libc_a-mprec.o)
                0x0800eed4                __mdiff
 .text.__ulp    0x0800f01c       0x40 /opt/arm-gnu-toolchain-14.2/bin/../lib/gcc/arm-none-eabi/14.2.1/../../../../arm-none-eabi/lib/thumb/v6-m/nofp/libc_nano.a(libc_a-mprec.o)
                0x0800f01c                __ulp
 .text.__b2d    0x0800f05c       0x98 /opt/arm-gnu-toolchain-14.2/bin/../lib/gcc/arm-none-eabi/14.2.1/../../../../arm-none-eabi/lib/thumb/v6-m/nofp/libc_nano.a(libc_a-mprec.o)
                0x0800f05c                __b2d
 .text.__d2b    0x0800f0f4       0xc0 /opt/arm-gnu-toolchain-14.2/bin/../lib/gcc/arm-none-eabi/14.2.1/../../../../arm-none-eabi/lib/thumb/v6-m/nofp/libc_nano.a(libc_a-mprec.o)
                0x0800f0f4                __d2b
 .text.__ratio  0x0800f1b4       0x54 /opt/arm-gnu-toolchain-14.2/bin/../lib/gcc/arm-none-eabi/14.2.1/../../../../arm-none-eabi/lib/thumb/v6-m/nofp/libc_nano.a(libc_a-mprec.o)
                0x0800f1b4                __ratio
 .text.__copybits
                0x0800f208       0x42 /opt/arm-gnu-toolchain-14.2/bin/../lib/gcc/arm-none-eabi/14.2.1/../../../../arm-none-eabi/lib/thumb/v6-m/nofp/libc_nano.a(libc_a-mprec.o)
                0x0800f208                __copybits
 .text.__any_on
                0x0800f24a       0x46 /opt/arm-gnu-toolchain-14.2/bin/../lib/gcc/arm-none-eabi/14.2.1/../../../../arm-none-eabi/lib/thumb/v6-m/nofp/libc_nano.a(libc_a-mprec.o)
                0x0800f24a                __any_on
 .text.__ascii_wctomb
                0x0800f290       0x1a /opt/arm-gnu-toolchain-14.2/bin/../lib/gcc/arm-none-eabi/14.2.1/../../../../arm-none-eabi/lib/thumb/v6-m/nofp/libc_nano.a(libc_a-wctomb_r.o)
                0x0800f290                __ascii_wctomb
 *fill*         0x0800f2aa        0x2 
 .text.__ssputs_r
                0x0800f2ac       0xc8 /opt/arm-gnu-toolchain-14.2/bin/../lib/gcc/arm-none-eabi/14.2.1/../../../../arm-none-eabi/lib/thumb/v6-m/nofp/libc_nano.a(libc_a-nano-svfprintf.o)
                0x0800f2ac                __ssputs_r
 .text._svfprintf_r
                0x0800f374      0x208 /opt/arm-gnu-toolchain-14.2/bin/../lib/gcc/arm-none-eabi/14.2.1/../../../../arm-none-eabi/lib/thumb/v6-m/nofp/libc_nano.a(libc_a-nano-svfprintf.o)
                0x0800f374                _svfprintf_r
                0x0800f374                _svfiprintf_r
 .text._printf_common
                0x0800f57c       0xde /opt/arm-gnu-toolchain-14.2/bin/../lib/gcc/arm-none-eabi/14.2.1/../../../../arm-none-eabi/lib/thumb/v6-m/nofp/libc_nano.a(libc_a-nano-vfprintf_i.o)
                0x0800f57c                _printf_common
 *fill*         0x0800f65a        0x2 
 .text._printf_i
                0x0800f65c      0x218 /opt/arm-gnu-toolchain-14.2/bin/../lib/gcc/arm-none-eabi/14.2.1/../../../../arm-none-eabi/lib/thumb/v6-m/nofp/libc_nano.a(libc_a-nano-vfprintf_i.o)
                0x0800f65c                _printf_i
 .text.__sflush_r
                0x0800f874      0x114 /opt/arm-gnu-toolchain-14.2/bin/../lib/gcc/arm-none-eabi/14.2.1/../../../../arm-none-eabi/lib/thumb/v6-m/nofp/libc_nano.a(libc_a-fflush.o)
                0x0800f874                __sflush_r
 .text._fflush_r
                0x0800f988       0x56 /opt/arm-gnu-toolchain-14.2/bin/../lib/gcc/arm-none-eabi/14.2.1/../../../../arm-none-eabi/lib/thumb/v6-m/nofp/libc_nano.a(libc_a-fflush.o)
                0x0800f988                _fflush_r
 *fill*         0x0800f9de        0x2 
 .text._sbrk_r  0x0800f9e0       0x24 /opt/arm-gnu-toolchain-14.2/bin/../lib/gcc/arm-none-eabi/14.2.1/../../../../arm-none-eabi/lib/thumb/v6-m/nofp/libc_nano.a(libc_a-sbrkr.o)
                0x0800f9e0                _sbrk_r
 .text.memchr   0x0800fa04       0x16 /opt/arm-gnu-toolchain-14.2/bin/../lib/gcc/arm-none-eabi/14.2.1/../../../../arm-none-eabi/lib/thumb/v6-m/nofp/libc_nano.a(libc_a-memchr-stub.o)
                0x0800fa04                memchr
 *fill*         0x0800fa1a        0x2 
 .text.__assert_func
                0x0800fa1c       0x3c /opt/arm-gnu-toolchain-14.2/bin/../lib/gcc/arm-none-eabi/14.2.1/../../../../arm-none-eabi/lib/thumb/v6-m/nofp/libc_nano.a(libc_a-assert.o)
                0x0800fa1c                __assert_func
 .text._calloc_r
                0x0800fa58       0x5a /opt/arm-gnu-toolchain-14.2/bin/../lib/gcc/arm-none-eabi/14.2.1/../../../../arm-none-eabi/lib/thumb/v6-m/nofp/libc_nano.a(libc_a-callocr.o)
                0x0800fa58                _calloc_r
 *fill*         0x0800fab2        0x2 
 .text.malloc   0x0800fab4       0x14 /opt/arm-gnu-toolchain-14.2/bin/../lib/gcc/arm-none-eabi/14.2.1/../../../../arm-none-eabi/lib/thumb/v6-m/nofp/libc_nano.a(libc_a-malloc.o)
                0x0800fab4                malloc
 .text._realloc_r
                0x0800fac8       0x60 /opt/arm-gnu-toolchain-14.2/bin/../lib/gcc/arm-none-eabi/14.2.1/../../../../arm-none-eabi/lib/thumb/v6-m/nofp/libc_nano.a(libc_a-reallocr.o)
                0x0800fac8                _realloc_r
 .text.fprintf  0x0800fb28       0x20 /opt/arm-gnu-toolchain-14.2/bin/../lib/gcc/arm-none-eabi/14.2.1/../../../../arm-none-eabi/lib/thumb/v6-m/nofp/libc_nano.a(libc_a-fprintf.o)
                0x0800fb28                fprintf
                0x0800fb28                fiprintf
 .text.abort    0x0800fb48        0xe /opt/arm-gnu-toolchain-14.2/bin/../lib/gcc/arm-none-eabi/14.2.1/../../../../arm-none-eabi/lib/thumb/v6-m/nofp/libc_nano.a(libc_a-abort.o)
                0x0800fb48                abort
 .text._malloc_usable_size_r
                0x0800fb56       0x10 /opt/arm-gnu-toolchain-14.2/bin/../lib/gcc/arm-none-eabi/14.2.1/../../../../arm-none-eabi/lib/thumb/v6-m/nofp/libc_nano.a(libc_a-msizer.o)
                0x0800fb56                _malloc_usable_size_r
 .text.__sfputc_r
                0x0800fb66       0x2a /opt/arm-gnu-toolchain-14.2/bin/../lib/gcc/arm-none-eabi/14.2.1/../../../../arm-none-eabi/lib/thumb/v6-m/nofp/libc_nano.a(libc_a-nano-vfprintf.o)
 .text.__sfputs_r
                0x0800fb90       0x24 /opt/arm-gnu-toolchain-14.2/bin/../lib/gcc/arm-none-eabi/14.2.1/../../../../arm-none-eabi/lib/thumb/v6-m/nofp/libc_nano.a(libc_a-nano-vfprintf.o)
                0x0800fb90                __sfputs_r
 .text._vfprintf_r
                0x0800fbb4      0x240 /opt/arm-gnu-toolchain-14.2/bin/../lib/gcc/arm-none-eabi/14.2.1/../../../../arm-none-eabi/lib/thumb/v6-m/nofp/libc_nano.a(libc_a-nano-vfprintf.o)
                0x0800fbb4                _vfiprintf_r
                0x0800fbb4                _vfprintf_r
 .text.__swbuf_r
                0x0800fdf4       0x84 /opt/arm-gnu-toolchain-14.2/bin/../lib/gcc/arm-none-eabi/14.2.1/../../../../arm-none-eabi/lib/thumb/v6-m/nofp/libc_nano.a(libc_a-wbuf.o)
                0x0800fdf4                __swbuf_r
 .text.__swsetup_r
                0x0800fe78       0xb4 /opt/arm-gnu-toolchain-14.2/bin/../lib/gcc/arm-none-eabi/14.2.1/../../../../arm-none-eabi/lib/thumb/v6-m/nofp/libc_nano.a(libc_a-wsetup.o)
                0x0800fe78                __swsetup_r
 .text._raise_r
                0x0800ff2c       0x52 /opt/arm-gnu-toolchain-14.2/bin/../lib/gcc/arm-none-eabi/14.2.1/../../../../arm-none-eabi/lib/thumb/v6-m/nofp/libc_nano.a(libc_a-signal.o)
                0x0800ff2c                _raise_r
 *fill*         0x0800ff7e        0x2 
 .text.raise    0x0800ff80       0x14 /opt/arm-gnu-toolchain-14.2/bin/../lib/gcc/arm-none-eabi/14.2.1/../../../../arm-none-eabi/lib/thumb/v6-m/nofp/libc_nano.a(libc_a-signal.o)
                0x0800ff80                raise
 .text._kill_r  0x0800ff94       0x24 /opt/arm-gnu-toolchain-14.2/bin/../lib/gcc/arm-none-eabi/14.2.1/../../../../arm-none-eabi/lib/thumb/v6-m/nofp/libc_nano.a(libc_a-signalr.o)
                0x0800ff94                _kill_r
 .text._getpid_r
                0x0800ffb8        0x8 /opt/arm-gnu-toolchain-14.2/bin/../lib/gcc/arm-none-eabi/14.2.1/../../../../arm-none-eabi/lib/thumb/v6-m/nofp/libc_nano.a(libc_a-signalr.o)
                0x0800ffb8                _getpid_r
 .text.__swhatbuf_r
                0x0800ffc0       0x54 /opt/arm-gnu-toolchain-14.2/bin/../lib/gcc/arm-none-eabi/14.2.1/../../../../arm-none-eabi/lib/thumb/v6-m/nofp/libc_nano.a(libc_a-makebuf.o)
                0x0800ffc0                __swhatbuf_r
 .text.__smakebuf_r
                0x08010014       0x72 /opt/arm-gnu-toolchain-14.2/bin/../lib/gcc/arm-none-eabi/14.2.1/../../../../arm-none-eabi/lib/thumb/v6-m/nofp/libc_nano.a(libc_a-makebuf.o)
                0x08010014                __smakebuf_r
 *fill*         0x08010086        0x2 
 .text._fstat_r
                0x08010088       0x24 /opt/arm-gnu-toolchain-14.2/bin/../lib/gcc/arm-none-eabi/14.2.1/../../../../arm-none-eabi/lib/thumb/v6-m/nofp/libc_nano.a(libc_a-fstatr.o)
                0x08010088                _fstat_r
 .text._isatty_r
                0x080100ac       0x24 /opt/arm-gnu-toolchain-14.2/bin/../lib/gcc/arm-none-eabi/14.2.1/../../../../arm-none-eabi/lib/thumb/v6-m/nofp/libc_nano.a(libc_a-isattyr.o)
                0x080100ac                _isatty_r
 .text.__fixunssfsi
                0x080100d0       0x30 /opt/arm-gnu-toolchain-14.2/bin/../lib/gcc/arm-none-eabi/14.2.1/thumb/v6-m/nofp/libgcc.a(_fixunssfsi.o)
                0x080100d0                __aeabi_f2uiz
                0x080100d0                __fixunssfsi
 .text.__fixunsdfsi
                0x08010100       0x3c /opt/arm-gnu-toolchain-14.2/bin/../lib/gcc/arm-none-eabi/14.2.1/thumb/v6-m/nofp/libgcc.a(_fixunsdfsi.o)
                0x08010100                __fixunsdfsi
                0x08010100                __aeabi_d2uiz
 .text.__fixdfdi
                0x0801013c       0x38 /opt/arm-gnu-toolchain-14.2/bin/../lib/gcc/arm-none-eabi/14.2.1/thumb/v6-m/nofp/libgcc.a(_fixdfdi.o)
                0x0801013c                __aeabi_d2lz
                0x0801013c                __fixdfdi
 .text.__fixunsdfdi
                0x08010174       0x3c /opt/arm-gnu-toolchain-14.2/bin/../lib/gcc/arm-none-eabi/14.2.1/thumb/v6-m/nofp/libgcc.a(_fixunsdfdi.o)
                0x08010174                __aeabi_d2ulz
                0x08010174                __fixunsdfdi
 .text.__floatdidf
                0x080101b0       0x2c /opt/arm-gnu-toolchain-14.2/bin/../lib/gcc/arm-none-eabi/14.2.1/thumb/v6-m/nofp/libgcc.a(_floatdidf.o)
                0x080101b0                __floatdidf
                0x080101b0                __aeabi_l2d
 .text.__udivmoddi4
                0x080101dc      0x198 /opt/arm-gnu-toolchain-14.2/bin/../lib/gcc/arm-none-eabi/14.2.1/thumb/v6-m/nofp/libgcc.a(_udivmoddi4.o)
                0x080101dc                __udivmoddi4
 .text.__aeabi_fadd
                0x08010374      0x41c /opt/arm-gnu-toolchain-14.2/bin/../lib/gcc/arm-none-eabi/14.2.1/thumb/v6-m/nofp/libgcc.a(addsf3.o)
                0x08010374                __aeabi_fadd
 .text.__aeabi_fdiv
                0x08010790      0x22c /opt/arm-gnu-toolchain-14.2/bin/../lib/gcc/arm-none-eabi/14.2.1/thumb/v6-m/nofp/libgcc.a(divsf3.o)
                0x08010790                __aeabi_fdiv
 .text.__eqsf2  0x080109bc       0x50 /opt/arm-gnu-toolchain-14.2/bin/../lib/gcc/arm-none-eabi/14.2.1/thumb/v6-m/nofp/libgcc.a(eqsf2.o)
                0x080109bc                __nesf2
                0x080109bc                __eqsf2
 .text.__gesf2  0x08010a0c       0x90 /opt/arm-gnu-toolchain-14.2/bin/../lib/gcc/arm-none-eabi/14.2.1/thumb/v6-m/nofp/libgcc.a(gesf2.o)
                0x08010a0c                __gtsf2
                0x08010a0c                __gesf2
 .text.__lesf2  0x08010a9c       0x90 /opt/arm-gnu-toolchain-14.2/bin/../lib/gcc/arm-none-eabi/14.2.1/thumb/v6-m/nofp/libgcc.a(lesf2.o)
                0x08010a9c                __lesf2
                0x08010a9c                __ltsf2
 .text.__aeabi_fmul
                0x08010b2c      0x2a4 /opt/arm-gnu-toolchain-14.2/bin/../lib/gcc/arm-none-eabi/14.2.1/thumb/v6-m/nofp/libgcc.a(mulsf3.o)
                0x08010b2c                __aeabi_fmul
 .text.__aeabi_fsub
                0x08010dd0      0x484 /opt/arm-gnu-toolchain-14.2/bin/../lib/gcc/arm-none-eabi/14.2.1/thumb/v6-m/nofp/libgcc.a(subsf3.o)
                0x08010dd0                __aeabi_fsub
 .text.__aeabi_fcmpun
                0x08011254       0x2c /opt/arm-gnu-toolchain-14.2/bin/../lib/gcc/arm-none-eabi/14.2.1/thumb/v6-m/nofp/libgcc.a(unordsf2.o)
                0x08011254                __aeabi_fcmpun
 .text.__aeabi_f2iz
                0x08011280       0x40 /opt/arm-gnu-toolchain-14.2/bin/../lib/gcc/arm-none-eabi/14.2.1/thumb/v6-m/nofp/libgcc.a(fixsfsi.o)
                0x08011280                __aeabi_f2iz
 .text.__aeabi_i2f
                0x080112c0       0xa0 /opt/arm-gnu-toolchain-14.2/bin/../lib/gcc/arm-none-eabi/14.2.1/thumb/v6-m/nofp/libgcc.a(floatsisf.o)
                0x080112c0                __aeabi_i2f
 .text.__aeabi_ui2f
                0x08011360       0x8c /opt/arm-gnu-toolchain-14.2/bin/../lib/gcc/arm-none-eabi/14.2.1/thumb/v6-m/nofp/libgcc.a(floatunsisf.o)
                0x08011360                __aeabi_ui2f
 .text.__aeabi_dadd
                0x080113ec      0x834 /opt/arm-gnu-toolchain-14.2/bin/../lib/gcc/arm-none-eabi/14.2.1/thumb/v6-m/nofp/libgcc.a(adddf3.o)
                0x080113ec                __aeabi_dadd
 .text.__aeabi_ddiv
                0x08011c20      0x63c /opt/arm-gnu-toolchain-14.2/bin/../lib/gcc/arm-none-eabi/14.2.1/thumb/v6-m/nofp/libgcc.a(divdf3.o)
                0x08011c20                __aeabi_ddiv
 .text.__eqdf2  0x0801225c       0x8c /opt/arm-gnu-toolchain-14.2/bin/../lib/gcc/arm-none-eabi/14.2.1/thumb/v6-m/nofp/libgcc.a(eqdf2.o)
                0x0801225c                __eqdf2