Archive member included to satisfy reference by file (symbol)

/opt/arm-gnu-toolchain-14.2/bin/../lib/gcc/arm-none-eabi/14.2.1/../../../../arm-none-eabi/lib/thumb/v6-m/nofp/libstdc++_nano.a(guard.o)
                              build/debug/Task_Vofa.o (__cxa_guard_acquire)
/opt/arm-gnu-toolchain-14.2/bin/../lib/gcc/arm-none-eabi/14.2.1/../../../../arm-none-eabi/lib/thumb/v6-m/nofp/libm.a(libm_a-wf_fmod.o)
                              build/debug/StepperMotor_Loop.o (fmodf)
/opt/arm-gnu-toolchain-14.2/bin/../lib/gcc/arm-none-eabi/14.2.1/../../../../arm-none-eabi/lib/thumb/v6-m/nofp/libm.a(libm_a-ef_fmod.o)
                              /opt/arm-gnu-toolchain-14.2/bin/../lib/gcc/arm-none-eabi/14.2.1/../../../../arm-none-eabi/lib/thumb/v6-m/nofp/libm.a(libm_a-wf_fmod.o) (__ieee754_fmodf)
/opt/arm-gnu-toolchain-14.2/bin/../lib/gcc/arm-none-eabi/14.2.1/../../../../arm-none-eabi/lib/thumb/v6-m/nofp/libc_nano.a(libc_a-atof.o)
                              build/debug/Task_Vofa.o (atof)
/opt/arm-gnu-toolchain-14.2/bin/../lib/gcc/arm-none-eabi/14.2.1/../../../../arm-none-eabi/lib/thumb/v6-m/nofp/libc_nano.a(libc_a-exit.o)
                              /opt/arm-gnu-toolchain-14.2/bin/../lib/gcc/arm-none-eabi/14.2.1/../../../../arm-none-eabi/lib/thumb/v6-m/nofp/crt0.o (exit)
/opt/arm-gnu-toolchain-14.2/bin/../lib/gcc/arm-none-eabi/14.2.1/../../../../arm-none-eabi/lib/thumb/v6-m/nofp/libc_nano.a(libc_a-strtod.o)
                              /opt/arm-gnu-toolchain-14.2/bin/../lib/gcc/arm-none-eabi/14.2.1/../../../../arm-none-eabi/lib/thumb/v6-m/nofp/libc_nano.a(libc_a-atof.o) (strtod)
/opt/arm-gnu-toolchain-14.2/bin/../lib/gcc/arm-none-eabi/14.2.1/../../../../arm-none-eabi/lib/thumb/v6-m/nofp/libc_nano.a(libc_a-findfp.o)
                              /opt/arm-gnu-toolchain-14.2/bin/../lib/gcc/arm-none-eabi/14.2.1/../../../../arm-none-eabi/lib/thumb/v6-m/nofp/libc_nano.a(libc_a-exit.o) (__stdio_exit_handler)
/opt/arm-gnu-toolchain-14.2/bin/../lib/gcc/arm-none-eabi/14.2.1/../../../../arm-none-eabi/lib/thumb/v6-m/nofp/libc_nano.a(libc_a-fwalk.o)
                              /opt/arm-gnu-toolchain-14.2/bin/../lib/gcc/arm-none-eabi/14.2.1/../../../../arm-none-eabi/lib/thumb/v6-m/nofp/libc_nano.a(libc_a-findfp.o) (_fwalk_sglue)
/opt/arm-gnu-toolchain-14.2/bin/../lib/gcc/arm-none-eabi/14.2.1/../../../../arm-none-eabi/lib/thumb/v6-m/nofp/libc_nano.a(libc_a-sprintf.o)
                              build/debug/embedded_cli.o (sprintf)
/opt/arm-gnu-toolchain-14.2/bin/../lib/gcc/arm-none-eabi/14.2.1/../../../../arm-none-eabi/lib/thumb/v6-m/nofp/libc_nano.a(libc_a-stdio.o)
                              /opt/arm-gnu-toolchain-14.2/bin/../lib/gcc/arm-none-eabi/14.2.1/../../../../arm-none-eabi/lib/thumb/v6-m/nofp/libc_nano.a(libc_a-findfp.o) (__sread)
/opt/arm-gnu-toolchain-14.2/bin/../lib/gcc/arm-none-eabi/14.2.1/../../../../arm-none-eabi/lib/thumb/v6-m/nofp/libc_nano.a(libc_a-memmove.o)
                              build/debug/embedded_cli.o (memmove)
/opt/arm-gnu-toolchain-14.2/bin/../lib/gcc/arm-none-eabi/14.2.1/../../../../arm-none-eabi/lib/thumb/v6-m/nofp/libc_nano.a(libc_a-memset.o)
                              /opt/arm-gnu-toolchain-14.2/bin/../lib/gcc/arm-none-eabi/14.2.1/../../../../arm-none-eabi/lib/thumb/v6-m/nofp/crt0.o (memset)
/opt/arm-gnu-toolchain-14.2/bin/../lib/gcc/arm-none-eabi/14.2.1/../../../../arm-none-eabi/lib/thumb/v6-m/nofp/libc_nano.a(libc_a-strchr.o)
                              build/debug/embedded_cli.o (strchr)
/opt/arm-gnu-toolchain-14.2/bin/../lib/gcc/arm-none-eabi/14.2.1/../../../../arm-none-eabi/lib/thumb/v6-m/nofp/libc_nano.a(libc_a-strncmp.o)
                              build/debug/Task_Vofa.o (strncmp)
/opt/arm-gnu-toolchain-14.2/bin/../lib/gcc/arm-none-eabi/14.2.1/../../../../arm-none-eabi/lib/thumb/v6-m/nofp/libc_nano.a(libc_a-strncpy.o)
                              build/debug/uorb.o (strncpy)
/opt/arm-gnu-toolchain-14.2/bin/../lib/gcc/arm-none-eabi/14.2.1/../../../../arm-none-eabi/lib/thumb/v6-m/nofp/libc_nano.a(libc_a-strnlen.o)
                              build/debug/CLI_Module.o (strnlen)
/opt/arm-gnu-toolchain-14.2/bin/../lib/gcc/arm-none-eabi/14.2.1/../../../../arm-none-eabi/lib/thumb/v6-m/nofp/libc_nano.a(libc_a-locale.o)
                              /opt/arm-gnu-toolchain-14.2/bin/../lib/gcc/arm-none-eabi/14.2.1/../../../../arm-none-eabi/lib/thumb/v6-m/nofp/libc_nano.a(libc_a-strtod.o) (__global_locale)
/opt/arm-gnu-toolchain-14.2/bin/../lib/gcc/arm-none-eabi/14.2.1/../../../../arm-none-eabi/lib/thumb/v6-m/nofp/libc_nano.a(libc_a-closer.o)
                              /opt/arm-gnu-toolchain-14.2/bin/../lib/gcc/arm-none-eabi/14.2.1/../../../../arm-none-eabi/lib/thumb/v6-m/nofp/libc_nano.a(libc_a-stdio.o) (_close_r)
/opt/arm-gnu-toolchain-14.2/bin/../lib/gcc/arm-none-eabi/14.2.1/../../../../arm-none-eabi/lib/thumb/v6-m/nofp/libc_nano.a(libc_a-reent.o)
[...]
Memory Configuration

Name             Origin             Length             Attributes
RAM              0x20000000         0x00009000         xrw
FLASH            0x08000000         0x00020000         xr
*default*        0x00000000         0xffffffff

Linker script and memory map

LOAD /opt/arm-gnu-toolchain-14.2/bin/../lib/gcc/arm-none-eabi/14.2.1/thumb/v6-m/nofp/crti.o
LOAD /opt/arm-gnu-toolchain-14.2/bin/../lib/gcc/arm-none-eabi/14.2.1/thumb/v6-m/nofp/crtbegin.o
LOAD /opt/arm-gnu-toolchain-14.2/bin/../lib/gcc/arm-none-eabi/14.2.1/../../../../arm-none-eabi/lib/thumb/v6-m/nofp/crt0.o
LOAD build/debug/adc.o
LOAD build/debug/app_freertos.o
LOAD build/debug/cmsis_os2.o
LOAD build/debug/croutine.o
LOAD build/debug/dma.o
LOAD build/debug/embedded_cli.o
LOAD build/debug/event_groups.o
LOAD build/debug/gpio.o
LOAD build/debug/heap_4.o
LOAD build/debug/i2c.o
LOAD build/debug/list.o
LOAD build/debug/port.o
LOAD build/debug/printf.o
LOAD build/debug/queue.o
LOAD build/debug/spi.o
LOAD build/debug/stm32g0xx_hal.o
LOAD build/debug/stm32g0xx_hal_adc.o
LOAD build/debug/stm32g0xx_hal_adc_ex.o
LOAD build/debug/stm32g0xx_hal_cortex.o
LOAD build/debug/stm32g0xx_hal_dma.o
LOAD build/debug/stm32g0xx_hal_dma_ex.o
LOAD build/debug/stm32g0xx_hal_exti.o
LOAD build/debug/stm32g0xx_hal_flash.o
LOAD build/debug/stm32g0xx_hal_flash_ex.o
LOAD build/debug/stm32g0xx_hal_gpio.o
LOAD build/debug/stm32g0xx_hal_i2c.o
LOAD build/debug/stm32g0xx_hal_i2c_ex.o
LOAD build/debug/stm32g0xx_hal_msp.o
LOAD build/debug/stm32g0xx_hal_pwr.o
LOAD build/debug/stm32g0xx_hal_pwr_ex.o
LOAD build/debug/stm32g0xx_hal_rcc.o
LOAD build/debug/stm32g0xx_hal_rcc_ex.o
LOAD build/debug/stm32g0xx_hal_spi.o
LOAD build/debug/stm32g0xx_hal_spi_ex.o
LOAD build/debug/stm32g0xx_hal_tim.o
LOAD build/debug/stm32g0xx_hal_tim_ex.o
LOAD build/debug/stm32g0xx_hal_timebase_tim.o
LOAD build/debug/stm32g0xx_hal_uart.o
LOAD build/debug/stm32g0xx_hal_uart_ex.o
LOAD build/debug/stm32g0xx_it.o
LOAD build/debug/stm32g0xx_ll_adc.o
LOAD build/debug/stm32g0xx_ll_rcc.o
LOAD build/debug/stream_buffer.o
LOAD build/debug/syscalls.o
LOAD build/debug/sysmem.o
LOAD build/debug/system_stm32g0xx.o
LOAD build/debug/tasks.o
LOAD build/debug/tim.o
LOAD build/debug/timers.o
LOAD build/debug/uorb.o
LOAD build/debug/usart.o
LOAD build/debug/xlink_common.o
LOAD build/debug/BL24C16F.o
LOAD build/debug/CLI_Module.o
LOAD build/debug/HAL_System.o
LOAD build/debug/MC_Serial.o
LOAD build/debug/My_CLI.o
LOAD build/debug/My_Vofa.o
LOAD build/debug/Step.o
LOAD build/debug/StepperMotor_Loop.o
LOAD build/debug/Task_CLI.o
LOAD build/debug/Task_Launch.o
LOAD build/debug/Task_MsgQueueDemo.o
LOAD build/debug/Task_SystemInit.o
LOAD build/debug/Task_Test.o
LOAD build/debug/Task_UorbDemo.o
LOAD build/debug/Task_Vofa.o
LOAD build/debug/avg_filter.o
LOAD build/debug/dynamic_pid.o
LOAD build/debug/ex_math.o
LOAD build/debug/kth_read.o
LOAD build/debug/lowpass_filter.o
LOAD build/debug/main.o
LOAD build/debug/my_tim.o
LOAD build/debug/parameter.o
LOAD build/debug/pid.o
LOAD build/debug/pid_Increment.o
LOAD build/debug/pll.o
LOAD build/debug/serial.o
LOAD build/debug/wave_generator.o
LOAD build/debug/win_filter.o
LOAD build/debug/startup_stm32g071xx.o
LOAD /opt/arm-gnu-toolchain-14.2/bin/../lib/gcc/arm-none-eabi/14.2.1/../../../../arm-none-eabi/lib/thumb/v6-m/nofp/libnosys.a
LOAD /opt/arm-gnu-toolchain-14.2/bin/../lib/gcc/arm-none-eabi/14.2.1/../../../../arm-none-eabi/lib/thumb/v6-m/nofp/libstdc++_nano.a
LOAD /opt/arm-gnu-toolchain-14.2/bin/../lib/gcc/arm-none-eabi/14.2.1/../../../../arm-none-eabi/lib/thumb/v6-m/nofp/libm.a
LOAD /opt/arm-gnu-toolchain-14.2/bin/../lib/gcc/arm-none-eabi/14.2.1/../../../../arm-none-eabi/lib/thumb/v6-m/nofp/libc_nano.a
START GROUP
LOAD /opt/arm-gnu-toolchain-14.2/bin/../lib/gcc/arm-none-eabi/14.2.1/thumb/v6-m/nofp/libgcc.a
LOAD /opt/arm-gnu-toolchain-14.2/bin/../lib/gcc/arm-none-eabi/14.2.1/../../../../arm-none-eabi/lib/thumb/v6-m/nofp/libc_nano.a
END GROUP
START GROUP
LOAD /opt/arm-gnu-toolchain-14.2/bin/../lib/gcc/arm-none-eabi/14.2.1/thumb/v6-m/nofp/libgcc.a
LOAD /opt/arm-gnu-toolchain-14.2/bin/../lib/gcc/arm-none-eabi/14.2.1/../../../../arm-none-eabi/lib/thumb/v6-m/nofp/libc_nano.a
END GROUP
LOAD /opt/arm-gnu-toolchain-14.2/bin/../lib/gcc/arm-none-eabi/14.2.1/thumb/v6-m/nofp/crtend.o
LOAD /opt/arm-gnu-toolchain-14.2/bin/../lib/gcc/arm-none-eabi/14.2.1/thumb/v6-m/nofp/crtn.o
                0x20009000                        _estack = (ORIGIN (RAM) + LENGTH (RAM))
                0x00000400                        _Min_Heap_Size = 0x400
                0x00000400                        _Min_Stack_Size = 0x400

.isr_vector     0x08000000       0xbc
                0x08000000                        . = ALIGN (0x4)
 *(.isr_vector)
 .isr_vector    0x08000000       0xbc build/debug/startup_stm32g071xx.o
                0x08000000                g_pfnVectors
                0x080000bc                        . = ALIGN (0x4)

.text           0x080000c0    0x13b68
                0x080000c0                        . = ALIGN (0x4)
 *(.text)
 .text          0x080000c0      0x400 build/debug/CLI_Module.o
                0x080000fc                CLI_Module::_process_task(void*)
                0x08000120                CLI_Module::init(char const*, unsigned short)
                0x08000208                CLI_Module::start()
                0x0800021c                CLI_Module::bind_write_data(void (*)(unsigned char*, unsigned short, void*), void*)
                0x0800022c                CLI_Module::bind_write_data(Serial*)
                0x08000244                CLI_Module::_low_level_receive_char(EmbeddedCli*, char)
                0x08000250                CLI_Module::receive_data(unsigned char*, unsigned short)
                0x08000294                CLI_Module::get_cli_module(int)
                0x080002b8                CLI_Module::get_cli_module(EmbeddedCli*)
                0x080002e4                CLI_Module::_low_level_write_char(EmbeddedCli*, char)
                0x08000304                CLI_Module::_low_level_write_string(EmbeddedCli*, char const*)
                0x08000324                CLI_Module::get_cli_module(Serial*)
                0x08000350                CLI_Module::start_all()
                0x0800037c                CLI_Module::execute_subcmd(CLI_Module*, char const*, void*)
                0x0800037e                CLI_Module::init_arg_list(char const**, char const*)
                0x080003c0                CLI_Module::print(char const*, ...)
                0x0800040e                CLI_Module::add_command(CliCommandBinding)
                0x08000452                CLI_Module::add_command_to_all(CliCommandBinding)
                0x080004a0                CLI_Module::add_command_to_all(char const*, char const*, bool, void*, void (*)(EmbeddedCli*, char*, void*))
 .text          0x080004c0       0x8c build/debug/HAL_System.o
                0x080004c0                HAL_System::period_elapsed_callback(__TIM_HandleTypeDef*)
                0x080004dc                HAL_System::init()
                0x080004fc                HAL_System::get_tick_us()
                0x08000514                HAL_System::get_tick_ms()
                0x08000530                HAL_System::delay_ms(unsigned long)
 .text          0x0800054c      0x190 build/debug/MC_Serial.o
                0x0800059c                MC_Serial::init()
                0x080005ec                printf_
                0x08000654                println
 .text          0x080006dc      0x1ac build/debug/My_CLI.o
                0x080006dc                start(EmbeddedCli*, char*, void*)
                0x08000700                stop(EmbeddedCli*, char*, void*)
                0x08000730                reset(EmbeddedCli*, char*, void*)
                0x08000758                set_dir(EmbeddedCli*, char*, void*)
                0x080007c8                set_fre(EmbeddedCli*, char*, void*)
                0x08000830                set_duty(EmbeddedCli*, char*, void*)
 .text          0x08000888      0x13c build/debug/My_Vofa.o
                0x08000888                My_Vofa_Callback(__UART_HandleTypeDef*, unsigned short)
                0x080008c8                Vofa_SendFireWater(__UART_HandleTypeDef*, float*, unsigned short, unsigned long)
                0x08000940                Vofa_SendFireWater_VA(__UART_HandleTypeDef*, unsigned short, ...)
                0x08000994                Vofa_Init(__UART_HandleTypeDef*)
 .text          0x080009c4      0x318 build/debug/Step.o
                0x08000a50                Step_Motor::Set_Motor_DTR(bool)
                0x08000a76                Step_Motor::Set_Motor_EN(bool)
                0x08000ab4                Step_Motor::Set_Motor_DutyCycle(float)
                0x08000b1c                Step_Motor::Set_Motor_Frequency(float)
                0x08000c14                Step_Motor::Motor_Init()
 .text          0x08000cdc      0x4f0 build/debug/StepperMotor_Loop.o
                0x08000dc4                StepperMotor::My_Stepper_Init()
                0x08000e28                StepperMotor::Update_Speed_Angle_LPFAndPLL()
                0x08000f74                StepperMotor::setFre()
                0x08001024                StepperMotor::Speed_Loop()
                0x080010a4                StepperMotor::Position_Loop()
                0x08001160                StepperMotor::Step_Handler()
 .text          0x080011cc       0xe8 build/debug/Task_CLI.o
                0x080011e0                Task_CLI(void*)
 .text          0x080012b4       0x90 build/debug/Task_Launch.o
                0x080012b4                MC_TaskStart()
                0x0800133c                MC_ScheduleStart
 .text          0x08001344       0x44 build/debug/Task_SystemInit.o
                0x08001344                Task_SystemInit(void*)
 .text          0x08001388      0x12c build/debug/Task_Test.o
                0x08001398                lajio1()
                0x080013e8                lajio2()
                0x0800141c                Task_Test(void*)
 .text          0x080014b4       0x2c build/debug/Task_UorbDemo.o
                0x080014b4                Task_UorbDemo(void*)
 .text          0x080014e0      0x530 build/debug/Task_Vofa.o
                0x080014e0                vofa_sync_last(Vafa_data*)
                0x08001508                vofa_data_init()
                0x0800160c                vofa_update_mode(Work_Mode*, Work_Mode, unsigned char)
                0x080016ac                vofa_update_if_changed(Vafa_data*, unsigned char, float*, unsigned char)
                0x0800173c                vofa_detect_changes(Vafa_data*)
                0x08001776                Task_VofaRx(void*)
 .text          0x08001a10       0xf6 build/debug/avg_filter.o
                0x08001a10                AvgFilter::init(unsigned char)
                0x08001a3c                AvgFilter::filter(float)
                0x08001af6                AvgFilter::clear()
 *fill*         0x08001b06        0x2 
 .text          0x08001b08      0x4ec build/debug/kth_read.o
                0x08001b08                KTH7111::KTH_CS_Enble(bool)
                0x08001b22                KTH7111::SPI_Set_MOSI_Output()
                0x08001b4a                KTH7111::SPI_Set_MOSI_Input()
                0x08001b74                KTH7111::CRC8_ITU(unsigned char const*, unsigned char)
                0x08001bb2                KTH7111::KTH7111_Send_JIAO_CMD()
                0x08001c44                KTH7111::Get_KTH7111_Radian()
                0x08001c48                KTH7111::Get_KTH7111_Degree()
                0x08001c4c                KTH7111::KTH7111_ReadReg(unsigned char)
                0x08001cfc                KTH7111::KTH7111_WriteReg(unsigned char, unsigned char)
                0x08001dc8                KTH7111::KTH7111_RotationDirection(bool)
                0x08001e20                KTH7111::KTH7111_BurnMTP()
                0x08001e68                KTH7111::KTH7111_Init(bool)
                0x08001e88                KTH7111::KTH7111_Read_MoreRegs(unsigned char*, unsigned char*, unsigned char)
                0x08001eba                KTH7111::KTH7111_Write_MoreRegs(unsigned char*, unsigned char*, unsigned char, bool)
                0x08001efe                KTH7111::KTH7111_Get_ANLC_Status()
                0x08001f0e                KTH7111::KTH7111_ANLC_Calibration(unsigned long)
                0x08001fc0                KTH7111::SetZeroAngle_RuanJian(float)
                0x08001fc2                KTH7111::KTH7111_SetNowZero()
 .text          0x08001ff4       0x7c build/debug/lowpass_filter.o
                0x08001ff4                LowpassFilter::init(float)
                0x08002024                LowpassFilter::filter(float)
                0x08002048                LowpassFilter::filter_with_alpha(float, float)
                0x0800206a                LowpassFilter::clear()
 .text          0x08002070      0x1c8 build/debug/my_tim.o
                0x08002070                My_Tim_Callback(__TIM_HandleTypeDef*)
                0x08002188                My_Tim_OC_Callback(__TIM_HandleTypeDef*)
                0x080021cc                My_Tim_Init(__TIM_HandleTypeDef*, ADC_HandleTypeDef*)
                0x08002208                M1_Tim_Callback(__TIM_HandleTypeDef*)
                0x08002220                M2_Tim_Callback(__TIM_HandleTypeDef*)
 .text          0x08002238      0x1d4 build/debug/pll.o
                0x08002238                foc_pll_run(float, float, float*, float*, PLL_Parameter*)
 .text          0x0800240c      0xa44 build/debug/serial.o
                0x0800240c                Serial::get_serial(__UART_HandleTypeDef*)
                0x08002438                Serial::generate_default_config(Serial_Config*)
                0x08002460                Serial::_init_buf()
                0x080024a8                Serial::_init_queue()
                0x080024de                Serial::_init_semaphore()
                0x08002528                Serial::_init_task()
                0x080025a8                Serial::_init_callback()
                0x080025ec                Serial::_is_tx_busy(bool)
                0x08002650                Serial::_update_info(short, short)
                0x0800267c                Serial::_rx_irq_start()
                0x080026f0                Serial::init(char const*, Serial_Config*, __UART_HandleTypeDef*)
                0x08002814                Serial::init_with_default(char const*, __UART_HandleTypeDef*)
                0x08002834                Serial::_tx_irq_start(__DataPack_t*)
                0x080028a2                Serial::register_rx_msg_handler(void (*)(__DataPack_t*, Serial*, void*), void*)
                0x080028b6                Serial::_rx_callback(unsigned short)
                0x0800296c                Serial::_tx_callback()
                0x080029c2                Serial::_error_callback()
                0x08002a0c                Serial::send_data(__DataPack_t*, bool)
                0x08002b7c                Serial::send_data(unsigned char*, unsigned short, unsigned long)
                0x08002b98                Serial::send_data_from_isr(unsigned char*, unsigned short, unsigned long)
                0x08002d08                Serial::send_data_fast(unsigned char*, unsigned short)
                0x08002d3e                Serial::print(char const*, ...)
                0x08002da8                Serial::print_from_isr(char const*, ...)
                0x08002df4                Serial::_rx_task()
                0x08002e20                Serial::_tx_task()
                0x08002e4e                Serial::_error_handler(Serial_Error)
 .text          0x08002e50       0x14 /opt/arm-gnu-toolchain-14.2/bin/../lib/gcc/arm-none-eabi/14.2.1/../../../../arm-none-eabi/lib/thumb/v6-m/nofp/libc_nano.a(libc_a-strcmp.o)
                0x08002e50                strcmp
 .text          0x08002e64        0xe /opt/arm-gnu-toolchain-14.2/bin/../lib/gcc/arm-none-eabi/14.2.1/../../../../arm-none-eabi/lib/thumb/v6-m/nofp/libc_nano.a(libc_a-strlen.o)
                0x08002e64                strlen
 *fill*         0x08002e72        0x2 
 .text          0x08002e74       0x14 /opt/arm-gnu-toolchain-14.2/bin/../lib/gcc/arm-none-eabi/14.2.1/thumb/v6-m/nofp/libgcc.a(_thumb1_case_uqi.o)
                0x08002e74                __gnu_thumb1_case_uqi
 .text          0x08002e88       0x14 /opt/arm-gnu-toolchain-14.2/bin/../lib/gcc/arm-none-eabi/14.2.1/thumb/v6-m/nofp/libgcc.a(_thumb1_case_shi.o)
                0x08002e88                __gnu_thumb1_case_shi
 .text          0x08002e9c      0x114 /opt/arm-gnu-toolchain-14.2/bin/../lib/gcc/arm-none-eabi/14.2.1/thumb/v6-m/nofp/libgcc.a(_udivsi3.o)
                0x08002e9c                __udivsi3
                0x08002e9c                __aeabi_uidiv
                0x08002fa8                __aeabi_uidivmod
 .text          0x08002fb0      0x1d4 /opt/arm-gnu-toolchain-14.2/bin/../lib/gcc/arm-none-eabi/14.2.1/thumb/v6-m/nofp/libgcc.a(_divsi3.o)
                0x08002fb0                __aeabi_idiv
                0x08002fb0                __divsi3
                0x0800317c                __aeabi_idivmod
 .text          0x08003184        0x4 /opt/arm-gnu-toolchain-14.2/bin/../lib/gcc/arm-none-eabi/14.2.1/thumb/v6-m/nofp/libgcc.a(_dvmd_tls.o)
                0x08003184                __aeabi_ldiv0
                0x08003184                __aeabi_idiv0
 .text          0x08003188       0x7c /opt/arm-gnu-toolchain-14.2/bin/../lib/gcc/arm-none-eabi/14.2.1/thumb/v6-m/nofp/libgcc.a(_arm_cmpdf2.o)
                0x08003188                __aeabi_cdrcmple
                0x08003198                __aeabi_cdcmple
                0x08003198                __aeabi_cdcmpeq
                0x080031a8                __aeabi_dcmpeq
                0x080031b4                __aeabi_dcmplt
                0x080031c8                __aeabi_dcmple
                0x080031dc                __aeabi_dcmpgt
                0x080031f0                __aeabi_dcmpge
 .text          0x08003204       0x74 /opt/arm-gnu-toolchain-14.2/bin/../lib/gcc/arm-none-eabi/14.2.1/thumb/v6-m/nofp/libgcc.a(_arm_cmpsf2.o)
                0x08003204                __aeabi_cfrcmple
                0x0800320c                __aeabi_cfcmple
                0x0800320c                __aeabi_cfcmpeq
                0x0800321c                __aeabi_fcmpeq
                0x08003228                __aeabi_fcmplt
                0x0800323c                __aeabi_fcmple
                0x08003250                __aeabi_fcmpgt
                0x08003264                __aeabi_fcmpge
 .text          0x08003278       0x40 /opt/arm-gnu-toolchain-14.2/bin/../lib/gcc/arm-none-eabi/14.2.1/thumb/v6-m/nofp/libgcc.a(_aeabi_uldivmod.o)
                0x08003278                __aeabi_uldivmod
 .text          0x080032b8       0x3c /opt/arm-gnu-toolchain-14.2/bin/../lib/gcc/arm-none-eabi/14.2.1/thumb/v6-m/nofp/libgcc.a(_clzsi2.o)
                0x080032b8                __clzsi2
 .text          0x080032f4       0x18 /opt/arm-gnu-toolchain-14.2/bin/../lib/gcc/arm-none-eabi/14.2.1/thumb/v6-m/nofp/libgcc.a(_clzdi2.o)
                0x080032f4                __clzdi2
 *(.text*)
 .text.deregister_tm_clones
                0x0800330c       0x20 /opt/arm-gnu-toolchain-14.2/bin/../lib/gcc/arm-none-eabi/14.2.1/thumb/v6-m/nofp/crtbegin.o
 .text.register_tm_clones
                0x0800332c       0x28 /opt/arm-gnu-toolchain-14.2/bin/../lib/gcc/arm-none-eabi/14.2.1/thumb/v6-m/nofp/crtbegin.o
 .text.__do_global_dtors_aux
                0x08003354       0x2c /opt/arm-gnu-toolchain-14.2/bin/../lib/gcc/arm-none-eabi/14.2.1/thumb/v6-m/nofp/crtbegin.o
 .text.frame_dummy
                0x08003380       0x24 /opt/arm-gnu-toolchain-14.2/bin/../lib/gcc/arm-none-eabi/14.2.1/thumb/v6-m/nofp/crtbegin.o
 .text.MX_ADC1_Init
                0x080033a4       0x7c build/debug/adc.o
                0x080033a4                MX_ADC1_Init
 .text.HAL_ADC_MspInit
                0x08003420       0x98 build/debug/adc.o
                0x08003420                HAL_ADC_MspInit
 .text.MX_FREERTOS_Init
                0x080034b8        0x8 build/debug/app_freertos.o
                0x080034b8                MX_FREERTOS_Init
 .text.SysTick_Handler
                0x080034c0       0x1c build/debug/cmsis_os2.o
                0x080034c0                SysTick_Handler
 .text.osKernelInitialize
                0x080034dc       0x28 build/debug/cmsis_os2.o
                0x080034dc                osKernelInitialize
 .text.osKernelStart
                0x08003504       0x40 build/debug/cmsis_os2.o
                0x08003504                osKernelStart
 .text.vApplicationGetIdleTaskMemory
                0x08003544       0x18 build/debug/cmsis_os2.o
                0x08003544                vApplicationGetIdleTaskMemory
 .text.vApplicationGetTimerTaskMemory
                0x0800355c       0x18 build/debug/cmsis_os2.o
                0x0800355c                vApplicationGetTimerTaskMemory
 .text.MX_DMA_Init
                0x08003574       0x50 build/debug/dma.o
                0x08003574                MX_DMA_Init
 .text.writeToOutput
                0x080035c4        0x8 build/debug/embedded_cli.o
 .text.printBindingHelp
                0x080035cc       0x28 build/debug/embedded_cli.o
 .text.onUnknownCommand
                0x080035f4       0x34 build/debug/embedded_cli.o
 .text.isControlChar
                0x08003628       0x32 build/debug/embedded_cli.o
 .text.isDisplayableChar
                0x0800365a       0x10 build/debug/embedded_cli.o
 .text.fifoBufAvailable
                0x0800366a       0x1a build/debug/embedded_cli.o
 .text.fifoBufPop
                0x08003684       0x24 build/debug/embedded_cli.o
 .text.fifoBufPush
                0x080036a8       0x28 build/debug/embedded_cli.o
 .text.getTokenPosition
                0x080036d0       0x44 build/debug/embedded_cli.o
 .text.clearCurrentLine
                0x08003714       0x3a build/debug/embedded_cli.o
 .text.getAutocompletedCommand
                0x0800374e       0xd4 build/debug/embedded_cli.o
 *fill*         0x08003822        0x2 
 .text.onAutocompleteRequest
                0x08003824       0xbc build/debug/embedded_cli.o
 .text.onCharInput
                0x080038e0       0x68 build/debug/embedded_cli.o
 .text.moveCursor
                0x08003948       0x40 build/debug/embedded_cli.o
 .text.printLiveAutocompletion
                0x08003988       0x94 build/debug/embedded_cli.o
 .text.embeddedCliRequiredSize
                0x08003a1c       0x30 build/debug/embedded_cli.o
                0x08003a1c                embeddedCliRequiredSize
 .text.embeddedCliReceiveChar
                0x08003a4c       0x1c build/debug/embedded_cli.o
                0x08003a4c                embeddedCliReceiveChar
 .text.embeddedCliAddBinding
                0x08003a68       0x40 build/debug/embedded_cli.o
                0x08003a68                embeddedCliAddBinding
 .text.initInternalBindings
                0x08003aa8       0x2c build/debug/embedded_cli.o
 .text.embeddedCliNew
                0x08003ad4       0xd0 build/debug/embedded_cli.o
                0x08003ad4                embeddedCliNew
 .text.embeddedCliTokenizeArgs
                0x08003ba4       0x88 build/debug/embedded_cli.o
                0x08003ba4                embeddedCliTokenizeArgs
 .text.embeddedCliGetToken
                0x08003c2c       0x1c build/debug/embedded_cli.o
                0x08003c2c                embeddedCliGetToken
 .text.historyGet
                0x08003c48       0x1c build/debug/embedded_cli.o
 .text.navigateHistory
                0x08003c64       0x98 build/debug/embedded_cli.o
 .text.onEscapedInput
                0x08003cfc       0x78 build/debug/embedded_cli.o
 .text.embeddedCliGetTokenVariable
                0x08003d74       0x1c build/debug/embedded_cli.o
                0x08003d74                embeddedCliGetTokenVariable
 .text.historyRemove
                0x08003d90       0x66 build/debug/embedded_cli.o
 .text.historyPut
                0x08003df6       0x76 build/debug/embedded_cli.o
 .text.parseCommand
                0x08003e6c      0x15c build/debug/embedded_cli.o
 .text.onControlInput
                0x08003fc8       0xb8 build/debug/embedded_cli.o
 .text.embeddedCliProcess
                0x08004080       0xb0 build/debug/embedded_cli.o
                0x08004080                embeddedCliProcess
 .text.embeddedCliGetTokenCount
                0x08004130       0x2e build/debug/embedded_cli.o
                0x08004130                embeddedCliGetTokenCount
 *fill*         0x0800415e        0x2 
 .text.onHelp   0x08004160      0x118 build/debug/embedded_cli.o
 .text.MX_GPIO_Init
                0x08004278      0x110 build/debug/gpio.o
                0x08004278                MX_GPIO_Init
 .text.prvHeapInit
                0x08004388       0x64 build/debug/heap_4.o
 .text.prvInsertBlockIntoFreeList
                0x080043ec       0x54 build/debug/heap_4.o
 .text.pvPortMalloc
                0x08004440       0xe4 build/debug/heap_4.o
                0x08004440                pvPortMalloc
 .text.vPortFree
                0x08004524       0x5c build/debug/heap_4.o
                0x08004524                vPortFree
 .text.MX_I2C2_Init
                0x08004580       0x60 build/debug/i2c.o
                0x08004580                MX_I2C2_Init
 .text.HAL_I2C_MspInit
                0x080045e0       0x64 build/debug/i2c.o
                0x080045e0                HAL_I2C_MspInit
 .text.vListInitialise
                0x08004644       0x16 build/debug/list.o
                0x08004644                vListInitialise
 .text.vListInitialiseItem
                0x0800465a        0x6 build/debug/list.o
                0x0800465a                vListInitialiseItem
 .text.vListInsertEnd
                0x08004660       0x16 build/debug/list.o
                0x08004660                vListInsertEnd
 .text.vListInsert
                0x08004676       0x2e build/debug/list.o
                0x08004676                vListInsert
 .text.uxListRemove
                0x080046a4       0x26 build/debug/list.o
                0x080046a4                uxListRemove
 *fill*         0x080046ca        0x2 
 .text.prvTaskExitError
                0x080046cc       0x24 build/debug/port.o
 .text.vPortStartFirstTask
                0x080046f0       0x34 build/debug/port.o
 .text.pxPortInitialiseStack
                0x08004724       0x24 build/debug/port.o
                0x08004724                pxPortInitialiseStack
 .text.SVC_Handler
                0x08004748        0x2 build/debug/port.o
                0x08004748                SVC_Handler
 *fill*         0x0800474a        0x2 
 .text.vPortYield
                0x0800474c       0x18 build/debug/port.o
                0x0800474c                vPortYield
 .text.vPortEnterCritical
                0x08004764       0x18 build/debug/port.o
                0x08004764                vPortEnterCritical
 .text.vPortExitCritical
                0x0800477c       0x20 build/debug/port.o
                0x0800477c                vPortExitCritical
 .text.ulSetInterruptMaskFromISR
                0x0800479c        0x8 build/debug/port.o
                0x0800479c                ulSetInterruptMaskFromISR
 .text.vClearInterruptMaskFromISR
                0x080047a4        0x6 build/debug/port.o
                0x080047a4                vClearInterruptMaskFromISR
 *fill*         0x080047aa        0x6 
 .text.PendSV_Handler
                0x080047b0       0x44 build/debug/port.o
                0x080047b0                PendSV_Handler
 .text.xPortSysTickHandler
                0x080047f4       0x24 build/debug/port.o
                0x080047f4                xPortSysTickHandler
 .text.vPortSetupTimerInterrupt
                0x08004818       0x34 build/debug/port.o
                0x08004818                vPortSetupTimerInterrupt
 .text.xPortStartScheduler
                0x0800484c       0x3c build/debug/port.o
                0x0800484c                xPortStartScheduler
 .text._out_buffer
                0x08004888        0x8 build/debug/printf.o
 .text._out_null
                0x08004890        0x2 build/debug/printf.o
 .text._atoi    0x08004892       0x24 build/debug/printf.o
 .text._out_rev
                0x080048b6       0xb0 build/debug/printf.o
 .text._ntoa_format
                0x08004966      0x10e build/debug/printf.o
 .text._ntoa_long
                0x08004a74       0xbc build/debug/printf.o
 .text._ntoa_long_long
                0x08004b30      0x10e build/debug/printf.o
 *fill*         0x08004c3e        0x2 
 .text._etoa    0x08004c40      0x408 build/debug/printf.o
 .text._ftoa    0x08005048      0x328 build/debug/printf.o
 .text._vsnprintf
                0x08005370      0x6a4 build/debug/printf.o
 .text.snprintf_
                0x08005a14       0x28 build/debug/printf.o
                0x08005a14                snprintf_
 .text.vsnprintf_
                0x08005a3c       0x1c build/debug/printf.o
                0x08005a3c                vsnprintf_
 .text.prvGetDisinheritPriorityAfterTimeout
                0x08005a58       0x12 build/debug/queue.o
 .text.prvIsQueueFull
                0x08005a6a       0x1e build/debug/queue.o
 .text.prvIsQueueEmpty
                0x08005a88       0x1c build/debug/queue.o
 .text.prvCopyDataToQueue
                0x08005aa4       0x7e build/debug/queue.o
 .text.prvCopyDataFromQueue
                0x08005b22       0x24 build/debug/queue.o
 .text.prvUnlockQueue
                0x08005b46       0x72 build/debug/queue.o
 .text.xQueueGenericReset
                0x08005bb8       0x6e build/debug/queue.o
                0x08005bb8                xQueueGenericReset
 .text.prvInitialiseNewQueue
                0x08005c26       0x22 build/debug/queue.o
 .text.xQueueGenericCreateStatic
                0x08005c48       0x54 build/debug/queue.o
                0x08005c48                xQueueGenericCreateStatic
 .text.xQueueGenericCreate
                0x08005c9c       0x3c build/debug/queue.o
                0x08005c9c                xQueueGenericCreate
 .text.xQueueGenericSend
                0x08005cd8      0x124 build/debug/queue.o
                0x08005cd8                xQueueGenericSend
 .text.prvInitialiseMutex
                0x08005dfc       0x18 build/debug/queue.o
 .text.xQueueCreateMutex
                0x08005e14       0x16 build/debug/queue.o
                0x08005e14                xQueueCreateMutex
 .text.xQueueGenericSendFromISR
                0x08005e2a       0xac build/debug/queue.o
                0x08005e2a                xQueueGenericSendFromISR
 .text.xQueueGiveFromISR
                0x08005ed6       0x86 build/debug/queue.o
                0x08005ed6                xQueueGiveFromISR
 .text.xQueueReceive
                0x08005f5c      0x116 build/debug/queue.o
                0x08005f5c                xQueueReceive
 .text.xQueueSemaphoreTake
                0x08006072      0x156 build/debug/queue.o
                0x08006072                xQueueSemaphoreTake
 .text.xQueueReceiveFromISR
                0x080061c8       0x96 build/debug/queue.o
                0x080061c8                xQueueReceiveFromISR
 .text.uxQueueMessagesWaiting
                0x0800625e       0x18 build/debug/queue.o
                0x0800625e                uxQueueMessagesWaiting
 .text.uxQueueMessagesWaitingFromISR
                0x08006276        0xc build/debug/queue.o
                0x08006276                uxQueueMessagesWaitingFromISR
 *fill*         0x08006282        0x2 
 .text.vQueueAddToRegistry
                0x08006284       0x24 build/debug/queue.o
                0x08006284                vQueueAddToRegistry
 .text.vQueueWaitForMessageRestricted
                0x080062a8       0x50 build/debug/queue.o
                0x080062a8                vQueueWaitForMessageRestricted
 .text.MX_SPI1_Init
                0x080062f8       0x58 build/debug/spi.o
                0x080062f8                MX_SPI1_Init
 .text.MX_SPI2_Init
                0x08006350       0x58 build/debug/spi.o
                0x08006350                MX_SPI2_Init
 .text.HAL_SPI_MspInit
                0x080063a8       0xa8 build/debug/spi.o
                0x080063a8                HAL_SPI_MspInit
 .text.HAL_Init
                0x08006450       0x28 build/debug/stm32g0xx_hal.o
                0x08006450                HAL_Init
 .text.HAL_IncTick
                0x08006478       0x18 build/debug/stm32g0xx_hal.o
                0x08006478                HAL_IncTick
 .text.HAL_GetTick
                0x08006490        0xc build/debug/stm32g0xx_hal.o
                0x08006490                HAL_GetTick
 .text.HAL_ADC_Init
                0x0800649c      0x244 build/debug/stm32g0xx_hal_adc.o
                0x0800649c                HAL_ADC_Init
 .text.HAL_ADC_ConvCpltCallback
                0x080066e0        0x2 build/debug/stm32g0xx_hal_adc.o
                0x080066e0                HAL_ADC_ConvCpltCallback
 .text.HAL_ADC_ConvHalfCpltCallback
                0x080066e2        0x2 build/debug/stm32g0xx_hal_adc.o
                0x080066e2                HAL_ADC_ConvHalfCpltCallback
 .text.ADC_DMAHalfConvCplt
                0x080066e4        0xa build/debug/stm32g0xx_hal_adc.o
 .text.HAL_ADC_ErrorCallback
                0x080066ee        0x2 build/debug/stm32g0xx_hal_adc.o
                0x080066ee                HAL_ADC_ErrorCallback
 .text.ADC_DMAError
                0x080066f0       0x1a build/debug/stm32g0xx_hal_adc.o
 *fill*         0x0800670a        0x2 
 .text.ADC_DMAConvCplt
                0x0800670c       0x80 build/debug/stm32g0xx_hal_adc.o
 .text.HAL_ADC_ConfigChannel
                0x0800678c      0x2a0 build/debug/stm32g0xx_hal_adc.o
                0x0800678c                HAL_ADC_ConfigChannel
 .text.ADC_Enable
                0x08006a2c       0xcc build/debug/stm32g0xx_hal_adc.o
                0x08006a2c                ADC_Enable
 .text.HAL_ADC_Start_DMA
                0x08006af8       0xbc build/debug/stm32g0xx_hal_adc.o
                0x08006af8                HAL_ADC_Start_DMA
 .text.__NVIC_SetPriority
                0x08006bb4       0x60 build/debug/stm32g0xx_hal_cortex.o
 .text.__NVIC_SystemReset
                0x08006c14       0x1c build/debug/stm32g0xx_hal_cortex.o
 .text.HAL_NVIC_SetPriority
                0x08006c30        0x8 build/debug/stm32g0xx_hal_cortex.o
                0x08006c30                HAL_NVIC_SetPriority
 .text.HAL_NVIC_EnableIRQ
                0x08006c38       0x18 build/debug/stm32g0xx_hal_cortex.o
                0x08006c38                HAL_NVIC_EnableIRQ
 .text.HAL_NVIC_SystemReset
                0x08006c50        0x6 build/debug/stm32g0xx_hal_cortex.o
                0x08006c50                HAL_NVIC_SystemReset
 *fill*         0x08006c56        0x2 
 .text.DMA_SetConfig
                0x08006c58       0x48 build/debug/stm32g0xx_hal_dma.o
 .text.DMA_CalcDMAMUXChannelBaseAndMask
                0x08006ca0       0x38 build/debug/stm32g0xx_hal_dma.o
 .text.DMA_CalcDMAMUXRequestGenBaseAndMask
                0x08006cd8       0x28 build/debug/stm32g0xx_hal_dma.o
 .text.HAL_DMA_Init
                0x08006d00       0xb0 build/debug/stm32g0xx_hal_dma.o
                0x08006d00                HAL_DMA_Init
 .text.HAL_DMA_Start_IT
                0x08006db0       0x9c build/debug/stm32g0xx_hal_dma.o
                0x08006db0                HAL_DMA_Start_IT
 .text.HAL_DMA_Abort
                0x08006e4c       0x80 build/debug/stm32g0xx_hal_dma.o
                0x08006e4c                HAL_DMA_Abort
 .text.HAL_DMA_Abort_IT
                0x08006ecc       0x80 build/debug/stm32g0xx_hal_dma.o
                0x08006ecc                HAL_DMA_Abort_IT
 .text.HAL_DMA_IRQHandler
                0x08006f4c       0xcc build/debug/stm32g0xx_hal_dma.o
                0x08006f4c                HAL_DMA_IRQHandler
 .text.HAL_DMA_GetError
                0x08007018        0x4 build/debug/stm32g0xx_hal_dma.o
                0x08007018                HAL_DMA_GetError
 .text.HAL_GPIO_Init
                0x0800701c      0x174 build/debug/stm32g0xx_hal_gpio.o
                0x0800701c                HAL_GPIO_Init
 .text.HAL_GPIO_WritePin
                0x08007190        0xc build/debug/stm32g0xx_hal_gpio.o
                0x08007190                HAL_GPIO_WritePin
 .text.HAL_I2C_Init
                0x0800719c       0xdc build/debug/stm32g0xx_hal_i2c.o
                0x0800719c                HAL_I2C_Init
 .text.HAL_I2CEx_ConfigAnalogFilter
                0x08007278       0x58 build/debug/stm32g0xx_hal_i2c_ex.o
                0x08007278                HAL_I2CEx_ConfigAnalogFilter
 .text.HAL_I2CEx_ConfigDigitalFilter
                0x080072d0       0x54 build/debug/stm32g0xx_hal_i2c_ex.o
                0x080072d0                HAL_I2CEx_ConfigDigitalFilter
 .text.HAL_MspInit
                0x08007324       0x3c build/debug/stm32g0xx_hal_msp.o
                0x08007324                HAL_MspInit
 .text.HAL_PWREx_ControlVoltageScaling
                0x08007360       0x54 build/debug/stm32g0xx_hal_pwr_ex.o
                0x08007360                HAL_PWREx_ControlVoltageScaling
 .text.HAL_RCC_OscConfig
                0x080073b4      0x4b8 build/debug/stm32g0xx_hal_rcc.o
                0x080073b4                HAL_RCC_OscConfig
 .text.HAL_RCC_GetSysClockFreq
                0x0800786c       0xb8 build/debug/stm32g0xx_hal_rcc.o
                0x0800786c                HAL_RCC_GetSysClockFreq
 .text.HAL_RCC_ClockConfig
                0x08007924      0x18c build/debug/stm32g0xx_hal_rcc.o
                0x08007924                HAL_RCC_ClockConfig
 .text.HAL_RCC_GetHCLKFreq
                0x08007ab0        0xc build/debug/stm32g0xx_hal_rcc.o
                0x08007ab0                HAL_RCC_GetHCLKFreq
 .text.HAL_RCC_GetPCLK1Freq
                0x08007abc       0x28 build/debug/stm32g0xx_hal_rcc.o
                0x08007abc                HAL_RCC_GetPCLK1Freq
 .text.HAL_RCC_GetClockConfig
                0x08007ae4       0x34 build/debug/stm32g0xx_hal_rcc.o
                0x08007ae4                HAL_RCC_GetClockConfig
 .text.HAL_RCCEx_PeriphCLKConfig
                0x08007b18      0x248 build/debug/stm32g0xx_hal_rcc_ex.o
                0x08007b18                HAL_RCCEx_PeriphCLKConfig
 .text.SPI_WaitFlagStateUntilTimeout
                0x08007d60       0xe0 build/debug/stm32g0xx_hal_spi.o
 .text.SPI_WaitFifoStateUntilTimeout
                0x08007e40      0x10c build/debug/stm32g0xx_hal_spi.o
 .text.SPI_EndRxTxTransaction
                0x08007f4c       0x68 build/debug/stm32g0xx_hal_spi.o
 .text.SPI_EndRxTransaction
                0x08007fb4       0x90 build/debug/stm32g0xx_hal_spi.o
 .text.HAL_SPI_Init
                0x08008044      0x104 build/debug/stm32g0xx_hal_spi.o
                0x08008044                HAL_SPI_Init
 .text.HAL_SPI_Transmit
                0x08008148      0x1c4 build/debug/stm32g0xx_hal_spi.o
                0x08008148                HAL_SPI_Transmit
 .text.HAL_SPI_TransmitReceive
                0x0800830c      0x268 build/debug/stm32g0xx_hal_spi.o
                0x0800830c                HAL_SPI_TransmitReceive
 .text.HAL_SPI_Receive
                0x08008574      0x1bc build/debug/stm32g0xx_hal_spi.o
                0x08008574                HAL_SPI_Receive
 .text.HAL_TIM_PWM_MspInit
                0x08008730        0x2 build/debug/stm32g0xx_hal_tim.o
                0x08008730                HAL_TIM_PWM_MspInit
 .text.HAL_TIM_PeriodElapsedHalfCpltCallback
                0x08008732        0x2 build/debug/stm32g0xx_hal_tim.o
                0x08008732                HAL_TIM_PeriodElapsedHalfCpltCallback
 .text.HAL_TIM_OC_DelayElapsedCallback
                0x08008734        0x2 build/debug/stm32g0xx_hal_tim.o
                0x08008734                HAL_TIM_OC_DelayElapsedCallback
 .text.HAL_TIM_IC_CaptureCallback
                0x08008736        0x2 build/debug/stm32g0xx_hal_tim.o
                0x08008736                HAL_TIM_IC_CaptureCallback
 .text.HAL_TIM_IC_CaptureHalfCpltCallback
                0x08008738        0x2 build/debug/stm32g0xx_hal_tim.o
                0x08008738                HAL_TIM_IC_CaptureHalfCpltCallback
 .text.HAL_TIM_PWM_PulseFinishedCallback
                0x0800873a        0x2 build/debug/stm32g0xx_hal_tim.o
                0x0800873a                HAL_TIM_PWM_PulseFinishedCallback
 .text.HAL_TIM_PWM_PulseFinishedHalfCpltCallback
                0x0800873c        0x2 build/debug/stm32g0xx_hal_tim.o
                0x0800873c                HAL_TIM_PWM_PulseFinishedHalfCpltCallback
 .text.HAL_TIM_TriggerCallback
                0x0800873e        0x2 build/debug/stm32g0xx_hal_tim.o
                0x0800873e                HAL_TIM_TriggerCallback
 .text.HAL_TIM_TriggerHalfCpltCallback
                0x08008740        0x2 build/debug/stm32g0xx_hal_tim.o
                0x08008740                HAL_TIM_TriggerHalfCpltCallback
 .text.HAL_TIM_ErrorCallback
                0x08008742        0x2 build/debug/stm32g0xx_hal_tim.o
                0x08008742                HAL_TIM_ErrorCallback
 .text.TIM_OC1_SetConfig
                0x08008744       0x90 build/debug/stm32g0xx_hal_tim.o
 .text.TIM_OC3_SetConfig
                0x080087d4       0x94 build/debug/stm32g0xx_hal_tim.o
 .text.TIM_OC4_SetConfig
                0x08008868       0x74 build/debug/stm32g0xx_hal_tim.o
 .text.TIM_OC5_SetConfig
                0x080088dc       0x6c build/debug/stm32g0xx_hal_tim.o
 .text.TIM_OC6_SetConfig
                0x08008948       0x74 build/debug/stm32g0xx_hal_tim.o
 .text.TIM_TI1_ConfigInputStage
                0x080089bc       0x54 build/debug/stm32g0xx_hal_tim.o
 .text.TIM_TI2_ConfigInputStage
                0x08008a10       0x3c build/debug/stm32g0xx_hal_tim.o
 .text.TIM_ITRx_SetConfig
                0x08008a4c       0x14 build/debug/stm32g0xx_hal_tim.o
 .text.HAL_TIM_Base_Start_IT
                0x08008a60       0x78 build/debug/stm32g0xx_hal_tim.o
                0x08008a60                HAL_TIM_Base_Start_IT
 .text.HAL_TIM_IRQHandler
                0x08008ad8      0x17c build/debug/stm32g0xx_hal_tim.o
                0x08008ad8                HAL_TIM_IRQHandler
 .text.HAL_TIM_RegisterCallback
                0x08008c54      0x154 build/debug/stm32g0xx_hal_tim.o
                0x08008c54                HAL_TIM_RegisterCallback
 .text.TIM_Base_SetConfig
                0x08008da8       0xb0 build/debug/stm32g0xx_hal_tim.o
                0x08008da8                TIM_Base_SetConfig
 .text.TIM_OC2_SetConfig
                0x08008e58       0x84 build/debug/stm32g0xx_hal_tim.o
                0x08008e58                TIM_OC2_SetConfig
 .text.HAL_TIM_PWM_ConfigChannel
                0x08008edc      0x144 build/debug/stm32g0xx_hal_tim.o
                0x08008edc                HAL_TIM_PWM_ConfigChannel
 .text.TIM_ETR_SetConfig
                0x08009020       0x18 build/debug/stm32g0xx_hal_tim.o
                0x08009020                TIM_ETR_SetConfig
 .text.HAL_TIM_ConfigClockSource
                0x08009038      0x108 build/debug/stm32g0xx_hal_tim.o
                0x08009038                HAL_TIM_ConfigClockSource
 .text.TIM_CCxChannelCmd
                0x08009140       0x1a build/debug/stm32g0xx_hal_tim.o
                0x08009140                TIM_CCxChannelCmd
 *fill*         0x0800915a        0x2 
 .text.HAL_TIM_OC_Start_IT
                0x0800915c      0x184 build/debug/stm32g0xx_hal_tim.o
                0x0800915c                HAL_TIM_OC_Start_IT
 .text.HAL_TIM_PWM_Start
                0x080092e0      0x13c build/debug/stm32g0xx_hal_tim.o
                0x080092e0                HAL_TIM_PWM_Start
 .text.TIM_ResetCallback
                0x0800941c       0x90 build/debug/stm32g0xx_hal_tim.o
                0x0800941c                TIM_ResetCallback
 .text.HAL_TIM_Base_Init
                0x080094ac       0x78 build/debug/stm32g0xx_hal_tim.o
                0x080094ac                HAL_TIM_Base_Init
 .text.HAL_TIM_PWM_Init
                0x08009524       0x78 build/debug/stm32g0xx_hal_tim.o
                0x08009524                HAL_TIM_PWM_Init
 .text.HAL_TIMEx_MasterConfigSynchronization
                0x0800959c       0x80 build/debug/stm32g0xx_hal_tim_ex.o
                0x0800959c                HAL_TIMEx_MasterConfigSynchronization
 .text.HAL_TIMEx_ConfigBreakDeadTime
                0x0800961c       0xc4 build/debug/stm32g0xx_hal_tim_ex.o
                0x0800961c                HAL_TIMEx_ConfigBreakDeadTime
 .text.HAL_TIMEx_CommutCallback
                0x080096e0        0x2 build/debug/stm32g0xx_hal_tim_ex.o
                0x080096e0                HAL_TIMEx_CommutCallback
 .text.HAL_TIMEx_CommutHalfCpltCallback
                0x080096e2        0x2 build/debug/stm32g0xx_hal_tim_ex.o
                0x080096e2                HAL_TIMEx_CommutHalfCpltCallback
 .text.HAL_TIMEx_BreakCallback
                0x080096e4        0x2 build/debug/stm32g0xx_hal_tim_ex.o
                0x080096e4                HAL_TIMEx_BreakCallback
 .text.HAL_TIMEx_Break2Callback
                0x080096e6        0x2 build/debug/stm32g0xx_hal_tim_ex.o
                0x080096e6                HAL_TIMEx_Break2Callback
 .text.HAL_InitTick
                0x080096e8       0xa4 build/debug/stm32g0xx_hal_timebase_tim.o
                0x080096e8                HAL_InitTick
 .text.HAL_UART_TxCpltCallback
                0x0800978c        0x2 build/debug/stm32g0xx_hal_uart.o
                0x0800978c                HAL_UART_TxCpltCallback
 .text.HAL_UART_TxHalfCpltCallback
                0x0800978e        0x2 build/debug/stm32g0xx_hal_uart.o
                0x0800978e                HAL_UART_TxHalfCpltCallback
 .text.HAL_UART_RxCpltCallback
                0x08009790        0x2 build/debug/stm32g0xx_hal_uart.o
                0x08009790                HAL_UART_RxCpltCallback
 .text.HAL_UART_RxHalfCpltCallback
                0x08009792        0x2 build/debug/stm32g0xx_hal_uart.o
                0x08009792                HAL_UART_RxHalfCpltCallback
 .text.HAL_UART_ErrorCallback
                0x08009794        0x2 build/debug/stm32g0xx_hal_uart.o
                0x08009794                HAL_UART_ErrorCallback
 .text.HAL_UART_AbortCpltCallback
                0x08009796        0x2 build/debug/stm32g0xx_hal_uart.o
                0x08009796                HAL_UART_AbortCpltCallback
 .text.HAL_UART_AbortTransmitCpltCallback
                0x08009798        0x2 build/debug/stm32g0xx_hal_uart.o
                0x08009798                HAL_UART_AbortTransmitCpltCallback
 .text.HAL_UART_AbortReceiveCpltCallback
                0x0800979a        0x2 build/debug/stm32g0xx_hal_uart.o
                0x0800979a                HAL_UART_AbortReceiveCpltCallback
 .text.HAL_UARTEx_RxEventCallback
                0x0800979c        0x2 build/debug/stm32g0xx_hal_uart.o
                0x0800979c                HAL_UARTEx_RxEventCallback
 *fill*         0x0800979e        0x2 
 .text.UART_EndTxTransfer
                0x080097a0       0x3c build/debug/stm32g0xx_hal_uart.o
 .text.UART_EndRxTransfer
                0x080097dc       0x64 build/debug/stm32g0xx_hal_uart.o
 .text.UART_DMATransmitCplt
                0x08009840       0x46 build/debug/stm32g0xx_hal_uart.o
 .text.UART_DMATxHalfCplt
                0x08009886        0xc build/debug/stm32g0xx_hal_uart.o
 *fill*         0x08009892        0x2 
 .text.UART_DMAReceiveCplt
                0x08009894       0xac build/debug/stm32g0xx_hal_uart.o
 .text.UART_DMARxHalfCplt
                0x08009940       0x3e build/debug/stm32g0xx_hal_uart.o
 .text.UART_DMAError
                0x0800997e       0x48 build/debug/stm32g0xx_hal_uart.o
 .text.UART_DMAAbortOnError
                0x080099c6        0xc build/debug/stm32g0xx_hal_uart.o
 .text.UART_TxISR_8BIT
                0x080099d2       0x5e build/debug/stm32g0xx_hal_uart.o
 .text.UART_TxISR_16BIT
                0x08009a30       0x62 build/debug/stm32g0xx_hal_uart.o
 *fill*         0x08009a92        0x2 
 .text.UART_TxISR_8BIT_FIFOEN
                0x08009a94       0x78 build/debug/stm32g0xx_hal_uart.o
 .text.UART_TxISR_16BIT_FIFOEN
                0x08009b0c       0x7c build/debug/stm32g0xx_hal_uart.o
 .text.UART_EndTransmit_IT
                0x08009b88       0x2c build/debug/stm32g0xx_hal_uart.o
 .text.UART_RxISR_8BIT
                0x08009bb4       0xe8 build/debug/stm32g0xx_hal_uart.o
 .text.UART_RxISR_16BIT
                0x08009c9c       0xe4 build/debug/stm32g0xx_hal_uart.o
 .text.UART_RxISR_8BIT_FIFOEN
                0x08009d80      0x1d0 build/debug/stm32g0xx_hal_uart.o
 .text.UART_RxISR_16BIT_FIFOEN
                0x08009f50      0x1d0 build/debug/stm32g0xx_hal_uart.o
 .text.HAL_UART_RegisterCallback
                0x0800a120       0xe0 build/debug/stm32g0xx_hal_uart.o
                0x0800a120                HAL_UART_RegisterCallback
 .text.HAL_UART_RegisterRxEventCallback
                0x0800a200       0x30 build/debug/stm32g0xx_hal_uart.o
                0x0800a200                HAL_UART_RegisterRxEventCallback
 .text.HAL_UART_Transmit_IT
                0x0800a230       0xd0 build/debug/stm32g0xx_hal_uart.o
                0x0800a230                HAL_UART_Transmit_IT
 .text.HAL_UART_Transmit_DMA
                0x0800a300       0xbc build/debug/stm32g0xx_hal_uart.o
                0x0800a300                HAL_UART_Transmit_DMA
 .text.HAL_UART_AbortReceive
                0x0800a3bc       0xc4 build/debug/stm32g0xx_hal_uart.o
                0x0800a3bc                HAL_UART_AbortReceive
 .text.HAL_UART_IRQHandler
                0x0800a480      0x340 build/debug/stm32g0xx_hal_uart.o
                0x0800a480                HAL_UART_IRQHandler
 .text.UART_InitCallbacksToDefault
                0x0800a7c0       0x7c build/debug/stm32g0xx_hal_uart.o
                0x0800a7c0                UART_InitCallbacksToDefault
 .text.UART_SetConfig
                0x0800a83c      0x2f0 build/debug/stm32g0xx_hal_uart.o
                0x0800a83c                UART_SetConfig
 .text.UART_AdvFeatureConfig
                0x0800ab2c       0xe0 build/debug/stm32g0xx_hal_uart.o
                0x0800ab2c                UART_AdvFeatureConfig
 .text.UART_WaitOnFlagUntilTimeout
                0x0800ac0c       0x9e build/debug/stm32g0xx_hal_uart.o
                0x0800ac0c                UART_WaitOnFlagUntilTimeout
 .text.HAL_UART_Transmit
                0x0800acaa      0x10e build/debug/stm32g0xx_hal_uart.o
                0x0800acaa                HAL_UART_Transmit
 .text.UART_CheckIdleState
                0x0800adb8       0xd4 build/debug/stm32g0xx_hal_uart.o
                0x0800adb8                UART_CheckIdleState
 .text.HAL_UART_Init
                0x0800ae8c       0x8c build/debug/stm32g0xx_hal_uart.o
                0x0800ae8c                HAL_UART_Init
 .text.UART_Start_Receive_IT
                0x0800af18      0x164 build/debug/stm32g0xx_hal_uart.o
                0x0800af18                UART_Start_Receive_IT
 .text.UART_Start_Receive_DMA
                0x0800b07c       0xb4 build/debug/stm32g0xx_hal_uart.o
                0x0800b07c                UART_Start_Receive_DMA
 .text.UARTEx_SetNbDataToProcess
                0x0800b130       0x50 build/debug/stm32g0xx_hal_uart_ex.o
 .text.HAL_UARTEx_WakeupCallback
                0x0800b180        0x2 build/debug/stm32g0xx_hal_uart_ex.o
                0x0800b180                HAL_UARTEx_WakeupCallback
 .text.HAL_UARTEx_RxFifoFullCallback
                0x0800b182        0x2 build/debug/stm32g0xx_hal_uart_ex.o
                0x0800b182                HAL_UARTEx_RxFifoFullCallback
 .text.HAL_UARTEx_TxFifoEmptyCallback
                0x0800b184        0x2 build/debug/stm32g0xx_hal_uart_ex.o
                0x0800b184                HAL_UARTEx_TxFifoEmptyCallback
 *fill*         0x0800b186        0x2 
 .text.HAL_UARTEx_DisableFifoMode
                0x0800b188       0x40 build/debug/stm32g0xx_hal_uart_ex.o
                0x0800b188                HAL_UARTEx_DisableFifoMode
 .text.HAL_UARTEx_SetTxFifoThreshold
                0x0800b1c8       0x4a build/debug/stm32g0xx_hal_uart_ex.o
                0x0800b1c8                HAL_UARTEx_SetTxFifoThreshold
 *fill*         0x0800b212        0x2 
 .text.HAL_UARTEx_SetRxFifoThreshold
                0x0800b214       0x50 build/debug/stm32g0xx_hal_uart_ex.o
                0x0800b214                HAL_UARTEx_SetRxFifoThreshold
 .text.HAL_UARTEx_ReceiveToIdle_IT
                0x0800b264       0x70 build/debug/stm32g0xx_hal_uart_ex.o
                0x0800b264                HAL_UARTEx_ReceiveToIdle_IT
 .text.HAL_UARTEx_ReceiveToIdle_DMA
                0x0800b2d4       0x72 build/debug/stm32g0xx_hal_uart_ex.o
                0x0800b2d4                HAL_UARTEx_ReceiveToIdle_DMA
 .text.NMI_Handler
                0x0800b346        0x2 build/debug/stm32g0xx_it.o
                0x0800b346                NMI_Handler
 .text.HardFault_Handler
                0x0800b348        0x2 build/debug/stm32g0xx_it.o
                0x0800b348                HardFault_Handler
 *fill*         0x0800b34a        0x2 
 .text.DMA1_Channel1_IRQHandler
                0x0800b34c       0x10 build/debug/stm32g0xx_it.o
                0x0800b34c                DMA1_Channel1_IRQHandler
 .text.DMA1_Channel2_3_IRQHandler
                0x0800b35c       0x18 build/debug/stm32g0xx_it.o
                0x0800b35c                DMA1_Channel2_3_IRQHandler
 .text.DMA1_Ch4_7_DMAMUX1_OVR_IRQHandler
                0x0800b374       0x18 build/debug/stm32g0xx_it.o
                0x0800b374                DMA1_Ch4_7_DMAMUX1_OVR_IRQHandler
 .text.TIM1_BRK_UP_TRG_COM_IRQHandler
                0x0800b38c       0x10 build/debug/stm32g0xx_it.o
                0x0800b38c                TIM1_BRK_UP_TRG_COM_IRQHandler
 .text.TIM1_CC_IRQHandler
                0x0800b39c       0x10 build/debug/stm32g0xx_it.o
                0x0800b39c                TIM1_CC_IRQHandler
 .text.TIM2_IRQHandler
                0x0800b3ac       0x10 build/debug/stm32g0xx_it.o
                0x0800b3ac                TIM2_IRQHandler
 .text.TIM3_IRQHandler
                0x0800b3bc       0x10 build/debug/stm32g0xx_it.o
                0x0800b3bc                TIM3_IRQHandler
 .text.TIM15_IRQHandler
                0x0800b3cc       0x10 build/debug/stm32g0xx_it.o
                0x0800b3cc                TIM15_IRQHandler
 .text.TIM17_IRQHandler
                0x0800b3dc       0x10 build/debug/stm32g0xx_it.o
                0x0800b3dc                TIM17_IRQHandler
 .text.USART2_IRQHandler
                0x0800b3ec       0x10 build/debug/stm32g0xx_it.o
                0x0800b3ec                USART2_IRQHandler
 .text.USART3_4_LPUART1_IRQHandler
                0x0800b3fc       0x10 build/debug/stm32g0xx_it.o
                0x0800b3fc                USART3_4_LPUART1_IRQHandler
 .text._getpid  0x0800b40c        0x4 build/debug/syscalls.o
                0x0800b40c                _getpid
 .text._kill    0x0800b410       0x10 build/debug/syscalls.o
                0x0800b410                _kill
 .text._exit    0x0800b420        0xc build/debug/syscalls.o
                0x0800b420                _exit
 .text._read    0x0800b42c       0x1c build/debug/syscalls.o
                0x0800b42c                _read
 .text._write   0x0800b448       0x1c build/debug/syscalls.o
                0x0800b448                _write
 .text._close   0x0800b464        0x6 build/debug/syscalls.o
                0x0800b464                _close
 .text._fstat   0x0800b46a        0xa build/debug/syscalls.o
                0x0800b46a                _fstat
 .text._isatty  0x0800b474        0x4 build/debug/syscalls.o
                0x0800b474                _isatty
 .text._lseek   0x0800b478        0x4 build/debug/syscalls.o
                0x0800b478                _lseek
 .text._sbrk    0x0800b47c       0x48 build/debug/sysmem.o
                0x0800b47c                _sbrk
 .text.SystemInit
                0x0800b4c4        0x2 build/debug/system_stm32g0xx.o
                0x0800b4c4                SystemInit
 *fill*         0x0800b4c6        0x2 
 .text.prvTaskIsTaskSuspended
                0x0800b4c8       0x34 build/debug/tasks.o
 .text.prvResetNextTaskUnblockTime
                0x0800b4fc       0x2c build/debug/tasks.o
 .text.prvInitialiseNewTask
                0x0800b528       0xa8 build/debug/tasks.o
 .text.prvInitialiseTaskLists
                0x0800b5d0       0x68 build/debug/tasks.o
 .text.prvAddNewTaskToReadyList
                0x0800b638       0xa4 build/debug/tasks.o
 .text.prvDeleteTCB
                0x0800b6dc       0x2c build/debug/tasks.o
 .text.prvCheckTasksWaitingTermination
                0x0800b708       0x44 build/debug/tasks.o
 .text.prvIdleTask
                0x0800b74c       0x18 build/debug/tasks.o
 .text.prvAddCurrentTaskToDelayedList
                0x0800b764       0x7c build/debug/tasks.o
 .text.xTaskCreateStatic
                0x0800b7e0       0x54 build/debug/tasks.o
                0x0800b7e0                xTaskCreateStatic
 .text.xTaskCreate
                0x0800b834       0x5e build/debug/tasks.o
                0x0800b834                xTaskCreate
 *fill*         0x0800b892        0x2 
 .text.vTaskDelete
                0x0800b894       0xa0 build/debug/tasks.o
                0x0800b894                vTaskDelete
 .text.vTaskResume
                0x0800b934       0x6c build/debug/tasks.o
                0x0800b934                vTaskResume
 .text.vTaskStartScheduler
                0x0800b9a0       0x7c build/debug/tasks.o
                0x0800b9a0                vTaskStartScheduler
 .text.vTaskSuspendAll
                0x0800ba1c       0x10 build/debug/tasks.o
                0x0800ba1c                vTaskSuspendAll
 .text.xTaskGetTickCount
                0x0800ba2c        0xc build/debug/tasks.o
                0x0800ba2c                xTaskGetTickCount
 .text.xTaskIncrementTick
                0x0800ba38      0x114 build/debug/tasks.o
                0x0800ba38                xTaskIncrementTick
 .text.xTaskResumeAll
                0x0800bb4c       0xe8 build/debug/tasks.o
                0x0800bb4c                xTaskResumeAll
 .text.vTaskDelay
                0x0800bc34       0x30 build/debug/tasks.o
                0x0800bc34                vTaskDelay
 .text.vTaskSwitchContext
                0x0800bc64       0x90 build/debug/tasks.o
                0x0800bc64                vTaskSwitchContext
 .text.vTaskSuspend
                0x0800bcf4       0xac build/debug/tasks.o
                0x0800bcf4                vTaskSuspend
 .text.vTaskPlaceOnEventList
                0x0800bda0       0x24 build/debug/tasks.o
                0x0800bda0                vTaskPlaceOnEventList
 .text.vTaskPlaceOnEventListRestricted
                0x0800bdc4       0x30 build/debug/tasks.o
                0x0800bdc4                vTaskPlaceOnEventListRestricted
 .text.xTaskRemoveFromEventList
                0x0800bdf4       0x84 build/debug/tasks.o
                0x0800bdf4                xTaskRemoveFromEventList
 .text.vTaskInternalSetTimeOutState
                0x0800be78       0x18 build/debug/tasks.o
                0x0800be78                vTaskInternalSetTimeOutState
 .text.xTaskCheckForTimeOut
                0x0800be90       0x68 build/debug/tasks.o
                0x0800be90                xTaskCheckForTimeOut
 .text.vTaskMissedYield
                0x0800bef8        0xc build/debug/tasks.o
                0x0800bef8                vTaskMissedYield
 .text.xTaskGetCurrentTaskHandle
                0x0800bf04        0xc build/debug/tasks.o
                0x0800bf04                xTaskGetCurrentTaskHandle
 .text.xTaskGetSchedulerState
                0x0800bf10       0x24 build/debug/tasks.o
                0x0800bf10                xTaskGetSchedulerState
 .text.xTaskPriorityInherit
                0x0800bf34       0x94 build/debug/tasks.o
                0x0800bf34                xTaskPriorityInherit
 .text.xTaskPriorityDisinherit
                0x0800bfc8       0x78 build/debug/tasks.o
                0x0800bfc8                xTaskPriorityDisinherit
 .text.vTaskPriorityDisinheritAfterTimeout
                0x0800c040       0x84 build/debug/tasks.o
                0x0800c040                vTaskPriorityDisinheritAfterTimeout
 .text.pvTaskIncrementMutexHeldCount
                0x0800c0c4       0x1c build/debug/tasks.o
                0x0800c0c4                pvTaskIncrementMutexHeldCount
 .text.MX_TIM3_Init
                0x0800c0e0       0xb4 build/debug/tim.o
                0x0800c0e0                MX_TIM3_Init
 .text.MX_TIM15_Init
                0x0800c194       0x80 build/debug/tim.o
                0x0800c194                MX_TIM15_Init
 .text.HAL_TIM_Base_MspInit
                0x0800c214      0x110 build/debug/tim.o
                0x0800c214                HAL_TIM_Base_MspInit
 .text.HAL_TIM_MspPostInit
                0x0800c324       0x80 build/debug/tim.o
                0x0800c324                HAL_TIM_MspPostInit
 .text.MX_TIM1_Init
                0x0800c3a4      0x10c build/debug/tim.o
                0x0800c3a4                MX_TIM1_Init
 .text.MX_TIM2_Init
                0x0800c4b0       0xc0 build/debug/tim.o
                0x0800c4b0                MX_TIM2_Init
 .text.prvGetNextExpireTime
                0x0800c570       0x24 build/debug/timers.o
 .text.prvInsertTimerInActiveList
                0x0800c594       0x48 build/debug/timers.o
 .text.prvCheckForValidListAndQueue
                0x0800c5dc       0x70 build/debug/timers.o
 .text.xTimerCreateTimerTask
                0x0800c64c       0x5c build/debug/timers.o
                0x0800c64c                xTimerCreateTimerTask
 .text.xTimerGenericCommand
                0x0800c6a8       0x60 build/debug/timers.o
                0x0800c6a8                xTimerGenericCommand
 .text.prvSwitchTimerLists
                0x0800c708       0x70 build/debug/timers.o
 .text.prvSampleTimeNow
                0x0800c778       0x2c build/debug/timers.o
 .text.prvProcessExpiredTimer
                0x0800c7a4       0x5c build/debug/timers.o
 .text.prvProcessTimerOrBlockTask
                0x0800c800       0x70 build/debug/timers.o
 .text.prvProcessReceivedCommands
                0x0800c870       0xe8 build/debug/timers.o
 .text.prvTimerTask
                0x0800c958       0x16 build/debug/timers.o
 *fill*         0x0800c96e        0x2 
 .text.find_or_create
                0x0800c970       0x84 build/debug/uorb.o
 .text.uorb_init
                0x0800c9f4       0x24 build/debug/uorb.o
                0x0800c9f4                uorb_init
 .text.uorb_advertise
                0x0800ca18       0x74 build/debug/uorb.o
                0x0800ca18                uorb_advertise
 .text.uorb_publish
                0x0800ca8c       0x4c build/debug/uorb.o
                0x0800ca8c                uorb_publish
 .text.uorb_subscribe
                0x0800cad8       0x88 build/debug/uorb.o
                0x0800cad8                uorb_subscribe
 .text.uorb_copy
                0x0800cb60       0x74 build/debug/uorb.o
                0x0800cb60                uorb_copy
 .text.MX_USART2_UART_Init
                0x0800cbd4       0x70 build/debug/usart.o
                0x0800cbd4                MX_USART2_UART_Init
 .text.MX_USART3_UART_Init
                0x0800cc44       0x3c build/debug/usart.o
                0x0800cc44                MX_USART3_UART_Init
 .text.HAL_UART_MspInit
                0x0800cc80      0x1fc build/debug/usart.o
                0x0800cc80                HAL_UART_MspInit
 .text._ZN6SerialC2Ev
                0x0800ce7c       0x38 build/debug/MC_Serial.o
                0x0800ce7c                Serial::Serial()
                0x0800ce7c                Serial::Serial()
 .text._ZN13PID_Increment6updateEf
                0x0800ceb4       0xa6 build/debug/StepperMotor_Loop.o
                0x0800ceb4                PID_Increment::update(float)
 *fill*         0x0800cf5a        0x2 
 .text._ZN12StepperMotorC2EP10Step_MotorP7KTH7111ffffffbP12GPIO_TypeDeft
                0x0800cf5c       0xd8 build/debug/StepperMotor_Loop.o
                0x0800cf5c                StepperMotor::StepperMotor(Step_Motor*, KTH7111*, float, float, float, float, float, float, bool, GPIO_TypeDef*, unsigned short)
                0x0800cf5c                StepperMotor::StepperMotor(Step_Motor*, KTH7111*, float, float, float, float, float, float, bool, GPIO_TypeDef*, unsigned short)
 .text._ZN7VoFA_Rx3getEPKcf
                0x0800d034       0x54 build/debug/Task_Vofa.o
                0x0800d034                VoFA_Rx::get(char const*, float)
 .text._ZN7VoFA_Rx14vofa_get_batchEPS_PPKcPfh
                0x0800d088       0x90 build/debug/Task_Vofa.o
                0x0800d088                VoFA_Rx::vofa_get_batch(VoFA_Rx*, char const**, float*, unsigned char)
 .text._ZN7VoFA_Rx5_findEPKc
                0x0800d118       0x80 build/debug/Task_Vofa.o
                0x0800d118                VoFA_Rx::_find(char const*)
 .text._ZN7VoFA_Rx5parseEv
                0x0800d198       0xb4 build/debug/Task_Vofa.o
                0x0800d198                VoFA_Rx::parse()
 .text.HAL_TIM_PeriodElapsedCallback
                0x0800d24c       0x18 build/debug/main.o
                0x0800d24c                HAL_TIM_PeriodElapsedCallback
 .text.Error_Handler
                0x0800d264        0x4 build/debug/main.o
                0x0800d264                Error_Handler
 .text.SystemClock_Config
                0x0800d268       0x80 build/debug/main.o
                0x0800d268                SystemClock_Config
 .text.main     0x0800d2e8       0x48 build/debug/main.o
                0x0800d2e8                main
 .text.Reset_Handler
                0x0800d330       0x50 build/debug/startup_stm32g071xx.o
                0x0800d330                Reset_Handler
 .text.Default_Handler
                0x0800d380        0x2 build/debug/startup_stm32g071xx.o
                0x0800d380                ADC1_COMP_IRQHandler
                0x0800d380                PVD_IRQHandler
                0x0800d380                I2C1_IRQHandler
                0x0800d380                TIM7_LPTIM2_IRQHandler
                0x0800d380                RTC_TAMP_IRQHandler
                0x0800d380                SPI1_IRQHandler
                0x0800d380                EXTI2_3_IRQHandler
                0x0800d380                I2C2_IRQHandler
                0x0800d380                TIM16_IRQHandler
                0x0800d380                EXTI4_15_IRQHandler
                0x0800d380                RCC_IRQHandler
                0x0800d380                Default_Handler
                0x0800d380                CEC_IRQHandler
                0x0800d380                TIM14_IRQHandler
                0x0800d380                EXTI0_1_IRQHandler
                0x0800d380                SPI2_IRQHandler
                0x0800d380                TIM6_DAC_LPTIM1_IRQHandler
                0x0800d380                WWDG_IRQHandler
                0x0800d380                UCPD1_2_IRQHandler
                0x0800d380                FLASH_IRQHandler
                0x0800d380                USART1_IRQHandler
 .text.__cxa_guard_acquire
                0x0800d382       0x1a /opt/arm-gnu-toolchain-14.2/bin/../lib/gcc/arm-none-eabi/14.2.1/../../../../arm-none-eabi/lib/thumb/v6-m/nofp/libstdc++_nano.a(guard.o)
                0x0800d382                __cxa_guard_acquire
 .text.__cxa_guard_release
                0x0800d39c        0x6 /opt/arm-gnu-toolchain-14.2/bin/../lib/gcc/arm-none-eabi/14.2.1/../../../../arm-none-eabi/lib/thumb/v6-m/nofp/libstdc++_nano.a(guard.o)
                0x0800d39c                __cxa_guard_release
 *fill*         0x0800d3a2        0x2 
 .text.fmodf    0x0800d3a4       0x3c /opt/arm-gnu-toolchain-14.2/bin/../lib/gcc/arm-none-eabi/14.2.1/../../../../arm-none-eabi/lib/thumb/v6-m/nofp/libm.a(libm_a-wf_fmod.o)
                0x0800d3a4                fmodf
 .text.__ieee754_fmodf
                0x0800d3e0      0x158 /opt/arm-gnu-toolchain-14.2/bin/../lib/gcc/arm-none-eabi/14.2.1/../../../../arm-none-eabi/lib/thumb/v6-m/nofp/libm.a(libm_a-ef_fmod.o)
                0x0800d3e0                __ieee754_fmodf
 .text.atof     0x0800d538        0xa /opt/arm-gnu-toolchain-14.2/bin/../lib/gcc/arm-none-eabi/14.2.1/../../../../arm-none-eabi/lib/thumb/v6-m/nofp/libc_nano.a(libc_a-atof.o)
                0x0800d538                atof
 *fill*         0x0800d542        0x2 
 .text.sulp     0x0800d544       0x30 /opt/arm-gnu-toolchain-14.2/bin/../lib/gcc/arm-none-eabi/14.2.1/../../../../arm-none-eabi/lib/thumb/v6-m/nofp/libc_nano.a(libc_a-strtod.o)
 .text._strtod_l
                0x0800d574      0xc04 /opt/arm-gnu-toolchain-14.2/bin/../lib/gcc/arm-none-eabi/14.2.1/../../../../arm-none-eabi/lib/thumb/v6-m/nofp/libc_nano.a(libc_a-strtod.o)
                0x0800d574                _strtod_l
 .text.strtod   0x0800e178       0x1c /opt/arm-gnu-toolchain-14.2/bin/../lib/gcc/arm-none-eabi/14.2.1/../../../../arm-none-eabi/lib/thumb/v6-m/nofp/libc_nano.a(libc_a-strtod.o)
                0x0800e178                strtod
 .text.strtof   0x0800e194       0xc0 /opt/arm-gnu-toolchain-14.2/bin/../lib/gcc/arm-none-eabi/14.2.1/../../../../arm-none-eabi/lib/thumb/v6-m/nofp/libc_nano.a(libc_a-strtod.o)
                0x0800e194                strtof
 .text.std      0x0800e254       0x6c /opt/arm-gnu-toolchain-14.2/bin/../lib/gcc/arm-none-eabi/14.2.1/../../../../arm-none-eabi/lib/thumb/v6-m/nofp/libc_nano.a(libc_a-findfp.o)
 .text.stdio_exit_handler
                0x0800e2c0       0x1c /opt/arm-gnu-toolchain-14.2/bin/../lib/gcc/arm-none-eabi/14.2.1/../../../../arm-none-eabi/lib/thumb/v6-m/nofp/libc_nano.a(libc_a-findfp.o)
 .text.cleanup_stdio
                0x0800e2dc       0x3c /opt/arm-gnu-toolchain-14.2/bin/../lib/gcc/arm-none-eabi/14.2.1/../../../../arm-none-eabi/lib/thumb/v6-m/nofp/libc_nano.a(libc_a-findfp.o)
 .text.global_stdio_init.part.0
                0x0800e318       0x3c /opt/arm-gnu-toolchain-14.2/bin/../lib/gcc/arm-none-eabi/14.2.1/../../../../arm-none-eabi/lib/thumb/v6-m/nofp/libc_nano.a(libc_a-findfp.o)
 .text.__sfp_lock_acquire
                0x0800e354       0x10 /opt/arm-gnu-toolchain-14.2/bin/../lib/gcc/arm-none-eabi/14.2.1/../../../../arm-none-eabi/lib/thumb/v6-m/nofp/libc_nano.a(libc_a-findfp.o)
                0x0800e354                __sfp_lock_acquire
 .text.__sfp_lock_release
                0x0800e364       0x10 /opt/arm-gnu-toolchain-14.2/bin/../lib/gcc/arm-none-eabi/14.2.1/../../../../arm-none-eabi/lib/thumb/v6-m/nofp/libc_nano.a(libc_a-findfp.o)
                0x0800e364                __sfp_lock_release
 .text.__sinit  0x0800e374       0x30 /opt/arm-gnu-toolchain-14.2/bin/../lib/gcc/arm-none-eabi/14.2.1/../../../../arm-none-eabi/lib/thumb/v6-m/nofp/libc_nano.a(libc_a-findfp.o)
                0x0800e374                __sinit
 .text._fwalk_sglue
                0x0800e3a4       0x38 /opt/arm-gnu-toolchain-14.2/bin/../lib/gcc/arm-none-eabi/14.2.1/../../../../arm-none-eabi/lib/thumb/v6-m/nofp/libc_nano.a(libc_a-fwalk.o)
                0x0800e3a4                _fwalk_sglue
 .text.sprintf  0x0800e3dc       0x44 /opt/arm-gnu-toolchain-14.2/bin/../lib/gcc/arm-none-eabi/14.2.1/../../../../arm-none-eabi/lib/thumb/v6-m/nofp/libc_nano.a(libc_a-sprintf.o)
                0x0800e3dc                sprintf
                0x0800e3dc                siprintf
 .text.__sread  0x0800e420       0x28 /opt/arm-gnu-toolchain-14.2/bin/../lib/gcc/arm-none-eabi/14.2.1/../../../../arm-none-eabi/lib/thumb/v6-m/nofp/libc_nano.a(libc_a-stdio.o)
                0x0800e420                __sread
 .text.__swrite
                0x0800e448       0x38 /opt/arm-gnu-toolchain-14.2/bin/../lib/gcc/arm-none-eabi/14.2.1/../../../../arm-none-eabi/lib/thumb/v6-m/nofp/libc_nano.a(libc_a-stdio.o)
                0x0800e448                __swrite
 .text.__sseek  0x0800e480       0x2c /opt/arm-gnu-toolchain-14.2/bin/../lib/gcc/arm-none-eabi/14.2.1/../../../../arm-none-eabi/lib/thumb/v6-m/nofp/libc_nano.a(libc_a-stdio.o)
                0x0800e480                __sseek
 .text.__sclose
                0x0800e4ac        0xc /opt/arm-gnu-toolchain-14.2/bin/../lib/gcc/arm-none-eabi/14.2.1/../../../../arm-none-eabi/lib/thumb/v6-m/nofp/libc_nano.a(libc_a-stdio.o)
                0x0800e4ac                __sclose
 .text.memmove  0x0800e4b8       0x24 /opt/arm-gnu-toolchain-14.2/bin/../lib/gcc/arm-none-eabi/14.2.1/../../../../arm-none-eabi/lib/thumb/v6-m/nofp/libc_nano.a(libc_a-memmove.o)
                0x0800e4b8                memmove
 .text.memset   0x0800e4dc       0x10 /opt/arm-gnu-toolchain-14.2/bin/../lib/gcc/arm-none-eabi/14.2.1/../../../../arm-none-eabi/lib/thumb/v6-m/nofp/libc_nano.a(libc_a-memset.o)
                0x0800e4dc                memset
 .text.strchr   0x0800e4ec       0x1c /opt/arm-gnu-toolchain-14.2/bin/../lib/gcc/arm-none-eabi/14.2.1/../../../../arm-none-eabi/lib/thumb/v6-m/nofp/libc_nano.a(libc_a-strchr.o)
                0x0800e4ec                strchr
 .text.strncmp  0x0800e508       0x22 /opt/arm-gnu-toolchain-14.2/bin/../lib/gcc/arm-none-eabi/14.2.1/../../../../arm-none-eabi/lib/thumb/v6-m/nofp/libc_nano.a(libc_a-strncmp.o)
                0x0800e508                strncmp
 .text.strncpy  0x0800e52a       0x28 /opt/arm-gnu-toolchain-14.2/bin/../lib/gcc/arm-none-eabi/14.2.1/../../../../arm-none-eabi/lib/thumb/v6-m/nofp/libc_nano.a(libc_a-strncpy.o)
                0x0800e52a                strncpy
 .text.strnlen  0x0800e552       0x16 /opt/arm-gnu-toolchain-14.2/bin/../lib/gcc/arm-none-eabi/14.2.1/../../../../arm-none-eabi/lib/thumb/v6-m/nofp/libc_nano.a(libc_a-strnlen.o)
                0x0800e552                strnlen
 .text._close_r
                0x0800e568       0x24 /opt/arm-gnu-toolchain-14.2/bin/../lib/gcc/arm-none-eabi/14.2.1/../../../../arm-none-eabi/lib/thumb/v6-m/nofp/libc_nano.a(libc_a-closer.o)
                0x0800e568                _close_r
 .text._lseek_r
                0x0800e58c       0x28 /opt/arm-gnu-toolchain-14.2/bin/../lib/gcc/arm-none-eabi/14.2.1/../../../../arm-none-eabi/lib/thumb/v6-m/nofp/libc_nano.a(libc_a-lseekr.o)
                0x0800e58c                _lseek_r
 .text._read_r  0x0800e5b4       0x28 /opt/arm-gnu-toolchain-14.2/bin/../lib/gcc/arm-none-eabi/14.2.1/../../../../arm-none-eabi/lib/thumb/v6-m/nofp/libc_nano.a(libc_a-readr.o)
                0x0800e5b4                _read_r
 .text._write_r
                0x0800e5dc       0x28 /opt/arm-gnu-toolchain-14.2/bin/../lib/gcc/arm-none-eabi/14.2.1/../../../../arm-none-eabi/lib/thumb/v6-m/nofp/libc_nano.a(libc_a-writer.o)
                0x0800e5dc                _write_r
 .text.__errno  0x0800e604        0xc /opt/arm-gnu-toolchain-14.2/bin/../lib/gcc/arm-none-eabi/14.2.1/../../../../arm-none-eabi/lib/thumb/v6-m/nofp/libc_nano.a(libc_a-errno.o)
                0x0800e604                __errno
 .text.__libc_init_array
                0x0800e610       0x48 /opt/arm-gnu-toolchain-14.2/bin/../lib/gcc/arm-none-eabi/14.2.1/../../../../arm-none-eabi/lib/thumb/v6-m/nofp/libc_nano.a(libc_a-init.o)
                0x0800e610                __libc_init_array
 .text.__retarget_lock_init_recursive
                0x0800e658        0x2 /opt/arm-gnu-toolchain-14.2/bin/../lib/gcc/arm-none-eabi/14.2.1/../../../../arm-none-eabi/lib/thumb/v6-m/nofp/libc_nano.a(libc_a-lock.o)
                0x0800e658                __retarget_lock_init_recursive
 .text.__retarget_lock_acquire_recursive
                0x0800e65a        0x2 /opt/arm-gnu-toolchain-14.2/bin/../lib/gcc/arm-none-eabi/14.2.1/../../../../arm-none-eabi/lib/thumb/v6-m/nofp/libc_nano.a(libc_a-lock.o)
                0x0800e65a                __retarget_lock_acquire_recursive
 .text.__retarget_lock_release_recursive
                0x0800e65c        0x2 /opt/arm-gnu-toolchain-14.2/bin/../lib/gcc/arm-none-eabi/14.2.1/../../../../arm-none-eabi/lib/thumb/v6-m/nofp/libc_nano.a(libc_a-lock.o)
                0x0800e65c                __retarget_lock_release_recursive
 .text.memcpy   0x0800e65e       0x12 /opt/arm-gnu-toolchain-14.2/bin/../lib/gcc/arm-none-eabi/14.2.1/../../../../arm-none-eabi/lib/thumb/v6-m/nofp/libc_nano.a(libc_a-memcpy-stub.o)
                0x0800e65e                memcpy
 .text.nan      0x0800e670        0xc /opt/arm-gnu-toolchain-14.2/bin/../lib/gcc/arm-none-eabi/14.2.1/../../../../arm-none-eabi/lib/thumb/v6-m/nofp/libc_nano.a(libm_a-s_nan.o)
                0x0800e670                nan
 .text.nanf     0x0800e67c        0x8 /opt/arm-gnu-toolchain-14.2/bin/../lib/gcc/arm-none-eabi/14.2.1/../../../../arm-none-eabi/lib/thumb/v6-m/nofp/libc_nano.a(libm_a-sf_nan.o)
                0x0800e67c                nanf
 .text._free_r  0x0800e684       0x94 /opt/arm-gnu-toolchain-14.2/bin/../lib/gcc/arm-none-eabi/14.2.1/../../../../arm-none-eabi/lib/thumb/v6-m/nofp/libc_nano.a(libc_a-freer.o)
                0x0800e684                _free_r
 .text.rshift   0x0800e718       0xa6 /opt/arm-gnu-toolchain-14.2/bin/../lib/gcc/arm-none-eabi/14.2.1/../../../../arm-none-eabi/lib/thumb/v6-m/nofp/libc_nano.a(libc_a-gdtoa-gethex.o)
 .text.__hexdig_fun
                0x0800e7be       0x2a /opt/arm-gnu-toolchain-14.2/bin/../lib/gcc/arm-none-eabi/14.2.1/../../../../arm-none-eabi/lib/thumb/v6-m/nofp/libc_nano.a(libc_a-gdtoa-gethex.o)
                0x0800e7be                __hexdig_fun
 .text.__gethex
                0x0800e7e8      0x448 /opt/arm-gnu-toolchain-14.2/bin/../lib/gcc/arm-none-eabi/14.2.1/../../../../arm-none-eabi/lib/thumb/v6-m/nofp/libc_nano.a(libc_a-gdtoa-gethex.o)
                0x0800e7e8                __gethex
 .text.L_shift  0x0800ec30       0x24 /opt/arm-gnu-toolchain-14.2/bin/../lib/gcc/arm-none-eabi/14.2.1/../../../../arm-none-eabi/lib/thumb/v6-m/nofp/libc_nano.a(libc_a-gdtoa-hexnan.o)
 .text.__match  0x0800ec54       0x28 /opt/arm-gnu-toolchain-14.2/bin/../lib/gcc/arm-none-eabi/14.2.1/../../../../arm-none-eabi/lib/thumb/v6-m/nofp/libc_nano.a(libc_a-gdtoa-hexnan.o)
                0x0800ec54                __match
 .text.__hexnan
                0x0800ec7c      0x154 /opt/arm-gnu-toolchain-14.2/bin/../lib/gcc/arm-none-eabi/14.2.1/../../../../arm-none-eabi/lib/thumb/v6-m/nofp/libc_nano.a(libc_a-gdtoa-hexnan.o)
                0x0800ec7c                __hexnan
 .text.sbrk_aligned
                0x0800edd0       0x44 /opt/arm-gnu-toolchain-14.2/bin/../lib/gcc/arm-none-eabi/14.2.1/../../../../arm-none-eabi/lib/thumb/v6-m/nofp/libc_nano.a(libc_a-mallocr.o)
 .text._malloc_r
                0x0800ee14      0x100 /opt/arm-gnu-toolchain-14.2/bin/../lib/gcc/arm-none-eabi/14.2.1/../../../../arm-none-eabi/lib/thumb/v6-m/nofp/libc_nano.a(libc_a-mallocr.o)
                0x0800ee14                _malloc_r
 .text.__ascii_mbtowc
                0x0800ef14       0x24 /opt/arm-gnu-toolchain-14.2/bin/../lib/gcc/arm-none-eabi/14.2.1/../../../../arm-none-eabi/lib/thumb/v6-m/nofp/libc_nano.a(libc_a-mbtowc_r.o)
                0x0800ef14                __ascii_mbtowc
 .text.__malloc_lock
                0x0800ef38       0x10 /opt/arm-gnu-toolchain-14.2/bin/../lib/gcc/arm-none-eabi/14.2.1/../../../../arm-none-eabi/lib/thumb/v6-m/nofp/libc_nano.a(libc_a-mlock.o)
                0x0800ef38                __malloc_lock
 .text.__malloc_unlock
                0x0800ef48       0x10 /opt/arm-gnu-toolchain-14.2/bin/../lib/gcc/arm-none-eabi/14.2.1/../../../../arm-none-eabi/lib/thumb/v6-m/nofp/libc_nano.a(libc_a-mlock.o)
                0x0800ef48                __malloc_unlock
 .text._Balloc  0x0800ef58       0x84 /opt/arm-gnu-toolchain-14.2/bin/../lib/gcc/arm-none-eabi/14.2.1/../../../../arm-none-eabi/lib/thumb/v6-m/nofp/libc_nano.a(libc_a-mprec.o)
                0x0800ef58                _Balloc
 .text._Bfree   0x0800efdc       0x48 /opt/arm-gnu-toolchain-14.2/bin/../lib/gcc/arm-none-eabi/14.2.1/../../../../arm-none-eabi/lib/thumb/v6-m/nofp/libc_nano.a(libc_a-mprec.o)
                0x0800efdc                _Bfree
 .text.__multadd
                0x0800f024       0x88 /opt/arm-gnu-toolchain-14.2/bin/../lib/gcc/arm-none-eabi/14.2.1/../../../../arm-none-eabi/lib/thumb/v6-m/nofp/libc_nano.a(libc_a-mprec.o)
                0x0800f024                __multadd
 .text.__s2b    0x0800f0ac       0x98 /opt/arm-gnu-toolchain-14.2/bin/../lib/gcc/arm-none-eabi/14.2.1/../../../../arm-none-eabi/lib/thumb/v6-m/nofp/libc_nano.a(libc_a-mprec.o)
                0x0800f0ac                __s2b
 .text.__hi0bits
                0x0800f144       0x42 /opt/arm-gnu-toolchain-14.2/bin/../lib/gcc/arm-none-eabi/14.2.1/../../../../arm-none-eabi/lib/thumb/v6-m/nofp/libc_nano.a(libc_a-mprec.o)
                0x0800f144                __hi0bits
 .text.__lo0bits
                0x0800f186       0x5c /opt/arm-gnu-toolchain-14.2/bin/../lib/gcc/arm-none-eabi/14.2.1/../../../../arm-none-eabi/lib/thumb/v6-m/nofp/libc_nano.a(libc_a-mprec.o)
                0x0800f186                __lo0bits
 *fill*         0x0800f1e2        0x2 
 .text.__i2b    0x0800f1e4       0x30 /opt/arm-gnu-toolchain-14.2/bin/../lib/gcc/arm-none-eabi/14.2.1/../../../../arm-none-eabi/lib/thumb/v6-m/nofp/libc_nano.a(libc_a-mprec.o)
                0x0800f1e4                __i2b
 .text.__multiply
                0x0800f214      0x158 /opt/arm-gnu-toolchain-14.2/bin/../lib/gcc/arm-none-eabi/14.2.1/../../../../arm-none-eabi/lib/thumb/v6-m/nofp/libc_nano.a(libc_a-mprec.o)
                0x0800f214                __multiply
 .text.__pow5mult
                0x0800f36c       0xc4 /opt/arm-gnu-toolchain-14.2/bin/../lib/gcc/arm-none-eabi/14.2.1/../../../../arm-none-eabi/lib/thumb/v6-m/nofp/libc_nano.a(libc_a-mprec.o)
                0x0800f36c                __pow5mult
 .text.__lshift
                0x0800f430       0xd8 /opt/arm-gnu-toolchain-14.2/bin/../lib/gcc/arm-none-eabi/14.2.1/../../../../arm-none-eabi/lib/thumb/v6-m/nofp/libc_nano.a(libc_a-mprec.o)
                0x0800f430                __lshift
 .text.__mcmp   0x0800f508       0x36 /opt/arm-gnu-toolchain-14.2/bin/../lib/gcc/arm-none-eabi/14.2.1/../../../../arm-none-eabi/lib/thumb/v6-m/nofp/libc_nano.a(libc_a-mprec.o)
                0x0800f508                __mcmp
 *fill*         0x0800f53e        0x2 
 .text.__mdiff  0x0800f540      0x148 /opt/arm-gnu-toolchain-14.2/bin/../lib/gcc/arm-none-eabi/14.2.1/../../../../arm-none-eabi/lib/thumb/v6-m/nofp/libc_nano.a(libc_a-mprec.o)
                0x0800f540                __mdiff
 .text.__ulp    0x0800f688       0x40 /opt/arm-gnu-toolchain-14.2/bin/../lib/gcc/arm-none-eabi/14.2.1/../../../../arm-none-eabi/lib/thumb/v6-m/nofp/libc_nano.a(libc_a-mprec.o)
                0x0800f688                __ulp
 .text.__b2d    0x0800f6c8       0x98 /opt/arm-gnu-toolchain-14.2/bin/../lib/gcc/arm-none-eabi/14.2.1/../../../../arm-none-eabi/lib/thumb/v6-m/nofp/libc_nano.a(libc_a-mprec.o)
                0x0800f6c8                __b2d
 .text.__d2b    0x0800f760       0xc0 /opt/arm-gnu-toolchain-14.2/bin/../lib/gcc/arm-none-eabi/14.2.1/../../../../arm-none-eabi/lib/thumb/v6-m/nofp/libc_nano.a(libc_a-mprec.o)
                0x0800f760                __d2b
 .text.__ratio  0x0800f820       0x54 /opt/arm-gnu-toolchain-14.2/bin/../lib/gcc/arm-none-eabi/14.2.1/../../../../arm-none-eabi/lib/thumb/v6-m/nofp/libc_nano.a(libc_a-mprec.o)
                0x0800f820                __ratio
 .text.__copybits
                0x0800f874       0x42 /opt/arm-gnu-toolchain-14.2/bin/../lib/gcc/arm-none-eabi/14.2.1/../../../../arm-none-eabi/lib/thumb/v6-m/nofp/libc_nano.a(libc_a-mprec.o)
                0x0800f874                __copybits
 .text.__any_on
                0x0800f8b6       0x46 /opt/arm-gnu-toolchain-14.2/bin/../lib/gcc/arm-none-eabi/14.2.1/../../../../arm-none-eabi/lib/thumb/v6-m/nofp/libc_nano.a(libc_a-mprec.o)
                0x0800f8b6                __any_on
 .text.__ascii_wctomb
                0x0800f8fc       0x1a /opt/arm-gnu-toolchain-14.2/bin/../lib/gcc/arm-none-eabi/14.2.1/../../../../arm-none-eabi/lib/thumb/v6-m/nofp/libc_nano.a(libc_a-wctomb_r.o)
                0x0800f8fc                __ascii_wctomb
 *fill*         0x0800f916        0x2 
 .text.__ssputs_r
                0x0800f918       0xc8 /opt/arm-gnu-toolchain-14.2/bin/../lib/gcc/arm-none-eabi/14.2.1/../../../../arm-none-eabi/lib/thumb/v6-m/nofp/libc_nano.a(libc_a-nano-svfprintf.o)
                0x0800f918                __ssputs_r
 .text._svfprintf_r
                0x0800f9e0      0x208 /opt/arm-gnu-toolchain-14.2/bin/../lib/gcc/arm-none-eabi/14.2.1/../../../../arm-none-eabi/lib/thumb/v6-m/nofp/libc_nano.a(libc_a-nano-svfprintf.o)
                0x0800f9e0                _svfprintf_r
                0x0800f9e0                _svfiprintf_r
 .text._printf_common
                0x0800fbe8       0xde /opt/arm-gnu-toolchain-14.2/bin/../lib/gcc/arm-none-eabi/14.2.1/../../../../arm-none-eabi/lib/thumb/v6-m/nofp/libc_nano.a(libc_a-nano-vfprintf_i.o)
                0x0800fbe8                _printf_common
 *fill*         0x0800fcc6        0x2 
 .text._printf_i
                0x0800fcc8      0x218 /opt/arm-gnu-toolchain-14.2/bin/../lib/gcc/arm-none-eabi/14.2.1/../../../../arm-none-eabi/lib/thumb/v6-m/nofp/libc_nano.a(libc_a-nano-vfprintf_i.o)
                0x0800fcc8                _printf_i
 .text.__sflush_r
                0x0800fee0      0x114 /opt/arm-gnu-toolchain-14.2/bin/../lib/gcc/arm-none-eabi/14.2.1/../../../../arm-none-eabi/lib/thumb/v6-m/nofp/libc_nano.a(libc_a-fflush.o)
                0x0800fee0                __sflush_r
 .text._fflush_r
                0x0800fff4       0x56 /opt/arm-gnu-toolchain-14.2/bin/../lib/gcc/arm-none-eabi/14.2.1/../../../../arm-none-eabi/lib/thumb/v6-m/nofp/libc_nano.a(libc_a-fflush.o)
                0x0800fff4                _fflush_r
 *fill*         0x0801004a        0x2 
 .text._sbrk_r  0x0801004c       0x24 /opt/arm-gnu-toolchain-14.2/bin/../lib/gcc/arm-none-eabi/14.2.1/../../../../arm-none-eabi/lib/thumb/v6-m/nofp/libc_nano.a(libc_a-sbrkr.o)
                0x0801004c                _sbrk_r
 .text.memchr   0x08010070       0x16 /opt/arm-gnu-toolchain-14.2/bin/../lib/gcc/arm-none-eabi/14.2.1/../../../../arm-none-eabi/lib/thumb/v6-m/nofp/libc_nano.a(libc_a-memchr-stub.o)
                0x08010070                memchr
 *fill*         0x08010086        0x2 
 .text.__assert_func
                0x08010088       0x3c /opt/arm-gnu-toolchain-14.2/bin/../lib/gcc/arm-none-eabi/14.2.1/../../../../arm-none-eabi/lib/thumb/v6-m/nofp/libc_nano.a(libc_a-assert.o)
                0x08010088                __assert_func
 .text._calloc_r
                0x080100c4       0x5a /opt/arm-gnu-toolchain-14.2/bin/../lib/gcc/arm-none-eabi/14.2.1/../../../../arm-none-eabi/lib/thumb/v6-m/nofp/libc_nano.a(libc_a-callocr.o)
                0x080100c4                _calloc_r
 *fill*         0x0801011e        0x2 
 .text.malloc   0x08010120       0x14 /opt/arm-gnu-toolchain-14.2/bin/../lib/gcc/arm-none-eabi/14.2.1/../../../../arm-none-eabi/lib/thumb/v6-m/nofp/libc_nano.a(libc_a-malloc.o)
                0x08010120                malloc
 .text._realloc_r
                0x08010134       0x60 /opt/arm-gnu-toolchain-14.2/bin/../lib/gcc/arm-none-eabi/14.2.1/../../../../arm-none-eabi/lib/thumb/v6-m/nofp/libc_nano.a(libc_a-reallocr.o)
                0x08010134                _realloc_r
 .text.fprintf  0x08010194       0x20 /opt/arm-gnu-toolchain-14.2/bin/../lib/gcc/arm-none-eabi/14.2.1/../../../../arm-none-eabi/lib/thumb/v6-m/nofp/libc_nano.a(libc_a-fprintf.o)
                0x08010194                fprintf
                0x08010194                fiprintf
 .text.abort    0x080101b4        0xe /opt/arm-gnu-toolchain-14.2/bin/../lib/gcc/arm-none-eabi/14.2.1/../../../../arm-none-eabi/lib/thumb/v6-m/nofp/libc_nano.a(libc_a-abort.o)
                0x080101b4                abort
 .text._malloc_usable_size_r
                0x080101c2       0x10 /opt/arm-gnu-toolchain-14.2/bin/../lib/gcc/arm-none-eabi/14.2.1/../../../../arm-none-eabi/lib/thumb/v6-m/nofp/libc_nano.a(libc_a-msizer.o)
                0x080101c2                _malloc_usable_size_r
 .text.__sfputc_r
                0x080101d2       0x2a /opt/arm-gnu-toolchain-14.2/bin/../lib/gcc/arm-none-eabi/14.2.1/../../../../arm-none-eabi/lib/thumb/v6-m/nofp/libc_nano.a(libc_a-nano-vfprintf.o)
 .text.__sfputs_r
                0x080101fc       0x24 /opt/arm-gnu-toolchain-14.2/bin/../lib/gcc/arm-none-eabi/14.2.1/../../../../arm-none-eabi/lib/thumb/v6-m/nofp/libc_nano.a(libc_a-nano-vfprintf.o)
                0x080101fc                __sfputs_r
 .text._vfprintf_r
                0x08010220      0x240 /opt/arm-gnu-toolchain-14.2/bin/../lib/gcc/arm-none-eabi/14.2.1/../../../../arm-none-eabi/lib/thumb/v6-m/nofp/libc_nano.a(libc_a-nano-vfprintf.o)
                0x08010220                _vfiprintf_r
                0x08010220                _vfprintf_r
 .text.__swbuf_r
                0x08010460       0x84 /opt/arm-gnu-toolchain-14.2/bin/../lib/gcc/arm-none-eabi/14.2.1/../../../../arm-none-eabi/lib/thumb/v6-m/nofp/libc_nano.a(libc_a-wbuf.o)
                0x08010460                __swbuf_r
 .text.__swsetup_r
                0x080104e4       0xb4 /opt/arm-gnu-toolchain-14.2/bin/../lib/gcc/arm-none-eabi/14.2.1/../../../../arm-none-eabi/lib/thumb/v6-m/nofp/libc_nano.a(libc_a-wsetup.o)
                0x080104e4                __swsetup_r
 .text._raise_r
                0x08010598       0x52 /opt/arm-gnu-toolchain-14.2/bin/../lib/gcc/arm-none-eabi/14.2.1/../../../../arm-none-eabi/lib/thumb/v6-m/nofp/libc_nano.a(libc_a-signal.o)
                0x08010598                _raise_r
 *fill*         0x080105ea        0x2 
 .text.raise    0x080105ec       0x14 /opt/arm-gnu-toolchain-14.2/bin/../lib/gcc/arm-none-eabi/14.2.1/../../../../arm-none-eabi/lib/thumb/v6-m/nofp/libc_nano.a(libc_a-signal.o)
                0x080105ec                raise
 .text._kill_r  0x08010600       0x24 /opt/arm-gnu-toolchain-14.2/bin/../lib/gcc/arm-none-eabi/14.2.1/../../../../arm-none-eabi/lib/thumb/v6-m/nofp/libc_nano.a(libc_a-signalr.o)
                0x08010600                _kill_r
 .text._getpid_r
                0x08010624        0x8 /opt/arm-gnu-toolchain-14.2/bin/../lib/gcc/arm-none-eabi/14.2.1/../../../../arm-none-eabi/lib/thumb/v6-m/nofp/libc_nano.a(libc_a-signalr.o)
                0x08010624                _getpid_r
 .text.__swhatbuf_r
                0x0801062c       0x54 /opt/arm-gnu-toolchain-14.2/bin/../lib/gcc/arm-none-eabi/14.2.1/../../../../arm-none-eabi/lib/thumb/v6-m/nofp/libc_nano.a(libc_a-makebuf.o)
                0x0801062c                __swhatbuf_r
 .text.__smakebuf_r
                0x08010680       0x72 /opt/arm-gnu-toolchain-14.2/bin/../lib/gcc/arm-none-eabi/14.2.1/../../../../arm-none-eabi/lib/thumb/v6-m/nofp/libc_nano.a(libc_a-makebuf.o)
                0x08010680                __smakebuf_r
 *fill*         0x080106f2        0x2 
 .text._fstat_r
                0x080106f4       0x24 /opt/arm-gnu-toolchain-14.2/bin/../lib/gcc/arm-none-eabi/14.2.1/../../../../arm-none-eabi/lib/thumb/v6-m/nofp/libc_nano.a(libc_a-fstatr.o)
                0x080106f4                _fstat_r
 .text._isatty_r
                0x08010718       0x24 /opt/arm-gnu-toolchain-14.2/bin/../lib/gcc/arm-none-eabi/14.2.1/../../../../arm-none-eabi/lib/thumb/v6-m/nofp/libc_nano.a(libc_a-isattyr.o)
                0x08010718                _isatty_r
 .text.__fixunssfsi
                0x0801073c       0x30 /opt/arm-gnu-toolchain-14.2/bin/../lib/gcc/arm-none-eabi/14.2.1/thumb/v6-m/nofp/libgcc.a(_fixunssfsi.o)
                0x0801073c                __aeabi_f2uiz
                0x0801073c                __fixunssfsi
 .text.__fixunsdfsi
                0x0801076c       0x3c /opt/arm-gnu-toolchain-14.2/bin/../lib/gcc/arm-none-eabi/14.2.1/thumb/v6-m/nofp/libgcc.a(_fixunsdfsi.o)
                0x0801076c                __fixunsdfsi
                0x0801076c                __aeabi_d2uiz
 .text.__fixdfdi
                0x080107a8       0x38 /opt/arm-gnu-toolchain-14.2/bin/../lib/gcc/arm-none-eabi/14.2.1/thumb/v6-m/nofp/libgcc.a(_fixdfdi.o)
                0x080107a8                __aeabi_d2lz
                0x080107a8                __fixdfdi
 .text.__fixunsdfdi
                0x080107e0       0x3c /opt/arm-gnu-toolchain-14.2/bin/../lib/gcc/arm-none-eabi/14.2.1/thumb/v6-m/nofp/libgcc.a(_fixunsdfdi.o)
                0x080107e0                __aeabi_d2ulz
                0x080107e0                __fixunsdfdi
 .text.__floatdidf
                0x0801081c       0x2c /opt/arm-gnu-toolchain-14.2/bin/../lib/gcc/arm-none-eabi/14.2.1/thumb/v6-m/nofp/libgcc.a(_floatdidf.o)
                0x0801081c                __floatdidf
                0x0801081c                __aeabi_l2d
 .text.__udivmoddi4
                0x08010848      0x198 /opt/arm-gnu-toolchain-14.2/bin/../lib/gcc/arm-none-eabi/14.2.1/thumb/v6-m/nofp/libgcc.a(_udivmoddi4.o)
                0x08010848                __udivmoddi4
 .text.__aeabi_fadd
                0x080109e0      0x41c /opt/arm-gnu-toolchain-14.2/bin/../lib/gcc/arm-none-eabi/14.2.1/thumb/v6-m/nofp/libgcc.a(addsf3.o)
                0x080109e0                __aeabi_fadd
 .text.__aeabi_fdiv
                0x08010dfc      0x22c /opt/arm-gnu-toolchain-14.2/bin/../lib/gcc/arm-none-eabi/14.2.1/thumb/v6-m/nofp/libgcc.a(divsf3.o)
                0x08010dfc                __aeabi_fdiv
 .text.__eqsf2  0x08011028       0x50 /opt/arm-gnu-toolchain-14.2/bin/../lib/gcc/arm-none-eabi/14.2.1/thumb/v6-m/nofp/libgcc.a(eqsf2.o)
                0x08011028                __nesf2
                0x08011028                __eqsf2
 .text.__gesf2  0x08011078       0x90 /opt/arm-gnu-toolchain-14.2/bin/../lib/gcc/arm-none-eabi/14.2.1/thumb/v6-m/nofp/libgcc.a(gesf2.o)
                0x08011078                __gtsf2
                0x08011078                __gesf2
 .text.__lesf2  0x08011108       0x90 /opt/arm-gnu-toolchain-14.2/bin/../lib/gcc/arm-none-eabi/14.2.1/thumb/v6-m/nofp/libgcc.a(lesf2.o)
                0x08011108                __lesf2
                0x08011108                __ltsf2
 .text.__aeabi_fmul
                0x08011198      0x2a4 /opt/arm-gnu-toolchain-14.2/bin/../lib/gcc/arm-none-eabi/14.2.1/thumb/v6-m/nofp/libgcc.a(mulsf3.o)
                0x08011198                __aeabi_fmul
 .text.__aeabi_fsub
                0x0801143c      0x484 /opt/arm-gnu-toolchain-14.2/bin/../lib/gcc/arm-none-eabi/14.2.1/thumb/v6-m/nofp/libgcc.a(subsf3.o)
                0x0801143c                __aeabi_fsub
 .text.__aeabi_fcmpun